Archive member included to satisfy reference by file (symbol)

C:/Program Files/SEGGER/SEGGER Embedded Studio for ARM 5.70a/lib/libc_v7em_fpv4_sp_d16_hard_t_le_eabi.a(libc_asm.o)
                              Output/Release/Obj/ble_app_beacon_pca10056_s140/bsp.o (__aeabi_uldivmod)
C:/Program Files/SEGGER/SEGGER Embedded Studio for ARM 5.70a/lib/libc_v7em_fpv4_sp_d16_hard_t_le_eabi.a(libc2.o)
                              Output/Release/Obj/ble_app_beacon_pca10056_s140/nrf_log_str_formatter.o (isprint)
C:/Program Files/SEGGER/SEGGER Embedded Studio for ARM 5.70a/lib/libc_v7em_fpv4_sp_d16_hard_t_le_eabi.a(libc2_asm.o)
                              Output/Release/Obj/ble_app_beacon_pca10056_s140/nrf_log_frontend.o (memcpy)
C:/Program Files/SEGGER/SEGGER Embedded Studio for ARM 5.70a/lib/libc_v7em_fpv4_sp_d16_hard_t_le_eabi.a(libvfprintf.o)
                              (__vfprintf_long)
C:/Program Files/SEGGER/SEGGER Embedded Studio for ARM 5.70a/lib/libc_v7em_fpv4_sp_d16_hard_t_le_eabi.a(libvfscanf.o)
                              (__vfscanf_long)
C:/Program Files/SEGGER/SEGGER Embedded Studio for ARM 5.70a/lib/libc_v7em_fpv4_sp_d16_hard_t_le_eabi.a(libc.o)
                              C:/Program Files/SEGGER/SEGGER Embedded Studio for ARM 5.70a/lib/libc_v7em_fpv4_sp_d16_hard_t_le_eabi.a(libc2.o) (__heap_lock)
C:/Program Files/SEGGER/SEGGER Embedded Studio for ARM 5.70a/lib/libdebugio_v7em_fpv4_sp_d16_hard_t_le_eabi.a(libdebugio.o)
                              Output/Release/Obj/ble_app_beacon_pca10056_s140/thumb_crt0.o (debug_fopen)
C:/Program Files/SEGGER/SEGGER Embedded Studio for ARM 5.70a/lib/libdebugio_v7em_fpv4_sp_d16_hard_t_le_eabi.a(do_nv_debug_operation.o)
                              C:/Program Files/SEGGER/SEGGER Embedded Studio for ARM 5.70a/lib/libdebugio_v7em_fpv4_sp_d16_hard_t_le_eabi.a(libdebugio.o) (__do_nvdebug_operation)
C:/Program Files/SEGGER/SEGGER Embedded Studio for ARM 5.70a/lib/libdebugio_v7em_fpv4_sp_d16_hard_t_le_eabi.a(mempoll_debug_operations.o)
                              (__do_debug_operation_mempoll)
C:/Program Files/SEGGER/SEGGER Embedded Studio for ARM 5.70a/lib/libm_v7em_fpv4_sp_d16_hard_t_le_eabi.a(libm_asm.o)
                              C:/Program Files/SEGGER/SEGGER Embedded Studio for ARM 5.70a/lib/libc_v7em_fpv4_sp_d16_hard_t_le_eabi.a(libc2.o) (__aeabi_dadd)
C:/Program Files/SEGGER/SEGGER Embedded Studio for ARM 5.70a/lib/libm_v7em_fpv4_sp_d16_hard_t_le_eabi.a(libm2.o)
                              C:/Program Files/SEGGER/SEGGER Embedded Studio for ARM 5.70a/lib/libc_v7em_fpv4_sp_d16_hard_t_le_eabi.a(libvfprintf.o) (frexp)

Discarded input sections

 .text          0x0000000000000000        0x0 Output/Release/Obj/ble_app_beacon_pca10056_s140/thumb_crt0.o
 .data          0x0000000000000000        0x0 Output/Release/Obj/ble_app_beacon_pca10056_s140/thumb_crt0.o
 .bss           0x0000000000000000        0x0 Output/Release/Obj/ble_app_beacon_pca10056_s140/thumb_crt0.o
 .text.__aeabi_read_tp
                0x0000000000000000        0x8 Output/Release/Obj/ble_app_beacon_pca10056_s140/thumb_crt0.o
 .text.abort    0x0000000000000000        0x2 Output/Release/Obj/ble_app_beacon_pca10056_s140/thumb_crt0.o
 .text.__assert
                0x0000000000000000        0x2 Output/Release/Obj/ble_app_beacon_pca10056_s140/thumb_crt0.o
 .text.__assert_func
                0x0000000000000000        0x2 Output/Release/Obj/ble_app_beacon_pca10056_s140/thumb_crt0.o
 .text.__aeabi_assert
                0x0000000000000000        0x2 Output/Release/Obj/ble_app_beacon_pca10056_s140/thumb_crt0.o
 .text.__sync_synchronize
                0x0000000000000000        0x2 Output/Release/Obj/ble_app_beacon_pca10056_s140/thumb_crt0.o
 .text.__getchar
                0x0000000000000000        0x4 Output/Release/Obj/ble_app_beacon_pca10056_s140/thumb_crt0.o
 .text.__putchar
                0x0000000000000000        0x4 Output/Release/Obj/ble_app_beacon_pca10056_s140/thumb_crt0.o
 .text.__open   0x0000000000000000        0x4 Output/Release/Obj/ble_app_beacon_pca10056_s140/thumb_crt0.o
 .text.__close  0x0000000000000000        0x4 Output/Release/Obj/ble_app_beacon_pca10056_s140/thumb_crt0.o
 .text.__write  0x0000000000000000        0xa Output/Release/Obj/ble_app_beacon_pca10056_s140/thumb_crt0.o
 .text.__read   0x0000000000000000        0xa Output/Release/Obj/ble_app_beacon_pca10056_s140/thumb_crt0.o
 .text.__seek   0x0000000000000000       0x1a Output/Release/Obj/ble_app_beacon_pca10056_s140/thumb_crt0.o
 .text.remove   0x0000000000000000        0x4 Output/Release/Obj/ble_app_beacon_pca10056_s140/thumb_crt0.o
 .text.rename   0x0000000000000000        0x4 Output/Release/Obj/ble_app_beacon_pca10056_s140/thumb_crt0.o
 .bss.__user_locale_name_buffer
                0x0000000000000000        0x4 Output/Release/Obj/ble_app_beacon_pca10056_s140/thumb_crt0.o
 .stack         0x0000000000000000        0x0 Output/Release/Obj/ble_app_beacon_pca10056_s140/thumb_crt0.o
 .stack_process
[...]
Memory Configuration

Name             Origin             Length             Attributes
UNPLACED_SECTIONS 0x0000000100000000 0x0000000000000000 xw
RAM1             0x0000000020000000 0x0000000000040000 xw
FLASH1           0x0000000000000000 0x0000000000100000 xw
*default*        0x0000000000000000 0xffffffffffffffff

Linker script and memory map

                0x0000000000000000                __do_debug_operation = __do_debug_operation_mempoll
                0x0000000000000000                __vfprintf = __vfprintf_long
                0x0000000000000000                __vfscanf = __vfscanf_long
                0x0000000020000000                __RAM1_segment_start__ = 0x20000000
                0x0000000020040000                __RAM1_segment_end__ = 0x20040000
                0x0000000000040000                __RAM1_segment_size__ = 0x40000
                0x0000000000000000                __FLASH1_segment_start__ = 0x0
                0x0000000000100000                __FLASH1_segment_end__ = 0x100000
                0x0000000000100000                __FLASH1_segment_size__ = 0x100000
                0x0000000000002000                __HEAPSIZE__ = 0x2000
                0x0000000000000000                __STACKSIZE_PROCESS__ = 0x0
                0x0000000000002000                __STACKSIZE__ = 0x2000
                0x0000000020000000                __reserved_ram_load_start__ = 0x20000000

.reserved_ram   0x0000000020000000     0x18d8
                0x0000000020000000                __reserved_ram_start__ = .
 *(.reserved_ram .reserved_ram.*)
                0x00000000200018d8                . = MAX (((__reserved_ram_start__ + 0x200018d8) - 0x20000000), .)
 *fill*         0x0000000020000000     0x18d8 
                0x00000000200018d8                __reserved_ram_end__ = (__reserved_ram_start__ + SIZEOF (.reserved_ram))
                0x00000000000018d8                __reserved_ram_size__ = SIZEOF (.reserved_ram)
                0x00000000200018d8                __reserved_ram_load_end__ = __reserved_ram_end__
                0x0000000000000001                . = ASSERT (((__reserved_ram_start__ == __reserved_ram_end__) || ((__reserved_ram_end__ - __RAM1_segment_start__) <= __RAM1_segment_size__)), error: .reserved_ram is too large to fit in RAM1 memory segment)
                0x00000000200018d8                __vectors_ram_load_start__ = 0x200018d8

.vectors_ram    0x00000000200018d8        0x0
                0x00000000200018d8                __vectors_ram_start__ = .
                0x00000000200018d8                __app_ram_start__ = __vectors_ram_start__
 *(.vectors_ram .vectors_ram.*)
                0x00000000200018d8                __vectors_ram_end__ = (__vectors_ram_start__ + SIZEOF (.vectors_ram))
                0x0000000000000000                __vectors_ram_size__ = SIZEOF (.vectors_ram)
                0x00000000200018d8                __vectors_ram_load_end__ = __vectors_ram_end__
                0x0000000000000001                . = ASSERT (((__vectors_ram_start__ == __vectors_ram_end__) || ((__vectors_ram_end__ - __RAM1_segment_start__) <= __RAM1_segment_size__)), error: .vectors_ram is too large to fit in RAM1 memory segment)
                0x0000000000000001                . = ASSERT ((__reserved_ram_end__ <= __vectors_ram_start__), error: section .reserved_ram overlaps absolute placed section .vectors_ram)
                0x00000000200018d8                __nrf_sections_run_load_start__ = ALIGN (__vectors_ram_end__, 0x4)

.nrf_sections_run
                0x00000000200018d8        0x0
                0x00000000200018d8                __nrf_sections_run_start__ = .
                0x00000000200018d8                __start_nrf_sections_run = __nrf_sections_run_start__
 *(.nrf_sections_run .nrf_sections_run.*)
                0x00000000200018d8                __nrf_sections_run_end__ = (__nrf_sections_run_start__ + SIZEOF (.nrf_sections_run))
                0x0000000000000000                __nrf_sections_run_size__ = SIZEOF (.nrf_sections_run)
                0x00000000200018d8                __nrf_sections_run_load_end__ = __nrf_sections_run_end__
                0x0000000000000001                . = ASSERT (((__nrf_sections_run_start__ == __nrf_sections_run_end__) || ((__nrf_sections_run_end__ - __RAM1_segment_start__) <= __RAM1_segment_size__)), error: .nrf_sections_run is too large to fit in RAM1 memory segment)
                0x0000000000000000                __reserved_flash_load_start__ = 0x0

.reserved_flash
                0x0000000000000000    0x27000
                0x0000000000000000                __reserved_flash_start__ = .
 *(.reserved_flash .reserved_flash.*)
                0x0000000000027000                . = MAX (((__reserved_flash_start__ + 0x27000) - 0x0), .)
 *fill*         0x0000000000000000    0x27000 
                0x0000000000027000                __reserved_flash_end__ = (__reserved_flash_start__ + SIZEOF (.reserved_flash))
                0x0000000000027000                __reserved_flash_size__ = SIZEOF (.reserved_flash)
                0x0000000000027000                __reserved_flash_load_end__ = __reserved_flash_end__
                0x0000000000000001                . = ASSERT (((__reserved_flash_start__ == __reserved_flash_end__) || ((__reserved_flash_end__ - __FLASH1_segment_start__) <= __FLASH1_segment_size__)), error: .reserved_flash is too large to fit in FLASH1 memory segment)
                0x0000000000027000                __vectors_load_start__ = 0x27000

.vectors        0x0000000000027000      0x200
                0x0000000000027000                __vectors_start__ = .
 *(.vectors .vectors.*)
 .vectors       0x0000000000027000      0x200 Output/Release/Obj/ble_app_beacon_pca10056_s140/ses_startup_nrf52840.o
                0x0000000000027000                _vectors
                0x0000000000027200                __vectors_end__ = (__vectors_start__ + SIZEOF (.vectors))
                0x0000000000000200                __vectors_size__ = SIZEOF (.vectors)
                0x0000000000027200                __vectors_load_end__ = __vectors_end__
                0x0000000000000001                . = ASSERT (((__vectors_start__ == __vectors_end__) || ((__vectors_end__ - __FLASH1_segment_start__) <= __FLASH1_segment_size__)), error: .vectors is too large to fit in FLASH1 memory segment)
                0x0000000000000001                . = ASSERT ((__reserved_flash_end__ <= __vectors_start__), error: section .reserved_flash overlaps absolute placed section .vectors)
                0x0000000000027200                __init_load_start__ = ALIGN (__vectors_end__, 0x4)

.init           0x0000000000027200      0x1d0
                0x0000000000027200                __init_start__ = .
 *(.init .init.*)
 .init          0x0000000000027200      0x15c Output/Release/Obj/ble_app_beacon_pca10056_s140/thumb_crt0.o
                0x0000000000027200                _start
                0x00000000000272b4                exit
 .init          0x000000000002735c       0x18 Output/Release/Obj/ble_app_beacon_pca10056_s140/ses_startup_nrf52840.o
                0x000000000002735c                NMI_Handler
                0x000000000002735e                HardFault_Handler
                0x0000000000027360                MemoryManagement_Handler
                0x0000000000027362                BusFault_Handler
                0x0000000000027364                UsageFault_Handler
                0x0000000000027366                SVC_Handler
                0x0000000000027368                DebugMon_Handler
                0x000000000002736a                PendSV_Handler
                0x000000000002736c                SysTick_Handler
                0x000000000002736e                RADIO_IRQHandler
                0x000000000002736e                PDM_IRQHandler
                0x000000000002736e                TEMP_IRQHandler
                0x000000000002736e                QDEC_IRQHandler
                0x000000000002736e                PWM1_IRQHandler
                0x000000000002736e                PWM3_IRQHandler
                0x000000000002736e                FPU_IRQHandler
                0x000000000002736e                USBD_IRQHandler
                0x000000000002736e                SPIM0_SPIS0_TWIM0_TWIS0_SPI0_TWI0_IRQHandler
                0x000000000002736e                TIMER3_IRQHandler
                0x000000000002736e                TIMER4_IRQHandler
                0x000000000002736e                CRYPTOCELL_IRQHandler
                0x000000000002736e                I2S_IRQHandler
                0x000000000002736e                QSPI_IRQHandler
                0x000000000002736e                TIMER0_IRQHandler
                0x000000000002736e                UARTE1_IRQHandler
                0x000000000002736e                Dummy_Handler
                0x000000000002736e                TIMER1_IRQHandler
                0x000000000002736e                SPIM3_IRQHandler
                0x000000000002736e                PWM2_IRQHandler
                0x000000000002736e                ECB_IRQHandler
                0x000000000002736e                SPIM1_SPIS1_TWIM1_TWIS1_SPI1_TWI1_IRQHandler
                0x000000000002736e                SAADC_IRQHandler
                0x000000000002736e                CCM_AAR_IRQHandler
                0x000000000002736e                WDT_IRQHandler
                0x000000000002736e                SWI0_EGU0_IRQHandler
                0x000000000002736e                SWI5_EGU5_IRQHandler
                0x000000000002736e                RNG_IRQHandler
                0x000000000002736e                PWM0_IRQHandler
                0x000000000002736e                SWI3_EGU3_IRQHandler
                0x000000000002736e                SWI1_EGU1_IRQHandler
                0x000000000002736e                SPIM2_SPIS2_SPI2_IRQHandler
                0x000000000002736e                NFCT_IRQHandler
                0x000000000002736e                RTC0_IRQHandler
                0x000000000002736e                MWU_IRQHandler
                0x000000000002736e                SWI4_EGU4_IRQHandler
                0x000000000002736e                COMP_LPCOMP_IRQHandler
                0x0000000000027370                nRFInitialize
 .init          0x0000000000027374       0x5c Output/Release/Obj/ble_app_beacon_pca10056_s140/ses_startup_nrf_common.o
                0x0000000000027374                Reset_Handler
                0x0000000000027378                afterInitialize
                0x000000000002739c                InitializeUserMemorySections
                0x00000000000273d0                __init_end__ = (__init_start__ + SIZEOF (.init))
                0x00000000000001d0                __init_size__ = SIZEOF (.init)
                0x00000000000273d0                __init_load_end__ = __init_end__
                0x0000000000000001                . = ASSERT (((__init_start__ == __init_end__) || ((__init_end__ - __FLASH1_segment_start__) <= __FLASH1_segment_size__)), error: .init is too large to fit in FLASH1 memory segment)
                0x00000000000273d0                __init_rodata_load_start__ = ALIGN (__init_end__, 0x4)

.init_rodata    0x00000000000273d0        0x0
                0x00000000000273d0                __init_rodata_start__ = .
 *(.init_rodata .init_rodata.*)
                0x00000000000273d0                __init_rodata_end__ = (__init_rodata_start__ + SIZEOF (.init_rodata))
                0x0000000000000000                __init_rodata_size__ = SIZEOF (.init_rodata)
                0x00000000000273d0                __init_rodata_load_end__ = __init_rodata_end__
                0x0000000000000001                . = ASSERT (((__init_rodata_start__ == __init_rodata_end__) || ((__init_rodata_end__ - __FLASH1_segment_start__) <= __FLASH1_segment_size__)), error: .init_rodata is too large to fit in FLASH1 memory segment)
                0x00000000000273d0                __text_load_start__ = ALIGN (__init_rodata_end__, 0x4)

.text           0x00000000000273d0     0x430c
                0x00000000000273d0                __text_start__ = .
 *(.text .text.* .glue_7t .glue_7 .gnu.linkonce.t.* .gcc_except_table .ARM.extab* .gnu.linkonce.armextab.*)
 .glue_7        0x00000000000273d0        0x0 linker stubs
 .glue_7t       0x00000000000273d0        0x0 linker stubs
 .text.nrf_log_backend_serial_put
                0x00000000000273d0       0xc2 Output/Release/Obj/ble_app_beacon_pca10056_s140/nrf_log_backend_serial.o
                0x00000000000273d0                nrf_log_backend_serial_put
 *fill*         0x0000000000027492        0x2 
 .text.uart_evt_handler
                0x0000000000027494        0xc Output/Release/Obj/ble_app_beacon_pca10056_s140/nrf_log_backend_uart.o
 .text.nrf_log_backend_uart_flush
                0x00000000000274a0        0x2 Output/Release/Obj/ble_app_beacon_pca10056_s140/nrf_log_backend_uart.o
 *fill*         0x00000000000274a2        0x2 
 .text.uart_init
                0x00000000000274a4       0x4c Output/Release/Obj/ble_app_beacon_pca10056_s140/nrf_log_backend_uart.o
 .text.nrf_log_backend_uart_put
                0x00000000000274f0       0x1c Output/Release/Obj/ble_app_beacon_pca10056_s140/nrf_log_backend_uart.o
 .text.serial_tx
                0x000000000002750c       0x48 Output/Release/Obj/ble_app_beacon_pca10056_s140/nrf_log_backend_uart.o
 .text.nrf_log_backend_uart_panic_set
                0x0000000000027554       0x2c Output/Release/Obj/ble_app_beacon_pca10056_s140/nrf_log_backend_uart.o
 .text.nrf_log_backend_uart_init
                0x0000000000027580        0x6 Output/Release/Obj/ble_app_beacon_pca10056_s140/nrf_log_backend_uart.o
                0x0000000000027580                nrf_log_backend_uart_init
 *fill*         0x0000000000027586        0x2 
 .text.nrf_log_default_backends_init
                0x0000000000027588       0x20 Output/Release/Obj/ble_app_beacon_pca10056_s140/nrf_log_default_backends.o
                0x0000000000027588                nrf_log_default_backends_init
 .text.invalid_packets_omit
                0x00000000000275a8       0x3a Output/Release/Obj/ble_app_beacon_pca10056_s140/nrf_log_frontend.o
 *fill*         0x00000000000275e2        0x2 
 .text.buf_prealloc
                0x00000000000275e4      0x128 Output/Release/Obj/ble_app_beacon_pca10056_s140/nrf_log_frontend.o
 .text.nrf_log_init
                0x000000000002770c       0x28 Output/Release/Obj/ble_app_beacon_pca10056_s140/nrf_log_frontend.o
                0x000000000002770c                nrf_log_init
 .text.nrf_log_module_name_get
                0x0000000000027734       0x38 Output/Release/Obj/ble_app_beacon_pca10056_s140/nrf_log_frontend.o
                0x0000000000027734                nrf_log_module_name_get
 .text.nrf_log_color_id_get
                0x000000000002776c       0x2c Output/Release/Obj/ble_app_beacon_pca10056_s140/nrf_log_frontend.o
                0x000000000002776c                nrf_log_color_id_get
 .text.log_pending_hook
                0x0000000000027798        0x2 Output/Release/Obj/ble_app_beacon_pca10056_s140/nrf_log_frontend.o
                0x0000000000027798                log_pending_hook
 *fill*         0x000000000002779a        0x2 
 .text.buffer_is_empty
                0x000000000002779c       0x14 Output/Release/Obj/ble_app_beacon_pca10056_s140/nrf_log_frontend.o
                0x000000000002779c                buffer_is_empty
 .text.nrf_log_frontend_dequeue
                0x00000000000277b0      0x208 Output/Release/Obj/ble_app_beacon_pca10056_s140/nrf_log_frontend.o
                0x00000000000277b0                nrf_log_frontend_dequeue
 .text.std_n    0x00000000000279b8       0x90 Output/Release/Obj/ble_app_beacon_pca10056_s140/nrf_log_frontend.o
 .text.nrf_log_frontend_std_0
                0x0000000000027a48        0x8 Output/Release/Obj/ble_app_beacon_pca10056_s140/nrf_log_frontend.o
                0x0000000000027a48                nrf_log_frontend_std_0
 .text.nrf_log_frontend_std_1
                0x0000000000027a50       0x12 Output/Release/Obj/ble_app_beacon_pca10056_s140/nrf_log_frontend.o
                0x0000000000027a50                nrf_log_frontend_std_1
 .text.nrf_log_frontend_std_2
                0x0000000000027a62       0x14 Output/Release/Obj/ble_app_beacon_pca10056_s140/nrf_log_frontend.o
                0x0000000000027a62                nrf_log_frontend_std_2
 *fill*         0x0000000000027a76        0x2 
 .text.nrf_log_backend_add
                0x0000000000027a78       0x44 Output/Release/Obj/ble_app_beacon_pca10056_s140/nrf_log_frontend.o
                0x0000000000027a78                nrf_log_backend_add
 .text.nrf_log_panic
                0x0000000000027abc       0x28 Output/Release/Obj/ble_app_beacon_pca10056_s140/nrf_log_frontend.o
                0x0000000000027abc                nrf_log_panic
 .text.prefix_process
                0x0000000000027ae4       0x7c Output/Release/Obj/ble_app_beacon_pca10056_s140/nrf_log_str_formatter.o
 .text.postfix_process
                0x0000000000027b60       0x44 Output/Release/Obj/ble_app_beacon_pca10056_s140/nrf_log_str_formatter.o
 .text.nrf_log_std_entry_process
                0x0000000000027ba4       0xc8 Output/Release/Obj/ble_app_beacon_pca10056_s140/nrf_log_str_formatter.o
                0x0000000000027ba4                nrf_log_std_entry_process
 .text.nrf_log_hexdump_entry_process
                0x0000000000027c6c       0xc0 Output/Release/Obj/ble_app_beacon_pca10056_s140/nrf_log_str_formatter.o
                0x0000000000027c6c                nrf_log_hexdump_entry_process
 .text.state_set
                0x0000000000027d2c       0x24 Output/Release/Obj/ble_app_beacon_pca10056_s140/app_button.o
 .text.button_get
                0x0000000000027d50       0x30 Output/Release/Obj/ble_app_beacon_pca10056_s140/app_button.o
 .text.usr_event
                0x0000000000027d80       0x20 Output/Release/Obj/ble_app_beacon_pca10056_s140/app_button.o
 .text.timer_start
                0x0000000000027da0       0x18 Output/Release/Obj/ble_app_beacon_pca10056_s140/app_button.o
 .text.gpiote_event_handler
                0x0000000000027db8       0x34 Output/Release/Obj/ble_app_beacon_pca10056_s140/app_button.o
 .text.evt_handle
                0x0000000000027dec       0xec Output/Release/Obj/ble_app_beacon_pca10056_s140/app_button.o
                0x0000000000027dec                evt_handle
 .text.detection_delay_timeout_handler
                0x0000000000027ed8       0x5c Output/Release/Obj/ble_app_beacon_pca10056_s140/app_button.o
 .text.app_button_init
                0x0000000000027f34       0xb0 Output/Release/Obj/ble_app_beacon_pca10056_s140/app_button.o
                0x0000000000027f34                app_button_init
 .text.app_button_enable
                0x0000000000027fe4       0x2c Output/Release/Obj/ble_app_beacon_pca10056_s140/app_button.o
                0x0000000000027fe4                app_button_enable
 .text.app_error_handler_bare
                0x0000000000028010       0x1a Output/Release/Obj/ble_app_beacon_pca10056_s140/app_error.o
                0x0000000000028010                app_error_handler_bare
 *fill*         0x000000000002802a        0x2 
 .text.app_error_fault_handler
                0x000000000002802c       0x6c Output/Release/Obj/ble_app_beacon_pca10056_s140/app_error_weak.o
                0x000000000002802c                app_error_fault_handler
 .text.compare_func
                0x0000000000028098       0x18 Output/Release/Obj/ble_app_beacon_pca10056_s140/app_timer2.o
 .text.get_now  0x00000000000280b0       0x38 Output/Release/Obj/ble_app_beacon_pca10056_s140/app_timer2.o
 .text.timer_req_schedule
                0x00000000000280e8       0x38 Output/Release/Obj/ble_app_beacon_pca10056_s140/app_timer2.o
 .text.timer_expire
                0x0000000000028120       0xb0 Output/Release/Obj/ble_app_beacon_pca10056_s140/app_timer2.o
 .text.app_timer_init
                0x00000000000281d0       0x64 Output/Release/Obj/ble_app_beacon_pca10056_s140/app_timer2.o
                0x00000000000281d0                app_timer_init
 .text.app_timer_create
                0x0000000000028234       0x24 Output/Release/Obj/ble_app_beacon_pca10056_s140/app_timer2.o
                0x0000000000028234                app_timer_create
 .text.app_timer_start
                0x0000000000028258       0x5c Output/Release/Obj/ble_app_beacon_pca10056_s140/app_timer2.o
                0x0000000000028258                app_timer_start
 .text.app_timer_stop
                0x00000000000282b4       0x4e Output/Release/Obj/ble_app_beacon_pca10056_s140/app_timer2.o
                0x00000000000282b4                app_timer_stop
 *fill*         0x0000000000028302        0x2 
 .text.app_timer_cnt_get
                0x0000000000028304        0xc Output/Release/Obj/ble_app_beacon_pca10056_s140/app_timer2.o
                0x0000000000028304                app_timer_cnt_get
 .text.rtc_irq  0x0000000000028310      0x1b8 Output/Release/Obj/ble_app_beacon_pca10056_s140/app_timer2.o
 .text.app_util_critical_region_enter
                0x00000000000284c8       0x48 Output/Release/Obj/ble_app_beacon_pca10056_s140/app_util_platform.o
                0x00000000000284c8                app_util_critical_region_enter
 .text.app_util_critical_region_exit
                0x0000000000028510       0x2c Output/Release/Obj/ble_app_beacon_pca10056_s140/app_util_platform.o
                0x0000000000028510                app_util_critical_region_exit
 .text.evt_pending.isra.0
                0x000000000002853c       0x1a Output/Release/Obj/ble_app_beacon_pca10056_s140/drv_rtc.o
 *fill*         0x0000000000028556        0x2 
 .text.drv_rtc_init
                0x0000000000028558       0xa4 Output/Release/Obj/ble_app_beacon_pca10056_s140/drv_rtc.o
                0x0000000000028558                drv_rtc_init
 .text.drv_rtc_start
                0x00000000000285fc        0x8 Output/Release/Obj/ble_app_beacon_pca10056_s140/drv_rtc.o
                0x00000000000285fc                drv_rtc_start
 .text.drv_rtc_stop
                0x0000000000028604        0x8 Output/Release/Obj/ble_app_beacon_pca10056_s140/drv_rtc.o
                0x0000000000028604                drv_rtc_stop
 .text.drv_rtc_compare_set
                0x000000000002860c       0x3e Output/Release/Obj/ble_app_beacon_pca10056_s140/drv_rtc.o
                0x000000000002860c                drv_rtc_compare_set
 *fill*         0x000000000002864a        0x2 
 .text.drv_rtc_windowed_compare_set
                0x000000000002864c       0xf0 Output/Release/Obj/ble_app_beacon_pca10056_s140/drv_rtc.o
                0x000000000002864c                drv_rtc_windowed_compare_set
 .text.drv_rtc_overflow_enable
                0x000000000002873c       0x10 Output/Release/Obj/ble_app_beacon_pca10056_s140/drv_rtc.o
                0x000000000002873c                drv_rtc_overflow_enable
 .text.drv_rtc_overflow_pending
                0x000000000002874c        0xa Output/Release/Obj/ble_app_beacon_pca10056_s140/drv_rtc.o
                0x000000000002874c                drv_rtc_overflow_pending
 .text.drv_rtc_compare_disable
                0x0000000000028756       0x14 Output/Release/Obj/ble_app_beacon_pca10056_s140/drv_rtc.o
                0x0000000000028756                drv_rtc_compare_disable
 .text.drv_rtc_compare_pending
                0x000000000002876a        0xc Output/Release/Obj/ble_app_beacon_pca10056_s140/drv_rtc.o
                0x000000000002876a                drv_rtc_compare_pending
 .text.drv_rtc_counter_get
                0x0000000000028776        0x8 Output/Release/Obj/ble_app_beacon_pca10056_s140/drv_rtc.o
                0x0000000000028776                drv_rtc_counter_get
 *fill*         0x000000000002877e        0x2 
 .text.drv_rtc_irq_trigger
                0x0000000000028780       0x24 Output/Release/Obj/ble_app_beacon_pca10056_s140/drv_rtc.o
                0x0000000000028780                drv_rtc_irq_trigger
 .text.RTC1_IRQHandler
                0x00000000000287a4       0x14 Output/Release/Obj/ble_app_beacon_pca10056_s140/drv_rtc.o
                0x00000000000287a4                RTC1_IRQHandler
 .text.nrf_atfifo_init
                0x00000000000287b8       0x26 Output/Release/Obj/ble_app_beacon_pca10056_s140/nrf_atfifo.o
                0x00000000000287b8                nrf_atfifo_init
 .text.nrf_atfifo_item_alloc
                0x00000000000287de       0x54 Output/Release/Obj/ble_app_beacon_pca10056_s140/nrf_atfifo.o
                0x00000000000287de                nrf_atfifo_item_alloc
 .text.nrf_atfifo_item_put
                0x0000000000028832       0x20 Output/Release/Obj/ble_app_beacon_pca10056_s140/nrf_atfifo.o
                0x0000000000028832                nrf_atfifo_item_put
 .text.nrf_atfifo_item_get
                0x0000000000028852       0x56 Output/Release/Obj/ble_app_beacon_pca10056_s140/nrf_atfifo.o
                0x0000000000028852                nrf_atfifo_item_get
 .text.nrf_atfifo_item_free
                0x00000000000288a8       0x20 Output/Release/Obj/ble_app_beacon_pca10056_s140/nrf_atfifo.o
                0x00000000000288a8                nrf_atfifo_item_free
 .text.nrf_atomic_u32_fetch_store
                0x00000000000288c8       0x16 Output/Release/Obj/ble_app_beacon_pca10056_s140/nrf_atomic.o
                0x00000000000288c8                nrf_atomic_u32_fetch_store
 .text.nrf_atomic_u32_or
                0x00000000000288de       0x18 Output/Release/Obj/ble_app_beacon_pca10056_s140/nrf_atomic.o
                0x00000000000288de                nrf_atomic_u32_or
 .text.nrf_atomic_u32_fetch_and
                0x00000000000288f6       0x18 Output/Release/Obj/ble_app_beacon_pca10056_s140/nrf_atomic.o
                0x00000000000288f6                nrf_atomic_u32_fetch_and
 .text.nrf_atomic_u32_add
                0x000000000002890e       0x18 Output/Release/Obj/ble_app_beacon_pca10056_s140/nrf_atomic.o
                0x000000000002890e                nrf_atomic_u32_add
 .text.nrf_atomic_u32_sub
                0x0000000000028926       0x18 Output/Release/Obj/ble_app_beacon_pca10056_s140/nrf_atomic.o
                0x0000000000028926                nrf_atomic_u32_sub
 .text.nrf_atomic_flag_set
                0x000000000002893e        0x6 Output/Release/Obj/ble_app_beacon_pca10056_s140/nrf_atomic.o
                0x000000000002893e                nrf_atomic_flag_set
 .text.nrf_atomic_flag_clear_fetch
                0x0000000000028944        0x6 Output/Release/Obj/ble_app_beacon_pca10056_s140/nrf_atomic.o
                0x0000000000028944                nrf_atomic_flag_clear_fetch
 .text.nrf_balloc_init
                0x000000000002894a       0x2e Output/Release/Obj/ble_app_beacon_pca10056_s140/nrf_balloc.o
                0x000000000002894a                nrf_balloc_init
 .text.nrf_balloc_alloc
                0x0000000000028978       0x48 Output/Release/Obj/ble_app_beacon_pca10056_s140/nrf_balloc.o
                0x0000000000028978                nrf_balloc_alloc
 .text.nrf_balloc_free
                0x00000000000289c0       0x34 Output/Release/Obj/ble_app_beacon_pca10056_s140/nrf_balloc.o
                0x00000000000289c0                nrf_balloc_free
 .text.nrf_fprintf_buffer_flush
                0x00000000000289f4       0x16 Output/Release/Obj/ble_app_beacon_pca10056_s140/nrf_fprintf.o
                0x00000000000289f4                nrf_fprintf_buffer_flush
 .text.nrf_fprintf
                0x0000000000028a0a       0x1c Output/Release/Obj/ble_app_beacon_pca10056_s140/nrf_fprintf.o
                0x0000000000028a0a                nrf_fprintf
 .text.buffer_add
                0x0000000000028a26       0x2e Output/Release/Obj/ble_app_beacon_pca10056_s140/nrf_fprintf_format.o
 .text.unsigned_print
                0x0000000000028a54       0xb4 Output/Release/Obj/ble_app_beacon_pca10056_s140/nrf_fprintf_format.o
 .text.nrf_fprintf_fmt
                0x0000000000028b08      0x294 Output/Release/Obj/ble_app_beacon_pca10056_s140/nrf_fprintf_format.o
                0x0000000000028b08                nrf_fprintf_fmt
 .text.memobj_op
                0x0000000000028d9c       0x86 Output/Release/Obj/ble_app_beacon_pca10056_s140/nrf_memobj.o
 .text.nrf_memobj_pool_init
                0x0000000000028e22        0x4 Output/Release/Obj/ble_app_beacon_pca10056_s140/nrf_memobj.o
                0x0000000000028e22                nrf_memobj_pool_init
 .text.nrf_memobj_free
                0x0000000000028e26       0x2c Output/Release/Obj/ble_app_beacon_pca10056_s140/nrf_memobj.o
                0x0000000000028e26                nrf_memobj_free
 .text.nrf_memobj_alloc
                0x0000000000028e52       0x5e Output/Release/Obj/ble_app_beacon_pca10056_s140/nrf_memobj.o
                0x0000000000028e52                nrf_memobj_alloc
 .text.nrf_memobj_get
                0x0000000000028eb0        0x8 Output/Release/Obj/ble_app_beacon_pca10056_s140/nrf_memobj.o
                0x0000000000028eb0                nrf_memobj_get
 .text.nrf_memobj_put
                0x0000000000028eb8       0x1c Output/Release/Obj/ble_app_beacon_pca10056_s140/nrf_memobj.o
                0x0000000000028eb8                nrf_memobj_put
 .text.nrf_memobj_write
                0x0000000000028ed4       0x14 Output/Release/Obj/ble_app_beacon_pca10056_s140/nrf_memobj.o
                0x0000000000028ed4                nrf_memobj_write
 .text.nrf_memobj_read
                0x0000000000028ee8       0x14 Output/Release/Obj/ble_app_beacon_pca10056_s140/nrf_memobj.o
                0x0000000000028ee8                nrf_memobj_read
 .text.sd_app_evt_wait
                0x0000000000028efc        0x4 Output/Release/Obj/ble_app_beacon_pca10056_s140/nrf_pwr_mgmt.o
 .text.nrf_pwr_mgmt_init
                0x0000000000028f00       0x2c Output/Release/Obj/ble_app_beacon_pca10056_s140/nrf_pwr_mgmt.o
                0x0000000000028f00                nrf_pwr_mgmt_init
 .text.nrf_pwr_mgmt_run
                0x0000000000028f2c       0x50 Output/Release/Obj/ble_app_beacon_pca10056_s140/nrf_pwr_mgmt.o
                0x0000000000028f2c                nrf_pwr_mgmt_run
 .text.nrf_ringbuf_init
                0x0000000000028f7c       0x12 Output/Release/Obj/ble_app_beacon_pca10056_s140/nrf_ringbuf.o
                0x0000000000028f7c                nrf_ringbuf_init
 .text.nrf_section_iter_init
                0x0000000000028f8e       0x14 Output/Release/Obj/ble_app_beacon_pca10056_s140/nrf_section_iter.o
                0x0000000000028f8e                nrf_section_iter_init
 .text.nrf_section_iter_next
                0x0000000000028fa2       0x18 Output/Release/Obj/ble_app_beacon_pca10056_s140/nrf_section_iter.o
                0x0000000000028fa2                nrf_section_iter_next
 .text.nrf_sortlist_add
                0x0000000000028fba       0x20 Output/Release/Obj/ble_app_beacon_pca10056_s140/nrf_sortlist.o
                0x0000000000028fba                nrf_sortlist_add
 .text.nrf_sortlist_pop
                0x0000000000028fda        0xc Output/Release/Obj/ble_app_beacon_pca10056_s140/nrf_sortlist.o
                0x0000000000028fda                nrf_sortlist_pop
 .text.nrf_sortlist_peek
                0x0000000000028fe6        0x6 Output/Release/Obj/ble_app_beacon_pca10056_s140/nrf_sortlist.o
                0x0000000000028fe6                nrf_sortlist_peek
 .text.nrf_sortlist_remove
                0x0000000000028fec       0x1a Output/Release/Obj/ble_app_beacon_pca10056_s140/nrf_sortlist.o
                0x0000000000028fec                nrf_sortlist_remove
 *fill*         0x0000000000029006        0x2 
 .text.nrf_strerror_find
                0x0000000000029008       0x3c Output/Release/Obj/ble_app_beacon_pca10056_s140/nrf_strerror.o
                0x0000000000029008                nrf_strerror_find
 .text.nrf_strerror_get
                0x0000000000029044       0x14 Output/Release/Obj/ble_app_beacon_pca10056_s140/nrf_strerror.o
                0x0000000000029044                nrf_strerror_get
 .text.nrf52_errata_36
                0x0000000000029058       0x12 Output/Release/Obj/ble_app_beacon_pca10056_s140/system_nrf52840.o
 *fill*         0x000000000002906a        0x2 
 .text.nrf52_errata_98
                0x000000000002906c       0x24 Output/Release/Obj/ble_app_beacon_pca10056_s140/system_nrf52840.o
 .text.nvmc_wait
                0x0000000000029090       0x10 Output/Release/Obj/ble_app_beacon_pca10056_s140/system_nrf52840.o
                0x0000000000029090                nvmc_wait
 .text.SystemInit
                0x00000000000290a0      0x1e8 Output/Release/Obj/ble_app_beacon_pca10056_s140/system_nrf52840.o
                0x00000000000290a0                SystemInit
 .text.bsp_board_led_state_get
                0x0000000000029288       0x28 Output/Release/Obj/ble_app_beacon_pca10056_s140/boards.o
                0x0000000000029288                bsp_board_led_state_get
 .text.bsp_board_led_on
                0x00000000000292b0       0x28 Output/Release/Obj/ble_app_beacon_pca10056_s140/boards.o
                0x00000000000292b0                bsp_board_led_on
 .text.bsp_board_led_off
                0x00000000000292d8       0x28 Output/Release/Obj/ble_app_beacon_pca10056_s140/boards.o
                0x00000000000292d8                bsp_board_led_off
 .text.bsp_board_leds_off
                0x0000000000029300       0x1e Output/Release/Obj/ble_app_beacon_pca10056_s140/boards.o
                0x0000000000029300                bsp_board_leds_off
 .text.bsp_board_leds_on
                0x000000000002931e       0x1e Output/Release/Obj/ble_app_beacon_pca10056_s140/boards.o
                0x000000000002931e                bsp_board_leds_on
 .text.bsp_board_led_invert
                0x000000000002933c       0x34 Output/Release/Obj/ble_app_beacon_pca10056_s140/boards.o
                0x000000000002933c                bsp_board_led_invert
 .text.bsp_board_pin_to_button_idx
                0x0000000000029370       0x24 Output/Release/Obj/ble_app_beacon_pca10056_s140/boards.o
                0x0000000000029370                bsp_board_pin_to_button_idx
 .text.bsp_board_init
                0x0000000000029394       0x3e Output/Release/Obj/ble_app_beacon_pca10056_s140/boards.o
                0x0000000000029394                bsp_board_init
 *fill*         0x00000000000293d2        0x2 
 .text.clock_clk_started_notify
                0x00000000000293d4       0x24 Output/Release/Obj/ble_app_beacon_pca10056_s140/nrf_drv_clock.o
 .text.clock_irq_handler
                0x00000000000293f8       0x1c Output/Release/Obj/ble_app_beacon_pca10056_s140/nrf_drv_clock.o
 .text.soc_evt_handler
                0x0000000000029414       0x14 Output/Release/Obj/ble_app_beacon_pca10056_s140/nrf_drv_clock.o
 .text.nrf_drv_clock_init
                0x0000000000029428       0x48 Output/Release/Obj/ble_app_beacon_pca10056_s140/nrf_drv_clock.o
                0x0000000000029428                nrf_drv_clock_init
 .text.nrf_drv_clock_lfclk_release
                0x0000000000029470       0x40 Output/Release/Obj/ble_app_beacon_pca10056_s140/nrf_drv_clock.o
                0x0000000000029470                nrf_drv_clock_lfclk_release
 .text.sd_state_evt_handler
                0x00000000000294b0       0x64 Output/Release/Obj/ble_app_beacon_pca10056_s140/nrf_drv_clock.o
 .text.uarte_evt_handler
                0x0000000000029514       0x34 Output/Release/Obj/ble_app_beacon_pca10056_s140/nrf_drv_uart.o
 .text.uart_evt_handler
                0x0000000000029548       0x34 Output/Release/Obj/ble_app_beacon_pca10056_s140/nrf_drv_uart.o
 .text.nrf_drv_uart_init
                0x000000000002957c       0x7c Output/Release/Obj/ble_app_beacon_pca10056_s140/nrf_drv_uart.o
                0x000000000002957c                nrf_drv_uart_init
 .text.nrf_clock_event_clear
                0x00000000000295f8       0x14 Output/Release/Obj/ble_app_beacon_pca10056_s140/nrfx_clock.o
 .text.nrfx_clock_init
                0x000000000002960c       0x18 Output/Release/Obj/ble_app_beacon_pca10056_s140/nrfx_clock.o
                0x000000000002960c                nrfx_clock_init
 .text.nrfx_clock_enable
                0x0000000000029624       0x24 Output/Release/Obj/ble_app_beacon_pca10056_s140/nrfx_clock.o
                0x0000000000029624                nrfx_clock_enable
 .text.nrfx_clock_lfclk_stop
                0x0000000000029648       0x22 Output/Release/Obj/ble_app_beacon_pca10056_s140/nrfx_clock.o
                0x0000000000029648                nrfx_clock_lfclk_stop
 *fill*         0x000000000002966a        0x2 
 .text.POWER_CLOCK_IRQHandler
                0x000000000002966c       0x50 Output/Release/Obj/ble_app_beacon_pca10056_s140/nrfx_clock.o
                0x000000000002966c                POWER_CLOCK_IRQHandler
 .text.nrf_gpiote_event_clear
                0x00000000000296bc       0x18 Output/Release/Obj/ble_app_beacon_pca10056_s140/nrfx_gpiote.o
 .text.nrf_gpio_pin_port_decode
                0x00000000000296d4       0x18 Output/Release/Obj/ble_app_beacon_pca10056_s140/nrfx_gpiote.o
 .text.nrf_gpio_cfg_sense_set
                0x00000000000296ec       0x2e Output/Release/Obj/ble_app_beacon_pca10056_s140/nrfx_gpiote.o
 *fill*         0x000000000002971a        0x2 
 .text.channel_free
                0x000000000002971c       0x1c Output/Release/Obj/ble_app_beacon_pca10056_s140/nrfx_gpiote.o
 .text.nrfx_gpiote_init
                0x0000000000029738       0x88 Output/Release/Obj/ble_app_beacon_pca10056_s140/nrfx_gpiote.o
                0x0000000000029738                nrfx_gpiote_init
 .text.nrfx_gpiote_is_init
                0x00000000000297c0       0x14 Output/Release/Obj/ble_app_beacon_pca10056_s140/nrfx_gpiote.o
                0x00000000000297c0                nrfx_gpiote_is_init
 .text.nrfx_gpiote_in_init
                0x00000000000297d4      0x100 Output/Release/Obj/ble_app_beacon_pca10056_s140/nrfx_gpiote.o
                0x00000000000297d4                nrfx_gpiote_in_init
 .text.nrfx_gpiote_in_event_enable
                0x00000000000298d4       0x9c Output/Release/Obj/ble_app_beacon_pca10056_s140/nrfx_gpiote.o
                0x00000000000298d4                nrfx_gpiote_in_event_enable
 .text.nrfx_gpiote_in_is_set
                0x0000000000029970       0x1c Output/Release/Obj/ble_app_beacon_pca10056_s140/nrfx_gpiote.o
                0x0000000000029970                nrfx_gpiote_in_is_set
 .text.GPIOTE_IRQHandler
                0x000000000002998c      0x17c Output/Release/Obj/ble_app_beacon_pca10056_s140/nrfx_gpiote.o
                0x000000000002998c                GPIOTE_IRQHandler
 .text.UARTE0_UART0_IRQHandler
                0x0000000000029b08        0xc Output/Release/Obj/ble_app_beacon_pca10056_s140/nrfx_prs.o
                0x0000000000029b08                UARTE0_UART0_IRQHandler
 .text.nrfx_prs_acquire
                0x0000000000029b14       0x44 Output/Release/Obj/ble_app_beacon_pca10056_s140/nrfx_prs.o
                0x0000000000029b14                nrfx_prs_acquire
 .text.nrfx_prs_release
                0x0000000000029b58       0x18 Output/Release/Obj/ble_app_beacon_pca10056_s140/nrfx_prs.o
                0x0000000000029b58                nrfx_prs_release
 .text.nrf_uart_event_clear
                0x0000000000029b70       0x10 Output/Release/Obj/ble_app_beacon_pca10056_s140/nrfx_uart.o
 .text.tx_byte  0x0000000000029b80       0x1e Output/Release/Obj/ble_app_beacon_pca10056_s140/nrfx_uart.o
 .text.rx_byte  0x0000000000029b9e       0x2c Output/Release/Obj/ble_app_beacon_pca10056_s140/nrfx_uart.o
 *fill*         0x0000000000029bca        0x2 
 .text.rx_done_event.constprop.0
                0x0000000000029bcc       0x20 Output/Release/Obj/ble_app_beacon_pca10056_s140/nrfx_uart.o
 .text.nrfx_uart_0_irq_handler
                0x0000000000029bec      0x140 Output/Release/Obj/ble_app_beacon_pca10056_s140/nrfx_uart.o
                0x0000000000029bec                nrfx_uart_0_irq_handler
 .text.nrf_gpio_cfg_default
                0x0000000000029d2c       0x20 Output/Release/Obj/ble_app_beacon_pca10056_s140/nrfx_uart.o
 .text.nrfx_uart_init
                0x0000000000029d4c      0x1a0 Output/Release/Obj/ble_app_beacon_pca10056_s140/nrfx_uart.o
                0x0000000000029d4c                nrfx_uart_init
 .text.nrfx_uart_uninit
                0x0000000000029eec       0xb8 Output/Release/Obj/ble_app_beacon_pca10056_s140/nrfx_uart.o
                0x0000000000029eec                nrfx_uart_uninit
 .text.nrfx_uart_tx_in_progress
                0x0000000000029fa4       0x18 Output/Release/Obj/ble_app_beacon_pca10056_s140/nrfx_uart.o
                0x0000000000029fa4                nrfx_uart_tx_in_progress
 .text.nrfx_uart_tx
                0x0000000000029fbc       0xa0 Output/Release/Obj/ble_app_beacon_pca10056_s140/nrfx_uart.o
                0x0000000000029fbc                nrfx_uart_tx
 .text.nrf_uarte_event_clear
                0x000000000002a05c       0x10 Output/Release/Obj/ble_app_beacon_pca10056_s140/nrfx_uarte.o
 .text.rx_done_event.constprop.0
                0x000000000002a06c       0x20 Output/Release/Obj/ble_app_beacon_pca10056_s140/nrfx_uarte.o
 .text.nrfx_uarte_0_irq_handler
                0x000000000002a08c      0x118 Output/Release/Obj/ble_app_beacon_pca10056_s140/nrfx_uarte.o
                0x000000000002a08c                nrfx_uarte_0_irq_handler
 .text.nrf_gpio_cfg_default
                0x000000000002a1a4       0x20 Output/Release/Obj/ble_app_beacon_pca10056_s140/nrfx_uarte.o
 .text.nrfx_uarte_init
                0x000000000002a1c4      0x1b8 Output/Release/Obj/ble_app_beacon_pca10056_s140/nrfx_uarte.o
                0x000000000002a1c4                nrfx_uarte_init
 .text.nrfx_uarte_uninit
                0x000000000002a37c      0x108 Output/Release/Obj/ble_app_beacon_pca10056_s140/nrfx_uarte.o
                0x000000000002a37c                nrfx_uarte_uninit
 .text.nrfx_uarte_tx_in_progress
                0x000000000002a484       0x18 Output/Release/Obj/ble_app_beacon_pca10056_s140/nrfx_uarte.o
                0x000000000002a484                nrfx_uarte_tx_in_progress
 .text.nrfx_uarte_tx
                0x000000000002a49c       0x9c Output/Release/Obj/ble_app_beacon_pca10056_s140/nrfx_uarte.o
                0x000000000002a49c                nrfx_uarte_tx
 .text.TIMER2_IRQHandler
                0x000000000002a538       0x54 Output/Release/Obj/ble_app_beacon_pca10056_s140/nrfx_timer.o
                0x000000000002a538                TIMER2_IRQHandler
 .text.nrf_rtc_event_clear
                0x000000000002a58c       0x10 Output/Release/Obj/ble_app_beacon_pca10056_s140/nrfx_rtc.o
 .text.RTC2_IRQHandler
                0x000000000002a59c       0x9c Output/Release/Obj/ble_app_beacon_pca10056_s140/nrfx_rtc.o
                0x000000000002a59c                RTC2_IRQHandler
 .text.alert_timer_handler
                0x000000000002a638        0x6 Output/Release/Obj/ble_app_beacon_pca10056_s140/bsp.o
 *fill*         0x000000000002a63e        0x2 
 .text.bsp_button_event_handler
                0x000000000002a640       0x9c Output/Release/Obj/ble_app_beacon_pca10056_s140/bsp.o
 .text.button_timer_handler
                0x000000000002a6dc        0x8 Output/Release/Obj/ble_app_beacon_pca10056_s140/bsp.o
 .text.leds_off
                0x000000000002a6e4       0x2c Output/Release/Obj/ble_app_beacon_pca10056_s140/bsp.o
 .text.bsp_led_indication
                0x000000000002a710      0x200 Output/Release/Obj/ble_app_beacon_pca10056_s140/bsp.o
 .text.leds_timer_handler
                0x000000000002a910       0x1c Output/Release/Obj/ble_app_beacon_pca10056_s140/bsp.o
 .text.bsp_indication_set
                0x000000000002a92c       0x18 Output/Release/Obj/ble_app_beacon_pca10056_s140/bsp.o
                0x000000000002a92c                bsp_indication_set
 .text.bsp_init
                0x000000000002a944       0x9c Output/Release/Obj/ble_app_beacon_pca10056_s140/bsp.o
                0x000000000002a944                bsp_init
 .text.sd_ble_gap_adv_set_configure
                0x000000000002a9e0        0x4 Output/Release/Obj/ble_app_beacon_pca10056_s140/main.o
 .text.sd_ble_gap_adv_start
                0x000000000002a9e4        0x4 Output/Release/Obj/ble_app_beacon_pca10056_s140/main.o
 .text.adv_update_timeout_handler
                0x000000000002a9e8       0xc8 Output/Release/Obj/ble_app_beacon_pca10056_s140/main.o
 .text.startup.main
                0x000000000002aab0      0x154 Output/Release/Obj/ble_app_beacon_pca10056_s140/main.o
                0x000000000002aab0                main
 .text.sd_ble_gap_addr_get
                0x000000000002ac04        0x4 Output/Release/Obj/ble_app_beacon_pca10056_s140/ble_advdata.o
 .text.sd_ble_gap_appearance_get
                0x000000000002ac08        0x4 Output/Release/Obj/ble_app_beacon_pca10056_s140/ble_advdata.o
 .text.sd_ble_gap_device_name_get
                0x000000000002ac0c        0x4 Output/Release/Obj/ble_app_beacon_pca10056_s140/ble_advdata.o
 .text.sd_ble_uuid_encode
                0x000000000002ac10        0x4 Output/Release/Obj/ble_app_beacon_pca10056_s140/ble_advdata.o
 .text.uuid_list_sized_encode
                0x000000000002ac14       0xac Output/Release/Obj/ble_app_beacon_pca10056_s140/ble_advdata.o
 .text.uuid_list_encode
                0x000000000002acc0       0x38 Output/Release/Obj/ble_app_beacon_pca10056_s140/ble_advdata.o
 .text.ble_advdata_encode
                0x000000000002acf8      0x394 Output/Release/Obj/ble_app_beacon_pca10056_s140/ble_advdata.o
                0x000000000002acf8                ble_advdata_encode
 .text.sd_softdevice_enable
                0x000000000002b08c        0x4 Output/Release/Obj/ble_app_beacon_pca10056_s140/nrf_sdh.o
 .text.sdh_request_observer_notify
                0x000000000002b090       0x30 Output/Release/Obj/ble_app_beacon_pca10056_s140/nrf_sdh.o
 .text.sdh_state_observer_notify
                0x000000000002b0c0       0x28 Output/Release/Obj/ble_app_beacon_pca10056_s140/nrf_sdh.o
 .text.softdevices_evt_irq_enable
                0x000000000002b0e8       0x38 Output/Release/Obj/ble_app_beacon_pca10056_s140/nrf_sdh.o
 .text.nrf_sdh_enable_request
                0x000000000002b120       0x7c Output/Release/Obj/ble_app_beacon_pca10056_s140/nrf_sdh.o
                0x000000000002b120                nrf_sdh_enable_request
 .text.nrf_sdh_is_enabled
                0x000000000002b19c        0xc Output/Release/Obj/ble_app_beacon_pca10056_s140/nrf_sdh.o
                0x000000000002b19c                nrf_sdh_is_enabled
 .text.nrf_sdh_evts_poll
                0x000000000002b1a8       0x28 Output/Release/Obj/ble_app_beacon_pca10056_s140/nrf_sdh.o
                0x000000000002b1a8                nrf_sdh_evts_poll
 .text.SWI2_EGU2_IRQHandler
                0x000000000002b1d0        0x4 Output/Release/Obj/ble_app_beacon_pca10056_s140/nrf_sdh.o
                0x000000000002b1d0                SWI2_EGU2_IRQHandler
 .text.sd_ble_enable
                0x000000000002b1d4        0x4 Output/Release/Obj/ble_app_beacon_pca10056_s140/nrf_sdh_ble.o
 .text.sd_ble_cfg_set
                0x000000000002b1d8        0x4 Output/Release/Obj/ble_app_beacon_pca10056_s140/nrf_sdh_ble.o
 .text.sd_ble_evt_get
                0x000000000002b1dc        0x4 Output/Release/Obj/ble_app_beacon_pca10056_s140/nrf_sdh_ble.o
 .text.nrf_sdh_ble_evts_poll
                0x000000000002b1e0       0x58 Output/Release/Obj/ble_app_beacon_pca10056_s140/nrf_sdh_ble.o
 .text.nrf_sdh_ble_default_cfg_set
                0x000000000002b238      0x134 Output/Release/Obj/ble_app_beacon_pca10056_s140/nrf_sdh_ble.o
                0x000000000002b238                nrf_sdh_ble_default_cfg_set
 .text.nrf_sdh_ble_enable
                0x000000000002b36c       0x98 Output/Release/Obj/ble_app_beacon_pca10056_s140/nrf_sdh_ble.o
                0x000000000002b36c                nrf_sdh_ble_enable
 .text.sd_evt_get
                0x000000000002b404        0x4 Output/Release/Obj/ble_app_beacon_pca10056_s140/nrf_sdh_soc.o
 .text.nrf_sdh_soc_evts_poll
                0x000000000002b408       0x40 Output/Release/Obj/ble_app_beacon_pca10056_s140/nrf_sdh_soc.o
 .text.libc.__int64_udivmod
                0x000000000002b448       0xce C:/Program Files/SEGGER/SEGGER Embedded Studio for ARM 5.70a/lib/libc_v7em_fpv4_sp_d16_hard_t_le_eabi.a(libc_asm.o)
                0x000000000002b448                __aeabi_uldivmod
                0x000000000002b448                __int64_udiv
                0x000000000002b448                __udivdi3
                0x000000000002b448                __int64_udivmod
 *fill*         0x000000000002b516        0x2 
 .text.libc.__RAL_ascii_isctype
                0x000000000002b518       0x1c C:/Program Files/SEGGER/SEGGER Embedded Studio for ARM 5.70a/lib/libc_v7em_fpv4_sp_d16_hard_t_le_eabi.a(libc2.o)
 .text.libc.__RAL_ascii_toupper
                0x000000000002b534        0xc C:/Program Files/SEGGER/SEGGER Embedded Studio for ARM 5.70a/lib/libc_v7em_fpv4_sp_d16_hard_t_le_eabi.a(libc2.o)
 .text.libc.__RAL_ascii_tolower
                0x000000000002b540        0xc C:/Program Files/SEGGER/SEGGER Embedded Studio for ARM 5.70a/lib/libc_v7em_fpv4_sp_d16_hard_t_le_eabi.a(libc2.o)
 .text.libc.__RAL_ascii_wctomb
                0x000000000002b54c       0x10 C:/Program Files/SEGGER/SEGGER Embedded Studio for ARM 5.70a/lib/libc_v7em_fpv4_sp_d16_hard_t_le_eabi.a(libc2.o)
                0x000000000002b54c                __RAL_ascii_wctomb
 .text.libc.__RAL_ascii_mbtowc
                0x000000000002b55c       0x24 C:/Program Files/SEGGER/SEGGER Embedded Studio for ARM 5.70a/lib/libc_v7em_fpv4_sp_d16_hard_t_le_eabi.a(libc2.o)
                0x000000000002b55c                __RAL_ascii_mbtowc
 .text.libc.__RAL_ascii_towupper
                0x000000000002b580        0xc C:/Program Files/SEGGER/SEGGER Embedded Studio for ARM 5.70a/lib/libc_v7em_fpv4_sp_d16_hard_t_le_eabi.a(libc2.o)
 .text.libc.__RAL_ascii_towlower
                0x000000000002b58c        0xc C:/Program Files/SEGGER/SEGGER Embedded Studio for ARM 5.70a/lib/libc_v7em_fpv4_sp_d16_hard_t_le_eabi.a(libc2.o)
 .text.libc.__RAL_ascii_iswctype
                0x000000000002b598       0x1c C:/Program Files/SEGGER/SEGGER Embedded Studio for ARM 5.70a/lib/libc_v7em_fpv4_sp_d16_hard_t_le_eabi.a(libc2.o)
 .text.libc.isprint
                0x000000000002b5b4       0x10 C:/Program Files/SEGGER/SEGGER Embedded Studio for ARM 5.70a/lib/libc_v7em_fpv4_sp_d16_hard_t_le_eabi.a(libc2.o)
                0x000000000002b5b4                isprint
 .text.libc.memcpy
                0x000000000002b5c4       0x52 C:/Program Files/SEGGER/SEGGER Embedded Studio for ARM 5.70a/lib/libc_v7em_fpv4_sp_d16_hard_t_le_eabi.a(libc2_asm.o)
                0x000000000002b5c4                __aeabi_memcpy
                0x000000000002b5c4                memcpy
                0x000000000002b5d0                __aeabi_memcpy8
                0x000000000002b5d0                __aeabi_memcpy4
 .text.libc.memset
                0x000000000002b616       0x66 C:/Program Files/SEGGER/SEGGER Embedded Studio for ARM 5.70a/lib/libc_v7em_fpv4_sp_d16_hard_t_le_eabi.a(libc2_asm.o)
                0x000000000002b616                memset
 .text.libc.strlen
                0x000000000002b67c       0x60 C:/Program Files/SEGGER/SEGGER Embedded Studio for ARM 5.70a/lib/libc_v7em_fpv4_sp_d16_hard_t_le_eabi.a(libc2_asm.o)
                0x000000000002b67c                strlen
                0x000000000002b6dc                . = ALIGN (MAX ((__text_start__ + 0x4), .), 0x4)
                0x000000000002b6dc                __text_end__ = (__text_start__ + SIZEOF (.text))
                0x000000000000430c                __text_size__ = SIZEOF (.text)
                0x000000000002b6dc                __text_load_end__ = __text_end__

.vfp11_veneer   0x0000000100000000        0x0
 .vfp11_veneer  0x0000000100000000        0x0 linker stubs

.v4_bx          0x0000000100000000        0x0
 .v4_bx         0x0000000100000000        0x0 linker stubs

.iplt           0x0000000100000000        0x0
 .iplt          0x0000000100000000        0x0 Output/Release/Obj/ble_app_beacon_pca10056_s140/thumb_crt0.o
                0x0000000000000001                . = ASSERT (((__text_start__ == __text_end__) || ((__text_end__ - __FLASH1_segment_start__) <= __FLASH1_segment_size__)), error: .text is too large to fit in FLASH1 memory segment)
                0x000000000002b6dc                __sdh_soc_observers_load_start__ = ALIGN (__text_end__, 0x4)

.sdh_soc_observers
                0x000000000002b6dc        0x8
                0x000000000002b6dc                __sdh_soc_observers_start__ = .
                0x000000000002b6dc                __start_sdh_soc_observers = __sdh_soc_observers_start__
 *(SORT_BY_NAME(.sdh_soc_observers*))
 .sdh_soc_observers0
                0x000000000002b6dc        0x8 Output/Release/Obj/ble_app_beacon_pca10056_s140/nrf_drv_clock.o
                0x000000000002b6e4                __sdh_soc_observers_end__ = (__sdh_soc_observers_start__ + SIZEOF (.sdh_soc_observers))
                0x0000000000000008                __sdh_soc_observers_size__ = SIZEOF (.sdh_soc_observers)
                0x000000000002b6e4                __stop_sdh_soc_observers = __sdh_soc_observers_end__
                0x000000000002b6e4                __sdh_soc_observers_load_end__ = __sdh_soc_observers_end__
                0x0000000000000001                . = ASSERT (((__sdh_soc_observers_start__ == __sdh_soc_observers_end__) || ((__sdh_soc_observers_end__ - __FLASH1_segment_start__) <= __FLASH1_segment_size__)), error: .sdh_soc_observers is too large to fit in FLASH1 memory segment)
                0x000000000002b6e4                __sdh_ble_observers_load_start__ = ALIGN (__sdh_soc_observers_end__, 0x4)

.sdh_ble_observers
                0x000000000002b6e4        0x0
                0x000000000002b6e4                __sdh_ble_observers_start__ = .
                0x000000000002b6e4                __start_sdh_ble_observers = __sdh_ble_observers_start__
 *(SORT_BY_NAME(.sdh_ble_observers*))
                0x000000000002b6e4                __sdh_ble_observers_end__ = (__sdh_ble_observers_start__ + SIZEOF (.sdh_ble_observers))
                0x0000000000000000                __sdh_ble_observers_size__ = SIZEOF (.sdh_ble_observers)
                0x000000000002b6e4                __stop_sdh_ble_observers = __sdh_ble_observers_end__
                0x000000000002b6e4                __sdh_ble_observers_load_end__ = __sdh_ble_observers_end__
                0x0000000000000001                . = ASSERT (((__sdh_ble_observers_start__ == __sdh_ble_observers_end__) || ((__sdh_ble_observers_end__ - __FLASH1_segment_start__) <= __FLASH1_segment_size__)), error: .sdh_ble_observers is too large to fit in FLASH1 memory segment)
                0x000000000002b6e4                __pwr_mgmt_data_load_start__ = ALIGN (__sdh_ble_observers_end__, 0x4)

.pwr_mgmt_data  0x000000000002b6e4        0x0
                0x000000000002b6e4                __pwr_mgmt_data_start__ = .
                0x000000000002b6e4                __start_pwr_mgmt_data = __pwr_mgmt_data_start__
 *(SORT_BY_NAME(.pwr_mgmt_data*))
                0x000000000002b6e4                __pwr_mgmt_data_end__ = (__pwr_mgmt_data_start__ + SIZEOF (.pwr_mgmt_data))
                0x0000000000000000                __pwr_mgmt_data_size__ = SIZEOF (.pwr_mgmt_data)
                0x000000000002b6e4                __stop_pwr_mgmt_data = __pwr_mgmt_data_end__
                0x000000000002b6e4                __pwr_mgmt_data_load_end__ = __pwr_mgmt_data_end__
                0x0000000000000001                . = ASSERT (((__pwr_mgmt_data_start__ == __pwr_mgmt_data_end__) || ((__pwr_mgmt_data_end__ - __FLASH1_segment_start__) <= __FLASH1_segment_size__)), error: .pwr_mgmt_data is too large to fit in FLASH1 memory segment)
                0x000000000002b6e4                __sdh_req_observers_load_start__ = ALIGN (__pwr_mgmt_data_end__, 0x4)

.sdh_req_observers
                0x000000000002b6e4        0x0
                0x000000000002b6e4                __sdh_req_observers_start__ = .
                0x000000000002b6e4                __start_sdh_req_observers = __sdh_req_observers_start__
 *(SORT_BY_NAME(.sdh_req_observers*))
                0x000000000002b6e4                __sdh_req_observers_end__ = (__sdh_req_observers_start__ + SIZEOF (.sdh_req_observers))
                0x0000000000000000                __sdh_req_observers_size__ = SIZEOF (.sdh_req_observers)
                0x000000000002b6e4                __stop_sdh_req_observers = __sdh_req_observers_end__
                0x000000000002b6e4                __sdh_req_observers_load_end__ = __sdh_req_observers_end__
                0x0000000000000001                . = ASSERT (((__sdh_req_observers_start__ == __sdh_req_observers_end__) || ((__sdh_req_observers_end__ - __FLASH1_segment_start__) <= __FLASH1_segment_size__)), error: .sdh_req_observers is too large to fit in FLASH1 memory segment)
                0x000000000002b6e4                __sdh_state_observers_load_start__ = ALIGN (__sdh_req_observers_end__, 0x4)

.sdh_state_observers
                0x000000000002b6e4        0x8
                0x000000000002b6e4                __sdh_state_observers_start__ = .
                0x000000000002b6e4                __start_sdh_state_observers = __sdh_state_observers_start__
 *(SORT_BY_NAME(.sdh_state_observers*))
 .sdh_state_observers0
                0x000000000002b6e4        0x8 Output/Release/Obj/ble_app_beacon_pca10056_s140/nrf_drv_clock.o
                0x000000000002b6ec                __sdh_state_observers_end__ = (__sdh_state_observers_start__ + SIZEOF (.sdh_state_observers))
                0x0000000000000008                __sdh_state_observers_size__ = SIZEOF (.sdh_state_observers)
                0x000000000002b6ec                __stop_sdh_state_observers = __sdh_state_observers_end__
                0x000000000002b6ec                __sdh_state_observers_load_end__ = __sdh_state_observers_end__
                0x0000000000000001                . = ASSERT (((__sdh_state_observers_start__ == __sdh_state_observers_end__) || ((__sdh_state_observers_end__ - __FLASH1_segment_start__) <= __FLASH1_segment_size__)), error: .sdh_state_observers is too large to fit in FLASH1 memory segment)
                0x000000000002b6ec                __sdh_stack_observers_load_start__ = ALIGN (__sdh_state_observers_end__, 0x4)

.sdh_stack_observers
                0x000000000002b6ec       0x10
                0x000000000002b6ec                __sdh_stack_observers_start__ = .
                0x000000000002b6ec                __start_sdh_stack_observers = __sdh_stack_observers_start__
 *(SORT_BY_NAME(.sdh_stack_observers*))
 .sdh_stack_observers0
                0x000000000002b6ec        0x8 Output/Release/Obj/ble_app_beacon_pca10056_s140/nrf_sdh_ble.o
 .sdh_stack_observers0
                0x000000000002b6f4        0x8 Output/Release/Obj/ble_app_beacon_pca10056_s140/nrf_sdh_soc.o
                0x000000000002b6fc                __sdh_stack_observers_end__ = (__sdh_stack_observers_start__ + SIZEOF (.sdh_stack_observers))
                0x0000000000000010                __sdh_stack_observers_size__ = SIZEOF (.sdh_stack_observers)
                0x000000000002b6fc                __stop_sdh_stack_observers = __sdh_stack_observers_end__
                0x000000000002b6fc                __sdh_stack_observers_load_end__ = __sdh_stack_observers_end__
                0x0000000000000001                . = ASSERT (((__sdh_stack_observers_start__ == __sdh_stack_observers_end__) || ((__sdh_stack_observers_end__ - __FLASH1_segment_start__) <= __FLASH1_segment_size__)), error: .sdh_stack_observers is too large to fit in FLASH1 memory segment)
                0x000000000002b6fc                __nrf_queue_load_start__ = ALIGN (__sdh_stack_observers_end__, 0x4)

.nrf_queue      0x000000000002b6fc        0x0
                0x000000000002b6fc                __nrf_queue_start__ = .
                0x000000000002b6fc                __start_nrf_queue = __nrf_queue_start__
 *(.nrf_queue*)
                0x000000000002b6fc                __nrf_queue_end__ = (__nrf_queue_start__ + SIZEOF (.nrf_queue))
                0x0000000000000000                __nrf_queue_size__ = SIZEOF (.nrf_queue)
                0x000000000002b6fc                __stop_nrf_queue = __nrf_queue_end__
                0x000000000002b6fc                __nrf_queue_load_end__ = __nrf_queue_end__
                0x0000000000000001                . = ASSERT (((__nrf_queue_start__ == __nrf_queue_end__) || ((__nrf_queue_end__ - __FLASH1_segment_start__) <= __FLASH1_segment_size__)), error: .nrf_queue is too large to fit in FLASH1 memory segment)
                0x000000000002b6fc                __nrf_balloc_load_start__ = ALIGN (__nrf_queue_end__, 0x4)

.nrf_balloc     0x000000000002b6fc       0x14
                0x000000000002b6fc                __nrf_balloc_start__ = .
                0x000000000002b6fc                __start_nrf_balloc = __nrf_balloc_start__
 *(.nrf_balloc*)
 .nrf_balloc    0x000000000002b6fc       0x14 Output/Release/Obj/ble_app_beacon_pca10056_s140/nrf_log_frontend.o
                0x000000000002b6fc                log_mempool
                0x000000000002b710                __nrf_balloc_end__ = (__nrf_balloc_start__ + SIZEOF (.nrf_balloc))
                0x0000000000000014                __nrf_balloc_size__ = SIZEOF (.nrf_balloc)
                0x000000000002b710                __stop_nrf_balloc = __nrf_balloc_end__
                0x000000000002b710                __nrf_balloc_load_end__ = __nrf_balloc_end__
                0x0000000000000001                . = ASSERT (((__nrf_balloc_start__ == __nrf_balloc_end__) || ((__nrf_balloc_end__ - __FLASH1_segment_start__) <= __FLASH1_segment_size__)), error: .nrf_balloc is too large to fit in FLASH1 memory segment)
                0x000000000002b710                __cli_command_load_start__ = ALIGN (__nrf_balloc_end__, 0x4)

.cli_command    0x000000000002b710        0x0
                0x000000000002b710                __cli_command_start__ = .
                0x000000000002b710                __start_cli_command = __cli_command_start__
 *(.cli_command*)
                0x000000000002b710                __cli_command_end__ = (__cli_command_start__ + SIZEOF (.cli_command))
                0x0000000000000000                __cli_command_size__ = SIZEOF (.cli_command)
                0x000000000002b710                __stop_cli_command = __cli_command_end__
                0x000000000002b710                __cli_command_load_end__ = __cli_command_end__
                0x0000000000000001                . = ASSERT (((__cli_command_start__ == __cli_command_end__) || ((__cli_command_end__ - __FLASH1_segment_start__) <= __FLASH1_segment_size__)), error: .cli_command is too large to fit in FLASH1 memory segment)
                0x000000000002b710                __crypto_data_load_start__ = ALIGN (__cli_command_end__, 0x4)

.crypto_data    0x000000000002b710        0x0
                0x000000000002b710                __crypto_data_start__ = .
                0x000000000002b710                __start_crypto_data = __crypto_data_start__
 *(SORT_BY_NAME(.crypto_data*))
                0x000000000002b710                __crypto_data_end__ = (__crypto_data_start__ + SIZEOF (.crypto_data))
                0x0000000000000000                __crypto_data_size__ = SIZEOF (.crypto_data)
                0x000000000002b710                __stop_crypto_data = __crypto_data_end__
                0x000000000002b710                __crypto_data_load_end__ = __crypto_data_end__
                0x0000000000000001                . = ASSERT (((__crypto_data_start__ == __crypto_data_end__) || ((__crypto_data_end__ - __FLASH1_segment_start__) <= __FLASH1_segment_size__)), error: .crypto_data is too large to fit in FLASH1 memory segment)
                0x000000000002b710                __log_const_data_load_start__ = ALIGN (__crypto_data_end__, 0x4)

.log_const_data
                0x000000000002b710       0x80
                0x000000000002b710                __log_const_data_start__ = .
                0x000000000002b710                __start_log_const_data = __log_const_data_start__
 *(SORT_BY_NAME(.log_const_data*))
 .log_const_data_CLOCK
                0x000000000002b710        0x8 Output/Release/Obj/ble_app_beacon_pca10056_s140/nrfx_clock.o
                0x000000000002b710                m_nrf_log_CLOCK_logs_data_const
 .log_const_data_GPIOTE
                0x000000000002b718        0x8 Output/Release/Obj/ble_app_beacon_pca10056_s140/nrfx_gpiote.o
                0x000000000002b718                m_nrf_log_GPIOTE_logs_data_const
 .log_const_data_PRS
                0x000000000002b720        0x8 Output/Release/Obj/ble_app_beacon_pca10056_s140/nrfx_prs.o
                0x000000000002b720                m_nrf_log_PRS_logs_data_const
 .log_const_data_RTC
                0x000000000002b728        0x8 Output/Release/Obj/ble_app_beacon_pca10056_s140/nrfx_rtc.o
                0x000000000002b728                m_nrf_log_RTC_logs_data_const
 .log_const_data_TIMER
                0x000000000002b730        0x8 Output/Release/Obj/ble_app_beacon_pca10056_s140/nrfx_timer.o
                0x000000000002b730                m_nrf_log_TIMER_logs_data_const
 .log_const_data_UART
                0x000000000002b738        0x8 Output/Release/Obj/ble_app_beacon_pca10056_s140/nrfx_uart.o
                0x000000000002b738                m_nrf_log_UART_logs_data_const
 .log_const_data_UARTE
                0x000000000002b740        0x8 Output/Release/Obj/ble_app_beacon_pca10056_s140/nrfx_uarte.o
                0x000000000002b740                m_nrf_log_UARTE_logs_data_const
 .log_const_data_app
                0x000000000002b748        0x8 Output/Release/Obj/ble_app_beacon_pca10056_s140/nrf_log_frontend.o
                0x000000000002b748                m_nrf_log_app_logs_data_const
 .log_const_data_app_button
                0x000000000002b750        0x8 Output/Release/Obj/ble_app_beacon_pca10056_s140/app_button.o
                0x000000000002b750                m_nrf_log_app_button_logs_data_const
 .log_const_data_app_timer
                0x000000000002b758        0x8 Output/Release/Obj/ble_app_beacon_pca10056_s140/app_timer2.o
                0x000000000002b758                m_nrf_log_app_timer_logs_data_const
 .log_const_data_clock
                0x000000000002b760        0x8 Output/Release/Obj/ble_app_beacon_pca10056_s140/nrf_drv_clock.o
                0x000000000002b760                m_nrf_log_clock_logs_data_const
 .log_const_data_nrf_sdh
                0x000000000002b768        0x8 Output/Release/Obj/ble_app_beacon_pca10056_s140/nrf_sdh.o
                0x000000000002b768                m_nrf_log_nrf_sdh_logs_data_const
 .log_const_data_nrf_sdh_ble
                0x000000000002b770        0x8 Output/Release/Obj/ble_app_beacon_pca10056_s140/nrf_sdh_ble.o
                0x000000000002b770                m_nrf_log_nrf_sdh_ble_logs_data_const
 .log_const_data_nrf_sdh_soc
                0x000000000002b778        0x8 Output/Release/Obj/ble_app_beacon_pca10056_s140/nrf_sdh_soc.o
                0x000000000002b778                m_nrf_log_nrf_sdh_soc_logs_data_const
 .log_const_data_pwr_mgmt
                0x000000000002b780        0x8 Output/Release/Obj/ble_app_beacon_pca10056_s140/nrf_pwr_mgmt.o
                0x000000000002b780                m_nrf_log_pwr_mgmt_logs_data_const
 .log_const_data_sortlist
                0x000000000002b788        0x8 Output/Release/Obj/ble_app_beacon_pca10056_s140/nrf_sortlist.o
                0x000000000002b788                m_nrf_log_sortlist_logs_data_const
                0x000000000002b790                __log_const_data_end__ = (__log_const_data_start__ + SIZEOF (.log_const_data))
                0x0000000000000080                __log_const_data_size__ = SIZEOF (.log_const_data)
                0x000000000002b790                __stop_log_const_data = __log_const_data_end__
                0x000000000002b790                __log_const_data_load_end__ = __log_const_data_end__
                0x0000000000000001                . = ASSERT (((__log_const_data_start__ == __log_const_data_end__) || ((__log_const_data_end__ - __FLASH1_segment_start__) <= __FLASH1_segment_size__)), error: .log_const_data is too large to fit in FLASH1 memory segment)
                0x000000000002b790                __log_backends_load_start__ = ALIGN (__log_const_data_end__, 0x4)

.log_backends   0x000000000002b790       0x10
                0x000000000002b790                __log_backends_start__ = .
                0x000000000002b790                __start_log_backends = __log_backends_start__
 *(SORT_BY_NAME(.log_backends*))
 .log_backends  0x000000000002b790       0x10 Output/Release/Obj/ble_app_beacon_pca10056_s140/nrf_log_default_backends.o
                0x000000000002b7a0                __log_backends_end__ = (__log_backends_start__ + SIZEOF (.log_backends))
                0x0000000000000010                __log_backends_size__ = SIZEOF (.log_backends)
                0x000000000002b7a0                __stop_log_backends = __log_backends_end__
                0x000000000002b7a0                __log_backends_load_end__ = __log_backends_end__
                0x0000000000000001                . = ASSERT (((__log_backends_start__ == __log_backends_end__) || ((__log_backends_end__ - __FLASH1_segment_start__) <= __FLASH1_segment_size__)), error: .log_backends is too large to fit in FLASH1 memory segment)
                0x000000000002b7a0                __nrf_sections_load_start__ = ALIGN (__log_backends_end__, 0x4)

.nrf_sections   0x000000000002b7a0        0x0
                0x000000000002b7a0                __nrf_sections_start__ = .
                0x000000000002b7a0                __start_nrf_sections = __nrf_sections_start__
 *(.nrf_sections .nrf_sections.*)
                0x000000000002b7a0                __nrf_sections_end__ = (__nrf_sections_start__ + SIZEOF (.nrf_sections))
                0x0000000000000000                __nrf_sections_size__ = SIZEOF (.nrf_sections)
                0x000000000002b7a0                __nrf_sections_load_end__ = __nrf_sections_end__
                0x0000000000000001                . = ASSERT (((__nrf_sections_start__ == __nrf_sections_end__) || ((__nrf_sections_end__ - __FLASH1_segment_start__) <= __FLASH1_segment_size__)), error: .nrf_sections is too large to fit in FLASH1 memory segment)
                0x000000000002b7a0                __cli_sorted_cmd_ptrs_load_start__ = ALIGN (__nrf_sections_end__, 0x4)

.cli_sorted_cmd_ptrs
                0x00000000200018d8        0x0 load address 0x000000000002b7a0
                0x00000000200018d8                __cli_sorted_cmd_ptrs_start__ = .
 *(.cli_sorted_cmd_ptrs*)
                0x00000000200018d8                __cli_sorted_cmd_ptrs_end__ = (__cli_sorted_cmd_ptrs_start__ + SIZEOF (.cli_sorted_cmd_ptrs))
                0x0000000000000000                __cli_sorted_cmd_ptrs_size__ = SIZEOF (.cli_sorted_cmd_ptrs)
                0x000000000002b7a0                __cli_sorted_cmd_ptrs_load_end__ = (__cli_sorted_cmd_ptrs_load_start__ + SIZEOF (.cli_sorted_cmd_ptrs))
                0x0000000000000001                . = ASSERT (((__cli_sorted_cmd_ptrs_load_start__ == __cli_sorted_cmd_ptrs_load_end__) || ((__cli_sorted_cmd_ptrs_load_end__ - __FLASH1_segment_start__) <= __FLASH1_segment_size__)), error: .cli_sorted_cmd_ptrs is too large to fit in FLASH1 memory segment)

.cli_sorted_cmd_ptrs_run
                0x00000000200018d8        0x0
                0x00000000200018d8                __cli_sorted_cmd_ptrs_run_start__ = .
                0x00000000200018d8                __start_cli_sorted_cmd_ptrs = __cli_sorted_cmd_ptrs_run_start__
                0x00000000200018d8                __cli_sorted_cmd_ptrs_run_end__ = (__cli_sorted_cmd_ptrs_run_start__ + SIZEOF (.cli_sorted_cmd_ptrs))
                0x0000000000000000                __cli_sorted_cmd_ptrs_run_size__ = (__cli_sorted_cmd_ptrs_run_end__ - __cli_sorted_cmd_ptrs_run_start__)
                0x00000000200018d8                __stop_cli_sorted_cmd_ptrs = __cli_sorted_cmd_ptrs_run_end__
                0x00000000200018d8                __cli_sorted_cmd_ptrs_run_load_end__ = __cli_sorted_cmd_ptrs_run_end__
                0x0000000000000001                . = ASSERT (((__cli_sorted_cmd_ptrs_run_start__ == __cli_sorted_cmd_ptrs_run_end__) || ((__cli_sorted_cmd_ptrs_run_end__ - __RAM1_segment_start__) <= __RAM1_segment_size__)), error: .cli_sorted_cmd_ptrs_run is too large to fit in RAM1 memory segment)
                0x000000000002b7a0                __fs_data_load_start__ = ALIGN ((__cli_sorted_cmd_ptrs_load_start__ + SIZEOF (.cli_sorted_cmd_ptrs)), 0x4)

.fs_data        0x00000000200018d8        0x0 load address 0x000000000002b7a0
                0x00000000200018d8                __fs_data_start__ = .
 *(.fs_data*)
                0x00000000200018d8                __fs_data_end__ = (__fs_data_start__ + SIZEOF (.fs_data))
                0x0000000000000000                __fs_data_size__ = SIZEOF (.fs_data)
                0x000000000002b7a0                __fs_data_load_end__ = (__fs_data_load_start__ + SIZEOF (.fs_data))
                0x0000000000000001                . = ASSERT (((__fs_data_load_start__ == __fs_data_load_end__) || ((__fs_data_load_end__ - __FLASH1_segment_start__) <= __FLASH1_segment_size__)), error: .fs_data is too large to fit in FLASH1 memory segment)

.fs_data_run    0x00000000200018d8        0x0
                0x00000000200018d8                __fs_data_run_start__ = .
                0x00000000200018d8                __start_fs_data = __fs_data_run_start__
                0x00000000200018d8                __fs_data_run_end__ = (__fs_data_run_start__ + SIZEOF (.fs_data))
                0x0000000000000000                __fs_data_run_size__ = (__fs_data_run_end__ - __fs_data_run_start__)
                0x00000000200018d8                __stop_fs_data = __fs_data_run_end__
                0x00000000200018d8                __fs_data_run_load_end__ = __fs_data_run_end__
                0x0000000000000001                . = ASSERT (((__fs_data_run_start__ == __fs_data_run_end__) || ((__fs_data_run_end__ - __RAM1_segment_start__) <= __RAM1_segment_size__)), error: .fs_data_run is too large to fit in RAM1 memory segment)
                0x000000000002b7a0                __log_dynamic_data_load_start__ = ALIGN ((__fs_data_load_start__ + SIZEOF (.fs_data)), 0x4)

.log_dynamic_data
                0x00000000200018d8        0x0 load address 0x000000000002b7a0
                0x00000000200018d8                __log_dynamic_data_start__ = .
 *(SORT_BY_NAME(.log_dynamic_data*))
                0x00000000200018d8                __log_dynamic_data_end__ = (__log_dynamic_data_start__ + SIZEOF (.log_dynamic_data))
                0x0000000000000000                __log_dynamic_data_size__ = SIZEOF (.log_dynamic_data)
                0x000000000002b7a0                __log_dynamic_data_load_end__ = (__log_dynamic_data_load_start__ + SIZEOF (.log_dynamic_data))
                0x0000000000000001                . = ASSERT (((__log_dynamic_data_load_start__ == __log_dynamic_data_load_end__) || ((__log_dynamic_data_load_end__ - __FLASH1_segment_start__) <= __FLASH1_segment_size__)), error: .log_dynamic_data is too large to fit in FLASH1 memory segment)

.log_dynamic_data_run
                0x00000000200018d8        0x0
                0x00000000200018d8                __log_dynamic_data_run_start__ = .
                0x00000000200018d8                __start_log_dynamic_data = __log_dynamic_data_run_start__
                0x00000000200018d8                __log_dynamic_data_run_end__ = (__log_dynamic_data_run_start__ + SIZEOF (.log_dynamic_data))
                0x0000000000000000                __log_dynamic_data_run_size__ = (__log_dynamic_data_run_end__ - __log_dynamic_data_run_start__)
                0x00000000200018d8                __stop_log_dynamic_data = __log_dynamic_data_run_end__
                0x00000000200018d8                __log_dynamic_data_run_load_end__ = __log_dynamic_data_run_end__
                0x0000000000000001                . = ASSERT (((__log_dynamic_data_run_start__ == __log_dynamic_data_run_end__) || ((__log_dynamic_data_run_end__ - __RAM1_segment_start__) <= __RAM1_segment_size__)), error: .log_dynamic_data_run is too large to fit in RAM1 memory segment)
                0x000000000002b7a0                __log_filter_data_load_start__ = ALIGN ((__log_dynamic_data_load_start__ + SIZEOF (.log_dynamic_data)), 0x4)

.log_filter_data
                0x00000000200018d8        0x0 load address 0x000000000002b7a0
                0x00000000200018d8                __log_filter_data_start__ = .
 *(SORT_BY_NAME(.log_filter_data*))
                0x00000000200018d8                __log_filter_data_end__ = (__log_filter_data_start__ + SIZEOF (.log_filter_data))
                0x0000000000000000                __log_filter_data_size__ = SIZEOF (.log_filter_data)
                0x000000000002b7a0                __log_filter_data_load_end__ = (__log_filter_data_load_start__ + SIZEOF (.log_filter_data))
                0x0000000000000001                . = ASSERT (((__log_filter_data_load_start__ == __log_filter_data_load_end__) || ((__log_filter_data_load_end__ - __FLASH1_segment_start__) <= __FLASH1_segment_size__)), error: .log_filter_data is too large to fit in FLASH1 memory segment)

.log_filter_data_run
                0x00000000200018d8        0x0
                0x00000000200018d8                __log_filter_data_run_start__ = .
                0x00000000200018d8                __start_log_filter_data = __log_filter_data_run_start__
                0x00000000200018d8                __log_filter_data_run_end__ = (__log_filter_data_run_start__ + SIZEOF (.log_filter_data))
                0x0000000000000000                __log_filter_data_run_size__ = (__log_filter_data_run_end__ - __log_filter_data_run_start__)
                0x00000000200018d8                __stop_log_filter_data = __log_filter_data_run_end__
                0x00000000200018d8                __log_filter_data_run_load_end__ = __log_filter_data_run_end__
                0x0000000000000001                . = ASSERT (((__log_filter_data_run_start__ == __log_filter_data_run_end__) || ((__log_filter_data_run_end__ - __RAM1_segment_start__) <= __RAM1_segment_size__)), error: .log_filter_data_run is too large to fit in RAM1 memory segment)
                0x00000000200018d8                __nrf_sections_run_end_load_start__ = ALIGN (__log_filter_data_run_end__, 0x4)

.nrf_sections_run_end
                0x00000000200018d8        0x0
                0x00000000200018d8                __nrf_sections_run_end_start__ = .
                0x00000000200018d8                __end_nrf_sections_run = __nrf_sections_run_end_start__
 *(.nrf_sections_run_end .nrf_sections_run_end.*)
                0x00000000200018d8                __nrf_sections_run_end_end__ = (__nrf_sections_run_end_start__ + SIZEOF (.nrf_sections_run_end))
                0x0000000000000000                __nrf_sections_run_end_size__ = SIZEOF (.nrf_sections_run_end)
                0x00000000200018d8                __nrf_sections_run_end_load_end__ = __nrf_sections_run_end_end__
                0x0000000000000001                . = ASSERT (((__nrf_sections_run_end_start__ == __nrf_sections_run_end_end__) || ((__nrf_sections_run_end_end__ - __RAM1_segment_start__) <= __RAM1_segment_size__)), error: .nrf_sections_run_end is too large to fit in RAM1 memory segment)
                0x000000000002b7a0                __dtors_load_start__ = ALIGN ((__log_filter_data_load_start__ + SIZEOF (.log_filter_data)), 0x4)

.dtors          0x000000000002b7a0        0x0
                0x000000000002b7a0                __dtors_start__ = .
 *(SORT_BY_NAME(.dtors.*))
 *(.dtors)
 *(.fini_array)
 *(SORT_BY_NAME(.fini_array.*))
                0x000000000002b7a0                __dtors_end__ = (__dtors_start__ + SIZEOF (.dtors))
                0x0000000000000000                __dtors_size__ = SIZEOF (.dtors)
                0x000000000002b7a0                __dtors_load_end__ = __dtors_end__
                0x0000000000000001                . = ASSERT (((__dtors_start__ == __dtors_end__) || ((__dtors_end__ - __FLASH1_segment_start__) <= __FLASH1_segment_size__)), error: .dtors is too large to fit in FLASH1 memory segment)
                0x000000000002b7a0                __ctors_load_start__ = ALIGN (__dtors_end__, 0x4)

.ctors          0x000000000002b7a0        0x0
                0x000000000002b7a0                __ctors_start__ = .
 *(SORT_BY_NAME(.ctors.*))
 *(.ctors)
 *(.init_array)
 *(SORT_BY_NAME(.init_array.*))
                0x000000000002b7a0                __ctors_end__ = (__ctors_start__ + SIZEOF (.ctors))
                0x0000000000000000                __ctors_size__ = SIZEOF (.ctors)
                0x000000000002b7a0                __ctors_load_end__ = __ctors_end__
                0x0000000000000001                . = ASSERT (((__ctors_start__ == __ctors_end__) || ((__ctors_end__ - __FLASH1_segment_start__) <= __FLASH1_segment_size__)), error: .ctors is too large to fit in FLASH1 memory segment)
                0x000000000002b7a0                __rodata_load_start__ = ALIGN (__ctors_end__, 0x4)

.rodata         0x000000000002b7a0      0xc68
                0x000000000002b7a0                __rodata_start__ = .
 *(.rodata .rodata.* .gnu.linkonce.r.*)
 .rodata        0x000000000002b7a0       0x20 Output/Release/Obj/ble_app_beacon_pca10056_s140/nrf_log_backend_uart.o
 .rodata.nrf_log_backend_uart_api
                0x000000000002b7c0        0xc Output/Release/Obj/ble_app_beacon_pca10056_s140/nrf_log_backend_uart.o
                0x000000000002b7c0                nrf_log_backend_uart_api
 .rodata.str1.1
                0x000000000002b7cc       0x11 Output/Release/Obj/ble_app_beacon_pca10056_s140/nrf_log_default_backends.o
 .rodata.nrf_log_frontend_dequeue.str1.1
                0x000000000002b7dd       0x11 Output/Release/Obj/ble_app_beacon_pca10056_s140/nrf_log_frontend.o
 .rodata.str1.1
                0x000000000002b7ee        0x4 Output/Release/Obj/ble_app_beacon_pca10056_s140/nrf_log_frontend.o
 *fill*         0x000000000002b7f2        0x2 
 .rodata.m_log_push_ringbuf
                0x000000000002b7f4        0xc Output/Release/Obj/ble_app_beacon_pca10056_s140/nrf_log_frontend.o
 .rodata.prefix_process.str1.1
                0x000000000002b800       0x32 Output/Release/Obj/ble_app_beacon_pca10056_s140/nrf_log_str_formatter.o
 .rodata.postfix_process.str1.1
                0x000000000002b832       0x32 Output/Release/Obj/ble_app_beacon_pca10056_s140/nrf_log_str_formatter.o
                                          0x3 (size before relaxing)
 .rodata.nrf_log_hexdump_entry_process.str1.1
                0x000000000002b832        0xf Output/Release/Obj/ble_app_beacon_pca10056_s140/nrf_log_str_formatter.o
                                         0x11 (size before relaxing)
 .rodata.str1.1
                0x000000000002b841       0x4b Output/Release/Obj/ble_app_beacon_pca10056_s140/nrf_log_str_formatter.o
                                         0x51 (size before relaxing)
 .rodata.m_colors
                0x000000000002b88c       0x24 Output/Release/Obj/ble_app_beacon_pca10056_s140/nrf_log_str_formatter.o
 .rodata.severity_names
                0x000000000002b8b0       0x14 Output/Release/Obj/ble_app_beacon_pca10056_s140/nrf_log_str_formatter.o
 .rodata.str1.1
                0x000000000002b8c4        0xb Output/Release/Obj/ble_app_beacon_pca10056_s140/app_button.o
 *fill*         0x000000000002b8cf        0x1 
 .rodata.m_detection_delay_timer_id
                0x000000000002b8d0        0x4 Output/Release/Obj/ble_app_beacon_pca10056_s140/app_button.o
 .rodata.app_error_fault_handler.str1.1
                0x000000000002b8d4       0x19 Output/Release/Obj/ble_app_beacon_pca10056_s140/app_error_weak.o
 .rodata.str1.1
                0x000000000002b8ed        0xa Output/Release/Obj/ble_app_beacon_pca10056_s140/app_timer2.o
 *fill*         0x000000000002b8f7        0x1 
 .rodata        0x000000000002b8f8        0x4 Output/Release/Obj/ble_app_beacon_pca10056_s140/app_timer2.o
 .rodata.m_app_timer_sortlist
                0x000000000002b8fc        0xc Output/Release/Obj/ble_app_beacon_pca10056_s140/app_timer2.o
 .rodata.drv_rtc_init.str1.1
                0x000000000002b908       0x34 Output/Release/Obj/ble_app_beacon_pca10056_s140/drv_rtc.o
 *fill*         0x000000000002b93c        0x4 
 .rodata.delay_machine_code.0
                0x000000000002b940        0x6 Output/Release/Obj/ble_app_beacon_pca10056_s140/drv_rtc.o
 .rodata._aV2C.0
                0x000000000002b946       0x10 Output/Release/Obj/ble_app_beacon_pca10056_s140/nrf_fprintf_format.o
 .rodata.str1.1
                0x000000000002b956        0x9 Output/Release/Obj/ble_app_beacon_pca10056_s140/nrf_pwr_mgmt.o
 *fill*         0x000000000002b95f        0x1 
 .rodata.pwr_mgmt_data
                0x000000000002b960        0xc Output/Release/Obj/ble_app_beacon_pca10056_s140/nrf_pwr_mgmt.o
 .rodata.str1.1
                0x000000000002b96c        0x9 Output/Release/Obj/ble_app_beacon_pca10056_s140/nrf_sortlist.o
 .rodata.str1.1
                0x000000000002b975      0x3ba Output/Release/Obj/ble_app_beacon_pca10056_s140/nrf_strerror.o
 .rodata.m_unknown_str
                0x000000000002bd2f       0x13 Output/Release/Obj/ble_app_beacon_pca10056_s140/nrf_strerror.o
 *fill*         0x000000000002bd42        0x2 
 .rodata.nrf_strerror_array
                0x000000000002bd44      0x128 Output/Release/Obj/ble_app_beacon_pca10056_s140/nrf_strerror.o
 .rodata.CSWTCH.15
                0x000000000002be6c        0x6 Output/Release/Obj/ble_app_beacon_pca10056_s140/system_nrf52840.o
 .rodata.CSWTCH.6
                0x000000000002be72        0x6 Output/Release/Obj/ble_app_beacon_pca10056_s140/system_nrf52840.o
 .rodata.m_board_led_list
                0x000000000002be78        0x4 Output/Release/Obj/ble_app_beacon_pca10056_s140/boards.o
 .rodata.str1.1
                0x000000000002be7c        0x6 Output/Release/Obj/ble_app_beacon_pca10056_s140/nrf_drv_clock.o
 .rodata.str1.1
                0x000000000002be82        0x6 Output/Release/Obj/ble_app_beacon_pca10056_s140/nrfx_clock.o
 .rodata.str1.1
                0x000000000002be88        0x7 Output/Release/Obj/ble_app_beacon_pca10056_s140/nrfx_gpiote.o
 .rodata.str1.1
                0x000000000002be8f        0x4 Output/Release/Obj/ble_app_beacon_pca10056_s140/nrfx_prs.o
 .rodata.str1.1
                0x000000000002be93        0x5 Output/Release/Obj/ble_app_beacon_pca10056_s140/nrfx_uart.o
 .rodata.str1.1
                0x000000000002be98        0x6 Output/Release/Obj/ble_app_beacon_pca10056_s140/nrfx_uarte.o
 .rodata.str1.1
                0x000000000002be9e        0x6 Output/Release/Obj/ble_app_beacon_pca10056_s140/nrfx_timer.o
 .rodata.str1.1
                0x000000000002bea4        0x4 Output/Release/Obj/ble_app_beacon_pca10056_s140/nrfx_rtc.o
 .rodata.app_buttons
                0x000000000002bea8       0x20 Output/Release/Obj/ble_app_beacon_pca10056_s140/bsp.o
 .rodata.m_bsp_alert_tmr
                0x000000000002bec8        0x4 Output/Release/Obj/ble_app_beacon_pca10056_s140/bsp.o
 .rodata.m_bsp_button_tmr
                0x000000000002becc        0x4 Output/Release/Obj/ble_app_beacon_pca10056_s140/bsp.o
 .rodata.m_bsp_leds_tmr
                0x000000000002bed0        0x4 Output/Release/Obj/ble_app_beacon_pca10056_s140/bsp.o
 .rodata.adv_update_timeout_handler.str1.1
                0x000000000002bed4       0x52 Output/Release/Obj/ble_app_beacon_pca10056_s140/main.o
 .rodata.main.str1.1
                0x000000000002bf26       0x11 Output/Release/Obj/ble_app_beacon_pca10056_s140/main.o
 *fill*         0x000000000002bf37        0x1 
 .rodata.m_adv_update_timer_id
                0x000000000002bf38        0x4 Output/Release/Obj/ble_app_beacon_pca10056_s140/main.o
 .rodata.str1.1
                0x000000000002bf3c        0x8 Output/Release/Obj/ble_app_beacon_pca10056_s140/nrf_sdh.o
 .rodata        0x000000000002bf44        0x4 Output/Release/Obj/ble_app_beacon_pca10056_s140/nrf_sdh.o
 .rodata.sdh_req_observers
                0x000000000002bf48        0xc Output/Release/Obj/ble_app_beacon_pca10056_s140/nrf_sdh.o
 .rodata.sdh_stack_observers
                0x000000000002bf54        0xc Output/Release/Obj/ble_app_beacon_pca10056_s140/nrf_sdh.o
 .rodata.sdh_state_observers
                0x000000000002bf60        0xc Output/Release/Obj/ble_app_beacon_pca10056_s140/nrf_sdh.o
 .rodata.nrf_sdh_ble_default_cfg_set.str1.1
                0x000000000002bf6c      0x182 Output/Release/Obj/ble_app_beacon_pca10056_s140/nrf_sdh_ble.o
 .rodata.nrf_sdh_ble_enable.str1.1
                0x000000000002c0ee       0xa7 Output/Release/Obj/ble_app_beacon_pca10056_s140/nrf_sdh_ble.o
 .rodata.str1.1
                0x000000000002c195        0xc Output/Release/Obj/ble_app_beacon_pca10056_s140/nrf_sdh_ble.o
 *fill*         0x000000000002c1a1        0x3 
 .rodata.sdh_ble_observers
                0x000000000002c1a4        0xc Output/Release/Obj/ble_app_beacon_pca10056_s140/nrf_sdh_ble.o
 .rodata.str1.1
                0x000000000002c1b0        0xc Output/Release/Obj/ble_app_beacon_pca10056_s140/nrf_sdh_soc.o
 .rodata.sdh_soc_observers
                0x000000000002c1bc        0xc Output/Release/Obj/ble_app_beacon_pca10056_s140/nrf_sdh_soc.o
 .rodata.libc.__RAL_find_locale.str1.4
                0x000000000002c1c8        0xa C:/Program Files/SEGGER/SEGGER Embedded Studio for ARM 5.70a/lib/libc_v7em_fpv4_sp_d16_hard_t_le_eabi.a(libc2.o)
 *fill*         0x000000000002c1d2        0x2 
 .rodata.libc.__RAL_ascii_ctype_map
                0x000000000002c1d4       0x80 C:/Program Files/SEGGER/SEGGER Embedded Studio for ARM 5.70a/lib/libc_v7em_fpv4_sp_d16_hard_t_le_eabi.a(libc2.o)
                0x000000000002c1d4                __RAL_ascii_ctype_map
 .rodata.libc.__RAL_ascii_ctype_mask
                0x000000000002c254        0xd C:/Program Files/SEGGER/SEGGER Embedded Studio for ARM 5.70a/lib/libc_v7em_fpv4_sp_d16_hard_t_le_eabi.a(libc2.o)
 *fill*         0x000000000002c261        0x3 
 .rodata.libc.__RAL_c_locale
                0x000000000002c264        0xc C:/Program Files/SEGGER/SEGGER Embedded Studio for ARM 5.70a/lib/libc_v7em_fpv4_sp_d16_hard_t_le_eabi.a(libc2.o)
                0x000000000002c264                __RAL_c_locale
 .rodata.libc.__RAL_c_locale_abbrev_day_names
                0x000000000002c270       0x1d C:/Program Files/SEGGER/SEGGER Embedded Studio for ARM 5.70a/lib/libc_v7em_fpv4_sp_d16_hard_t_le_eabi.a(libc2.o)
                0x000000000002c270                __RAL_c_locale_abbrev_day_names
 *fill*         0x000000000002c28d        0x3 
 .rodata.libc.__RAL_c_locale_abbrev_month_names
                0x000000000002c290       0x31 C:/Program Files/SEGGER/SEGGER Embedded Studio for ARM 5.70a/lib/libc_v7em_fpv4_sp_d16_hard_t_le_eabi.a(libc2.o)
                0x000000000002c290                __RAL_c_locale_abbrev_month_names
 *fill*         0x000000000002c2c1        0x3 
 .rodata.libc.__RAL_c_locale_am_pm_indicator
                0x000000000002c2c4        0x7 C:/Program Files/SEGGER/SEGGER Embedded Studio for ARM 5.70a/lib/libc_v7em_fpv4_sp_d16_hard_t_le_eabi.a(libc2.o)
                0x000000000002c2c4                __RAL_c_locale_am_pm_indicator
 *fill*         0x000000000002c2cb        0x1 
 .rodata.libc.__RAL_c_locale_data
                0x000000000002c2cc       0x58 C:/Program Files/SEGGER/SEGGER Embedded Studio for ARM 5.70a/lib/libc_v7em_fpv4_sp_d16_hard_t_le_eabi.a(libc2.o)
                0x000000000002c2cc                __RAL_c_locale_data
 .rodata.libc.__RAL_c_locale_date_format
                0x000000000002c324        0x9 C:/Program Files/SEGGER/SEGGER Embedded Studio for ARM 5.70a/lib/libc_v7em_fpv4_sp_d16_hard_t_le_eabi.a(libc2.o)
                0x000000000002c324                __RAL_c_locale_date_format
 *fill*         0x000000000002c32d        0x3 
 .rodata.libc.__RAL_c_locale_date_time_format
                0x000000000002c330        0xf C:/Program Files/SEGGER/SEGGER Embedded Studio for ARM 5.70a/lib/libc_v7em_fpv4_sp_d16_hard_t_le_eabi.a(libc2.o)
                0x000000000002c330                __RAL_c_locale_date_time_format
 *fill*         0x000000000002c33f        0x1 
 .rodata.libc.__RAL_c_locale_day_names
                0x000000000002c340       0x3a C:/Program Files/SEGGER/SEGGER Embedded Studio for ARM 5.70a/lib/libc_v7em_fpv4_sp_d16_hard_t_le_eabi.a(libc2.o)
                0x000000000002c340                __RAL_c_locale_day_names
 *fill*         0x000000000002c37a        0x2 
 .rodata.libc.__RAL_c_locale_month_names
                0x000000000002c37c       0x57 C:/Program Files/SEGGER/SEGGER Embedded Studio for ARM 5.70a/lib/libc_v7em_fpv4_sp_d16_hard_t_le_eabi.a(libc2.o)
                0x000000000002c37c                __RAL_c_locale_month_names
 *fill*         0x000000000002c3d3        0x1 
 .rodata.libc.__RAL_c_locale_time_format
                0x000000000002c3d4        0x9 C:/Program Files/SEGGER/SEGGER Embedded Studio for ARM 5.70a/lib/libc_v7em_fpv4_sp_d16_hard_t_le_eabi.a(libc2.o)
                0x000000000002c3d4                __RAL_c_locale_time_format
 *fill*         0x000000000002c3dd        0x3 
 .rodata.libc.__RAL_codeset_ascii
                0x000000000002c3e0       0x20 C:/Program Files/SEGGER/SEGGER Embedded Studio for ARM 5.70a/lib/libc_v7em_fpv4_sp_d16_hard_t_le_eabi.a(libc2.o)
                0x000000000002c3e0                __RAL_codeset_ascii
 .rodata.libc.__RAL_data_empty_string
                0x000000000002c400        0x1 C:/Program Files/SEGGER/SEGGER Embedded Studio for ARM 5.70a/lib/libc_v7em_fpv4_sp_d16_hard_t_le_eabi.a(libc2.o)
                0x000000000002c400                __RAL_data_empty_string
 *fill*         0x000000000002c401        0x3 
 .rodata.libc.__RAL_data_utf8_period
                0x000000000002c404        0x2 C:/Program Files/SEGGER/SEGGER Embedded Studio for ARM 5.70a/lib/libc_v7em_fpv4_sp_d16_hard_t_le_eabi.a(libc2.o)
                0x000000000002c404                __RAL_data_utf8_period
                0x000000000002c408                . = ALIGN (MAX ((__rodata_start__ + 0x4), .), 0x4)