Archive member included to satisfy reference by file (symbol)

c:/program files (x86)/gnu arm embedded toolchain/10 2021.10/bin/../lib/gcc/arm-none-eabi/10.3.1/../../../../arm-none-eabi/lib/thumb/v7e-m+fp/hard\libc_nano.a(lib_a-ctype_.o)
                              _build/nrf52840_xxaa/nrf_log_str_formatter.c.o (_ctype_)
c:/program files (x86)/gnu arm embedded toolchain/10 2021.10/bin/../lib/gcc/arm-none-eabi/10.3.1/../../../../arm-none-eabi/lib/thumb/v7e-m+fp/hard\libc_nano.a(lib_a-exit.o)
                              c:/program files (x86)/gnu arm embedded toolchain/10 2021.10/bin/../lib/gcc/arm-none-eabi/10.3.1/../../../../arm-none-eabi/lib/thumb/v7e-m+fp/hard/crt0.o (exit)
c:/program files (x86)/gnu arm embedded toolchain/10 2021.10/bin/../lib/gcc/arm-none-eabi/10.3.1/../../../../arm-none-eabi/lib/thumb/v7e-m+fp/hard\libc_nano.a(lib_a-impure.o)
                              c:/program files (x86)/gnu arm embedded toolchain/10 2021.10/bin/../lib/gcc/arm-none-eabi/10.3.1/../../../../arm-none-eabi/lib/thumb/v7e-m+fp/hard\libc_nano.a(lib_a-exit.o) (_global_impure_ptr)
c:/program files (x86)/gnu arm embedded toolchain/10 2021.10/bin/../lib/gcc/arm-none-eabi/10.3.1/../../../../arm-none-eabi/lib/thumb/v7e-m+fp/hard\libc_nano.a(lib_a-init.o)
                              c:/program files (x86)/gnu arm embedded toolchain/10 2021.10/bin/../lib/gcc/arm-none-eabi/10.3.1/../../../../arm-none-eabi/lib/thumb/v7e-m+fp/hard/crt0.o (__libc_init_array)
c:/program files (x86)/gnu arm embedded toolchain/10 2021.10/bin/../lib/gcc/arm-none-eabi/10.3.1/../../../../arm-none-eabi/lib/thumb/v7e-m+fp/hard\libc_nano.a(lib_a-memcmp.o)
                              _build/nrf52840_xxaa/ble_advdata.c.o (memcmp)
c:/program files (x86)/gnu arm embedded toolchain/10 2021.10/bin/../lib/gcc/arm-none-eabi/10.3.1/../../../../arm-none-eabi/lib/thumb/v7e-m+fp/hard\libc_nano.a(lib_a-memcpy-stub.o)
                              _build/nrf52840_xxaa/nrf_log_frontend.c.o (memcpy)
c:/program files (x86)/gnu arm embedded toolchain/10 2021.10/bin/../lib/gcc/arm-none-eabi/10.3.1/../../../../arm-none-eabi/lib/thumb/v7e-m+fp/hard\libc_nano.a(lib_a-memset.o)
                              c:/program files (x86)/gnu arm embedded toolchain/10 2021.10/bin/../lib/gcc/arm-none-eabi/10.3.1/../../../../arm-none-eabi/lib/thumb/v7e-m+fp/hard/crt0.o (memset)
c:/program files (x86)/gnu arm embedded toolchain/10 2021.10/bin/../lib/gcc/arm-none-eabi/10.3.1/../../../../arm-none-eabi/lib/thumb/v7e-m+fp/hard\libc_nano.a(lib_a-strcpy.o)
                              _build/nrf52840_xxaa/SEGGER_RTT.c.o (strcpy)
c:/program files (x86)/gnu arm embedded toolchain/10 2021.10/bin/../lib/gcc/arm-none-eabi/10.3.1/../../../../arm-none-eabi/lib/thumb/v7e-m+fp/hard\libc_nano.a(lib_a-strlen.o)
                              _build/nrf52840_xxaa/nrf_log_frontend.c.o (strlen)
c:/program files (x86)/gnu arm embedded toolchain/10 2021.10/bin/../lib/gcc/arm-none-eabi/10.3.1/../../../../arm-none-eabi/lib/thumb/v7e-m+fp/hard\libnosys.a(_exit.o)
                              c:/program files (x86)/gnu arm embedded toolchain/10 2021.10/bin/../lib/gcc/arm-none-eabi/10.3.1/../../../../arm-none-eabi/lib/thumb/v7e-m+fp/hard\libc_nano.a(lib_a-exit.o) (_exit)
c:/program files (x86)/gnu arm embedded toolchain/10 2021.10/bin/../lib/gcc/arm-none-eabi/10.3.1/thumb/v7e-m+fp/hard\libgcc.a(_aeabi_ldivmod.o)
                              _build/nrf52840_xxaa/bsp.c.o (__aeabi_ldivmod)
c:/program files (x86)/gnu arm embedded toolchain/10 2021.10/bin/../lib/gcc/arm-none-eabi/10.3.1/thumb/v7e-m+fp/hard\libgcc.a(_aeabi_uldivmod.o)
                              _build/nrf52840_xxaa/bsp.c.o (__aeabi_uldivmod)
c:/program files (x86)/gnu arm embedded toolchain/10 2021.10/bin/../lib/gcc/arm-none-eabi/10.3.1/thumb/v7e-m+fp/hard\libgcc.a(_udivmoddi4.o)
                              c:/program files (x86)/gnu arm embedded toolchain/10 2021.10/bin/../lib/gcc/arm-none-eabi/10.3.1/thumb/v7e-m+fp/hard\libgcc.a(_aeabi_ldivmod.o) (__udivmoddi4)
c:/program files (x86)/gnu arm embedded toolchain/10 2021.10/bin/../lib/gcc/arm-none-eabi/10.3.1/thumb/v7e-m+fp/hard\libgcc.a(_dvmd_tls.o)
                              c:/program files (x86)/gnu arm embedded toolchain/10 2021.10/bin/../lib/gcc/arm-none-eabi/10.3.1/thumb/v7e-m+fp/hard\libgcc.a(_aeabi_ldivmod.o) (__aeabi_ldiv0)

Discarded input sections

 .text          0x00000000        0x0 c:/program files (x86)/gnu arm embedded toolchain/10 2021.10/bin/../lib/gcc/arm-none-eabi/10.3.1/thumb/v7e-m+fp/hard/crti.o
 .data          0x00000000        0x0 c:/program files (x86)/gnu arm embedded toolchain/10 2021.10/bin/../lib/gcc/arm-none-eabi/10.3.1/thumb/v7e-m+fp/hard/crti.o
 .bss           0x00000000        0x0 c:/program files (x86)/gnu arm embedded toolchain/10 2021.10/bin/../lib/gcc/arm-none-eabi/10.3.1/thumb/v7e-m+fp/hard/crti.o
[...]
Memory Configuration

Name             Origin             Length             Attributes
FLASH            0x00026000         0x000ce000         xr
RAM              0x20002300         0x0003dd00         xrw
*default*        0x00000000         0xffffffff

Linker script and memory map


.text           0x00026000     0x652c
 *(.isr_vector)
 .isr_vector    0x00026000      0x200 _build/nrf52840_xxaa/gcc_startup_nrf52840.S.o
                0x00026000                __isr_vector
 *(.text*)
 .text          0x00026200       0x40 c:/program files (x86)/gnu arm embedded toolchain/10 2021.10/bin/../lib/gcc/arm-none-eabi/10.3.1/thumb/v7e-m+fp/hard/crtbegin.o
 .text          0x00026240       0x7c c:/program files (x86)/gnu arm embedded toolchain/10 2021.10/bin/../lib/gcc/arm-none-eabi/10.3.1/../../../../arm-none-eabi/lib/thumb/v7e-m+fp/hard/crt0.o
                0x00026240                _stack_init
                0x00026248                _start
                0x00026248                _mainCRTStartup
 .text          0x000262bc       0x3c _build/nrf52840_xxaa/gcc_startup_nrf52840.S.o
                0x000262bc                Reset_Handler
                0x000262e4                NMI_Handler
                0x000262e6                HardFault_Handler
                0x000262e8                MemoryManagement_Handler
                0x000262ea                BusFault_Handler
                0x000262ec                UsageFault_Handler
                0x000262ee                SVC_Handler
                0x000262f0                DebugMon_Handler
                0x000262f2                PendSV_Handler
                0x000262f4                SysTick_Handler
                0x000262f6                PDM_IRQHandler
                0x000262f6                TEMP_IRQHandler
                0x000262f6                QDEC_IRQHandler
                0x000262f6                TIMER3_IRQHandler
                0x000262f6                PWM3_IRQHandler
                0x000262f6                RTC0_IRQHandler
                0x000262f6                USBD_IRQHandler
                0x000262f6                SPIM0_SPIS0_TWIM0_TWIS0_SPI0_TWI0_IRQHandler
                0x000262f6                PWM1_IRQHandler
                0x000262f6                TIMER4_IRQHandler
                0x000262f6                RADIO_IRQHandler
                0x000262f6                I2S_IRQHandler
                0x000262f6                SWI4_EGU4_IRQHandler
                0x000262f6                FPU_IRQHandler
                0x000262f6                TIMER2_IRQHandler
                0x000262f6                UARTE1_IRQHandler
                0x000262f6                TIMER1_IRQHandler
                0x000262f6                SPIM3_IRQHandler
                0x000262f6                PWM2_IRQHandler
                0x000262f6                ECB_IRQHandler
                0x000262f6                SPIM1_SPIS1_TWIM1_TWIS1_SPI1_TWI1_IRQHandler
                0x000262f6                Default_Handler
                0x000262f6                SAADC_IRQHandler
                0x000262f6                CCM_AAR_IRQHandler
                0x000262f6                WDT_IRQHandler
                0x000262f6                CRYPTOCELL_IRQHandler
                0x000262f6                SWI5_EGU5_IRQHandler
                0x000262f6                RNG_IRQHandler
                0x000262f6                PWM0_IRQHandler
                0x000262f6                SWI3_EGU3_IRQHandler
                0x000262f6                SWI1_EGU1_IRQHandler
                0x000262f6                SPIM2_SPIS2_SPI2_IRQHandler
                0x000262f6                NFCT_IRQHandler
                0x000262f6                SWI0_EGU0_IRQHandler
                0x000262f6                MWU_IRQHandler
                0x000262f6                TIMER0_IRQHandler
                0x000262f6                QSPI_IRQHandler
                0x000262f6                COMP_LPCOMP_IRQHandler
 .text.nrf_log_backend_serial_put
                0x000262f8       0xd8 _build/nrf52840_xxaa/nrf_log_backend_serial.c.o
                0x000262f8                nrf_log_backend_serial_put
 .text.uart_evt_handler
                0x000263d0        0xc _build/nrf52840_xxaa/nrf_log_backend_uart.c.o
 .text.nrf_log_backend_uart_flush
                0x000263dc        0x4 _build/nrf52840_xxaa/nrf_log_backend_uart.c.o
 .text.nrf_log_backend_uart_put
                0x000263e0       0x20 _build/nrf52840_xxaa/nrf_log_backend_uart.c.o
 .text.serial_tx
                0x00026400       0x50 _build/nrf52840_xxaa/nrf_log_backend_uart.c.o
 .text.nrf_log_backend_uart_panic_set
                0x00026450       0x68 _build/nrf52840_xxaa/nrf_log_backend_uart.c.o
 .text.nrf_log_backend_uart_init
                0x000264b8       0x50 _build/nrf52840_xxaa/nrf_log_backend_uart.c.o
                0x000264b8                nrf_log_backend_uart_init
 .text.nrf_log_default_backends_init
                0x00026508       0x20 _build/nrf52840_xxaa/nrf_log_default_backends.c.o
                0x00026508                nrf_log_default_backends_init
 .text.nrf_log_init
                0x00026528       0x28 _build/nrf52840_xxaa/nrf_log_frontend.c.o
                0x00026528                nrf_log_init
 .text.nrf_log_module_name_get
                0x00026550       0x48 _build/nrf52840_xxaa/nrf_log_frontend.c.o
                0x00026550                nrf_log_module_name_get
 .text.nrf_log_color_id_get
                0x00026598       0x2c _build/nrf52840_xxaa/nrf_log_frontend.c.o
                0x00026598                nrf_log_color_id_get
 .text.log_pending_hook
                0x000265c4        0x4 _build/nrf52840_xxaa/nrf_log_frontend.c.o
                0x000265c4                log_pending_hook
 .text.nrf_log_frontend_dequeue
                0x000265c8      0x260 _build/nrf52840_xxaa/nrf_log_frontend.c.o
                0x000265c8                nrf_log_frontend_dequeue
 .text.nrf_log_frontend_std_2
                0x00026828      0x1c8 _build/nrf52840_xxaa/nrf_log_frontend.c.o
                0x00026828                nrf_log_frontend_std_2
 .text.nrf_log_frontend_std_1
                0x000269f0      0x1bc _build/nrf52840_xxaa/nrf_log_frontend.c.o
                0x000269f0                nrf_log_frontend_std_1
 .text.nrf_log_frontend_std_0
                0x00026bac      0x1ac _build/nrf52840_xxaa/nrf_log_frontend.c.o
                0x00026bac                nrf_log_frontend_std_0
 .text.nrf_log_backend_add
                0x00026d58       0x5c _build/nrf52840_xxaa/nrf_log_frontend.c.o
                0x00026d58                nrf_log_backend_add
 .text.nrf_log_panic
                0x00026db4       0x28 _build/nrf52840_xxaa/nrf_log_frontend.c.o
                0x00026db4                nrf_log_panic
 .text.prefix_process
                0x00026ddc       0x84 _build/nrf52840_xxaa/nrf_log_str_formatter.c.o
 .text.nrf_log_std_entry_process
                0x00026e60       0xec _build/nrf52840_xxaa/nrf_log_str_formatter.c.o
                0x00026e60                nrf_log_std_entry_process
 .text.nrf_log_hexdump_entry_process
                0x00026f4c      0x104 _build/nrf52840_xxaa/nrf_log_str_formatter.c.o
                0x00026f4c                nrf_log_hexdump_entry_process
 .text.gpiote_event_handler
                0x00027050       0x74 _build/nrf52840_xxaa/app_button.c.o
 .text.detection_delay_timeout_handler
                0x000270c4      0x288 _build/nrf52840_xxaa/app_button.c.o
 .text.app_button_init
                0x0002734c       0xb8 _build/nrf52840_xxaa/app_button.c.o
                0x0002734c                app_button_init
 .text.app_button_enable
                0x00027404       0x2c _build/nrf52840_xxaa/app_button.c.o
                0x00027404                app_button_enable
 .text.app_error_handler_bare
                0x00027430       0x20 _build/nrf52840_xxaa/app_error.c.o
                0x00027430                app_error_handler_bare
 .text.app_error_fault_handler
                0x00027450       0x6c _build/nrf52840_xxaa/app_error_weak.c.o
                0x00027450                app_error_fault_handler
 .text.compare_func
                0x000274bc       0x1c _build/nrf52840_xxaa/app_timer2.c.o
 .text.timer_expire.part.0
                0x000274d8       0x88 _build/nrf52840_xxaa/app_timer2.c.o
 .text.rtc_irq  0x00027560      0x2e8 _build/nrf52840_xxaa/app_timer2.c.o
 .text.app_timer_init
                0x00027848       0x6c _build/nrf52840_xxaa/app_timer2.c.o
                0x00027848                app_timer_init
 *fill*         0x000278b4        0x4 
 .text.app_timer_create
                0x000278b8       0x30 _build/nrf52840_xxaa/app_timer2.c.o
                0x000278b8                app_timer_create
 .text.app_timer_start
                0x000278e8       0xb8 _build/nrf52840_xxaa/app_timer2.c.o
                0x000278e8                app_timer_start
 .text.app_timer_stop
                0x000279a0       0x80 _build/nrf52840_xxaa/app_timer2.c.o
                0x000279a0                app_timer_stop
 .text.app_util_critical_region_enter
                0x00027a20       0x4c _build/nrf52840_xxaa/app_util_platform.c.o
                0x00027a20                app_util_critical_region_enter
 .text.app_util_critical_region_exit
                0x00027a6c       0x30 _build/nrf52840_xxaa/app_util_platform.c.o
                0x00027a6c                app_util_critical_region_exit
 .text.drv_rtc_init
                0x00027a9c       0xc8 _build/nrf52840_xxaa/drv_rtc.c.o
                0x00027a9c                drv_rtc_init
 .text.drv_rtc_start
                0x00027b64        0x8 _build/nrf52840_xxaa/drv_rtc.c.o
                0x00027b64                drv_rtc_start
 .text.drv_rtc_stop
                0x00027b6c        0x8 _build/nrf52840_xxaa/drv_rtc.c.o
                0x00027b6c                drv_rtc_stop
 .text.drv_rtc_compare_set
                0x00027b74       0x54 _build/nrf52840_xxaa/drv_rtc.c.o
                0x00027b74                drv_rtc_compare_set
 .text.drv_rtc_windowed_compare_set
                0x00027bc8       0xf8 _build/nrf52840_xxaa/drv_rtc.c.o
                0x00027bc8                drv_rtc_windowed_compare_set
 .text.drv_rtc_overflow_enable
                0x00027cc0       0x14 _build/nrf52840_xxaa/drv_rtc.c.o
                0x00027cc0                drv_rtc_overflow_enable
 .text.drv_rtc_overflow_pending
                0x00027cd4       0x20 _build/nrf52840_xxaa/drv_rtc.c.o
                0x00027cd4                drv_rtc_overflow_pending
 .text.drv_rtc_compare_disable
                0x00027cf4       0x18 _build/nrf52840_xxaa/drv_rtc.c.o
                0x00027cf4                drv_rtc_compare_disable
 .text.drv_rtc_compare_pending
                0x00027d0c       0x20 _build/nrf52840_xxaa/drv_rtc.c.o
                0x00027d0c                drv_rtc_compare_pending
 .text.drv_rtc_counter_get
                0x00027d2c        0x8 _build/nrf52840_xxaa/drv_rtc.c.o
                0x00027d2c                drv_rtc_counter_get
 .text.drv_rtc_irq_trigger
                0x00027d34       0x24 _build/nrf52840_xxaa/drv_rtc.c.o
                0x00027d34                drv_rtc_irq_trigger
 .text.RTC1_IRQHandler
                0x00027d58       0x14 _build/nrf52840_xxaa/drv_rtc.c.o
                0x00027d58                RTC1_IRQHandler
 .text.nrf_atfifo_init
                0x00027d6c       0x30 _build/nrf52840_xxaa/nrf_atfifo.c.o
                0x00027d6c                nrf_atfifo_init
 .text.nrf_atfifo_item_alloc
                0x00027d9c       0x64 _build/nrf52840_xxaa/nrf_atfifo.c.o
                0x00027d9c                nrf_atfifo_item_alloc
 .text.nrf_atfifo_item_put
                0x00027e00       0x20 _build/nrf52840_xxaa/nrf_atfifo.c.o
                0x00027e00                nrf_atfifo_item_put
 .text.nrf_atfifo_item_get
                0x00027e20       0x64 _build/nrf52840_xxaa/nrf_atfifo.c.o
                0x00027e20                nrf_atfifo_item_get
 .text.nrf_atfifo_item_free
                0x00027e84       0x20 _build/nrf52840_xxaa/nrf_atfifo.c.o
                0x00027e84                nrf_atfifo_item_free
 .text.nrf_atomic_u32_fetch_store
                0x00027ea4       0x14 _build/nrf52840_xxaa/nrf_atomic.c.o
                0x00027ea4                nrf_atomic_u32_fetch_store
 .text.nrf_atomic_u32_add
                0x00027eb8       0x18 _build/nrf52840_xxaa/nrf_atomic.c.o
                0x00027eb8                nrf_atomic_u32_add
 .text.nrf_atomic_u32_sub
                0x00027ed0       0x18 _build/nrf52840_xxaa/nrf_atomic.c.o
                0x00027ed0                nrf_atomic_u32_sub
 .text.nrf_atomic_flag_set
                0x00027ee8       0x18 _build/nrf52840_xxaa/nrf_atomic.c.o
                0x00027ee8                nrf_atomic_flag_set
 .text.nrf_atomic_flag_clear_fetch
                0x00027f00       0x18 _build/nrf52840_xxaa/nrf_atomic.c.o
                0x00027f00                nrf_atomic_flag_clear_fetch
 .text.nrf_balloc_init
                0x00027f18       0x3c _build/nrf52840_xxaa/nrf_balloc.c.o
                0x00027f18                nrf_balloc_init
 .text.nrf_balloc_alloc
                0x00027f54       0x50 _build/nrf52840_xxaa/nrf_balloc.c.o
                0x00027f54                nrf_balloc_alloc
 .text.nrf_balloc_free
                0x00027fa4       0x38 _build/nrf52840_xxaa/nrf_balloc.c.o
                0x00027fa4                nrf_balloc_free
 .text.nrf_fprintf_buffer_flush
                0x00027fdc       0x18 _build/nrf52840_xxaa/nrf_fprintf.c.o
                0x00027fdc                nrf_fprintf_buffer_flush
 .text.nrf_fprintf
                0x00027ff4       0x20 _build/nrf52840_xxaa/nrf_fprintf.c.o
                0x00027ff4                nrf_fprintf
 .text.unsigned_print
                0x00028014      0x160 _build/nrf52840_xxaa/nrf_fprintf_format.c.o
 .text.nrf_fprintf_fmt
                0x00028174      0x584 _build/nrf52840_xxaa/nrf_fprintf_format.c.o
                0x00028174                nrf_fprintf_fmt
 .text.nrf_memobj_pool_init
                0x000286f8        0x4 _build/nrf52840_xxaa/nrf_memobj.c.o
                0x000286f8                nrf_memobj_pool_init
 .text.nrf_memobj_alloc
                0x000286fc       0x94 _build/nrf52840_xxaa/nrf_memobj.c.o
                0x000286fc                nrf_memobj_alloc
 .text.nrf_memobj_get
                0x00028790        0x8 _build/nrf52840_xxaa/nrf_memobj.c.o
                0x00028790                nrf_memobj_get
 .text.nrf_memobj_put
                0x00028798       0x58 _build/nrf52840_xxaa/nrf_memobj.c.o
                0x00028798                nrf_memobj_put
 .text.nrf_memobj_write
                0x000287f0       0x68 _build/nrf52840_xxaa/nrf_memobj.c.o
                0x000287f0                nrf_memobj_write
 .text.nrf_memobj_read
                0x00028858       0x68 _build/nrf52840_xxaa/nrf_memobj.c.o
                0x00028858                nrf_memobj_read
 .text.sd_app_evt_wait
                0x000288c0        0x4 _build/nrf52840_xxaa/nrf_pwr_mgmt.c.o
 .text.nrf_pwr_mgmt_init
                0x000288c4       0x2c _build/nrf52840_xxaa/nrf_pwr_mgmt.c.o
                0x000288c4                nrf_pwr_mgmt_init
 .text.nrf_pwr_mgmt_run
                0x000288f0       0x54 _build/nrf52840_xxaa/nrf_pwr_mgmt.c.o
                0x000288f0                nrf_pwr_mgmt_run
 .text.nrf_ringbuf_init
                0x00028944       0x1c _build/nrf52840_xxaa/nrf_ringbuf.c.o
                0x00028944                nrf_ringbuf_init
 .text.nrf_section_iter_init
                0x00028960       0x14 _build/nrf52840_xxaa/nrf_section_iter.c.o
                0x00028960                nrf_section_iter_init
 .text.nrf_section_iter_next
                0x00028974       0x18 _build/nrf52840_xxaa/nrf_section_iter.c.o
                0x00028974                nrf_section_iter_next
 .text.nrf_sortlist_add
                0x0002898c       0x28 _build/nrf52840_xxaa/nrf_sortlist.c.o
                0x0002898c                nrf_sortlist_add
 .text.nrf_sortlist_pop
                0x000289b4        0xc _build/nrf52840_xxaa/nrf_sortlist.c.o
                0x000289b4                nrf_sortlist_pop
 .text.nrf_sortlist_peek
                0x000289c0        0x8 _build/nrf52840_xxaa/nrf_sortlist.c.o
                0x000289c0                nrf_sortlist_peek
 .text.nrf_sortlist_remove
                0x000289c8       0x1c _build/nrf52840_xxaa/nrf_sortlist.c.o
                0x000289c8                nrf_sortlist_remove
 .text.nrf_strerror_get
                0x000289e4       0x4c _build/nrf52840_xxaa/nrf_strerror.c.o
                0x000289e4                nrf_strerror_get
 .text.SystemInit
                0x00028a30      0x25c _build/nrf52840_xxaa/system_nrf52840.c.o
                0x00028a30                SystemInit
 .text.bsp_board_led_state_get
                0x00028c8c       0x28 _build/nrf52840_xxaa/boards.c.o
                0x00028c8c                bsp_board_led_state_get
 .text.bsp_board_led_on
                0x00028cb4       0x24 _build/nrf52840_xxaa/boards.c.o
                0x00028cb4                bsp_board_led_on
 .text.bsp_board_led_off
                0x00028cd8       0x24 _build/nrf52840_xxaa/boards.c.o
                0x00028cd8                bsp_board_led_off
 .text.bsp_board_leds_off
                0x00028cfc       0x14 _build/nrf52840_xxaa/boards.c.o
                0x00028cfc                bsp_board_leds_off
 .text.bsp_board_leds_on
                0x00028d10       0x14 _build/nrf52840_xxaa/boards.c.o
                0x00028d10                bsp_board_leds_on
 .text.bsp_board_led_invert
                0x00028d24       0x34 _build/nrf52840_xxaa/boards.c.o
                0x00028d24                bsp_board_led_invert
 .text.bsp_board_pin_to_button_idx
                0x00028d58        0xc _build/nrf52840_xxaa/boards.c.o
                0x00028d58                bsp_board_pin_to_button_idx
 .text.bsp_board_init
                0x00028d64       0x48 _build/nrf52840_xxaa/boards.c.o
                0x00028d64                bsp_board_init
 .text.clock_irq_handler
                0x00028dac       0x44 _build/nrf52840_xxaa/nrf_drv_clock.c.o
 .text.soc_evt_handler
                0x00028df0       0x28 _build/nrf52840_xxaa/nrf_drv_clock.c.o
 .text.sd_state_evt_handler
                0x00028e18       0xc8 _build/nrf52840_xxaa/nrf_drv_clock.c.o
 .text.uarte_evt_handler
                0x00028ee0       0x34 _build/nrf52840_xxaa/nrf_drv_uart.c.o
 .text.uart_evt_handler
                0x00028f14       0x34 _build/nrf52840_xxaa/nrf_drv_uart.c.o
 .text.nrf_drv_uart_init
                0x00028f48       0x78 _build/nrf52840_xxaa/nrf_drv_uart.c.o
                0x00028f48                nrf_drv_uart_init
 .text.nrfx_clock_init
                0x00028fc0       0x18 _build/nrf52840_xxaa/nrfx_clock.c.o
                0x00028fc0                nrfx_clock_init
 .text.nrfx_clock_enable
                0x00028fd8       0x24 _build/nrf52840_xxaa/nrfx_clock.c.o
                0x00028fd8                nrfx_clock_enable
 .text.nrfx_clock_lfclk_stop
                0x00028ffc       0x2c _build/nrf52840_xxaa/nrfx_clock.c.o
                0x00028ffc                nrfx_clock_lfclk_stop
 .text.POWER_CLOCK_IRQHandler
                0x00029028       0x70 _build/nrf52840_xxaa/nrfx_clock.c.o
                0x00029028                POWER_CLOCK_IRQHandler
 .text.RTC2_IRQHandler
                0x00029098       0xb0 _build/nrf52840_xxaa/nrfx_rtc.c.o
                0x00029098                RTC2_IRQHandler
 .text.nrfx_gpiote_init
                0x00029148       0xb4 _build/nrf52840_xxaa/nrfx_gpiote.c.o
                0x00029148                nrfx_gpiote_init
 .text.nrfx_gpiote_is_init
                0x000291fc       0x14 _build/nrf52840_xxaa/nrfx_gpiote.c.o
                0x000291fc                nrfx_gpiote_is_init
 .text.nrfx_gpiote_in_init
                0x00029210      0x204 _build/nrf52840_xxaa/nrfx_gpiote.c.o
                0x00029210                nrfx_gpiote_in_init
 .text.nrfx_gpiote_in_event_enable
                0x00029414       0xe0 _build/nrf52840_xxaa/nrfx_gpiote.c.o
                0x00029414                nrfx_gpiote_in_event_enable
 .text.nrfx_gpiote_in_is_set
                0x000294f4       0x20 _build/nrf52840_xxaa/nrfx_gpiote.c.o
                0x000294f4                nrfx_gpiote_in_is_set
 .text.GPIOTE_IRQHandler
                0x00029514      0x510 _build/nrf52840_xxaa/nrfx_gpiote.c.o
                0x00029514                GPIOTE_IRQHandler
 .text.UARTE0_UART0_IRQHandler
                0x00029a24        0xc _build/nrf52840_xxaa/nrfx_prs.c.o
                0x00029a24                UARTE0_UART0_IRQHandler
 .text.nrfx_prs_acquire
                0x00029a30       0x4c _build/nrf52840_xxaa/nrfx_prs.c.o
                0x00029a30                nrfx_prs_acquire
 .text.nrfx_prs_release
                0x00029a7c       0x18 _build/nrf52840_xxaa/nrfx_prs.c.o
                0x00029a7c                nrfx_prs_release
 *fill*         0x00029a94        0x4 
 .text.nrfx_uart_0_irq_handler
                0x00029a98      0x1d0 _build/nrf52840_xxaa/nrfx_uart.c.o
                0x00029a98                nrfx_uart_0_irq_handler
 .text.nrfx_uart_init
                0x00029c68      0x1ec _build/nrf52840_xxaa/nrfx_uart.c.o
                0x00029c68                nrfx_uart_init
 .text.nrfx_uart_uninit
                0x00029e54      0x10c _build/nrf52840_xxaa/nrfx_uart.c.o
                0x00029e54                nrfx_uart_uninit
 .text.nrfx_uart_tx
                0x00029f60       0xd8 _build/nrf52840_xxaa/nrfx_uart.c.o
                0x00029f60                nrfx_uart_tx
 .text.nrfx_uarte_0_irq_handler
                0x0002a038      0x178 _build/nrf52840_xxaa/nrfx_uarte.c.o
                0x0002a038                nrfx_uarte_0_irq_handler
 .text.nrfx_uarte_init
                0x0002a1b0      0x21c _build/nrf52840_xxaa/nrfx_uarte.c.o
                0x0002a1b0                nrfx_uarte_init
 .text.nrfx_uarte_uninit
                0x0002a3cc      0x170 _build/nrf52840_xxaa/nrfx_uarte.c.o
                0x0002a3cc                nrfx_uarte_uninit
 .text.nrfx_uarte_tx
                0x0002a53c       0xb0 _build/nrf52840_xxaa/nrfx_uarte.c.o
                0x0002a53c                nrfx_uarte_tx
 .text.alert_timer_handler
                0x0002a5ec        0x8 _build/nrf52840_xxaa/bsp.c.o
 .text.bsp_button_event_handler
                0x0002a5f4       0x84 _build/nrf52840_xxaa/bsp.c.o
 .text.button_timer_handler
                0x0002a678       0x28 _build/nrf52840_xxaa/bsp.c.o
 .text.bsp_led_indication
                0x0002a6a0      0x2dc _build/nrf52840_xxaa/bsp.c.o
 .text.leds_timer_handler
                0x0002a97c       0x1c _build/nrf52840_xxaa/bsp.c.o
 .text.bsp_indication_set
                0x0002a998       0x18 _build/nrf52840_xxaa/bsp.c.o
                0x0002a998                bsp_indication_set
 .text.bsp_init
                0x0002a9b0       0xb0 _build/nrf52840_xxaa/bsp.c.o
                0x0002a9b0                bsp_init
 .text.sd_ble_gap_adv_set_configure
                0x0002aa60        0x4 _build/nrf52840_xxaa/main.c.o
 .text.sd_ble_gap_adv_start
                0x0002aa64        0x4 _build/nrf52840_xxaa/main.c.o
 .text.adv_update_timeout_handler
                0x0002aa68       0xb4 _build/nrf52840_xxaa/main.c.o
 .text.startup.main
                0x0002ab1c      0x194 _build/nrf52840_xxaa/main.c.o
                0x0002ab1c                main
 .text.sd_ble_gap_addr_get
                0x0002acb0        0x4 _build/nrf52840_xxaa/ble_advdata.c.o
 .text.sd_ble_gap_appearance_get
                0x0002acb4        0x4 _build/nrf52840_xxaa/ble_advdata.c.o
 .text.sd_ble_gap_device_name_get
                0x0002acb8        0x4 _build/nrf52840_xxaa/ble_advdata.c.o
 .text.sd_ble_uuid_encode
                0x0002acbc        0x4 _build/nrf52840_xxaa/ble_advdata.c.o
 .text.uuid_list_sized_encode
                0x0002acc0       0xe4 _build/nrf52840_xxaa/ble_advdata.c.o
 .text.ble_advdata_encode
                0x0002ada4      0x3f0 _build/nrf52840_xxaa/ble_advdata.c.o
                0x0002ada4                ble_advdata_encode
 .text.sd_softdevice_enable
                0x0002b194        0x4 _build/nrf52840_xxaa/nrf_sdh.c.o
 .text.nrf_sdh_enable_request
                0x0002b198      0x11c _build/nrf52840_xxaa/nrf_sdh.c.o
                0x0002b198                nrf_sdh_enable_request
 .text.nrf_sdh_is_enabled
                0x0002b2b4        0xc _build/nrf52840_xxaa/nrf_sdh.c.o
                0x0002b2b4                nrf_sdh_is_enabled
 .text.SWI2_EGU2_IRQHandler
                0x0002b2c0       0x2c _build/nrf52840_xxaa/nrf_sdh.c.o
                0x0002b2c0                SWI2_EGU2_IRQHandler
 .text.sd_ble_enable
                0x0002b2ec        0x4 _build/nrf52840_xxaa/nrf_sdh_ble.c.o
 .text.sd_ble_cfg_set
                0x0002b2f0        0x4 _build/nrf52840_xxaa/nrf_sdh_ble.c.o
 .text.sd_ble_evt_get
                0x0002b2f4        0x4 _build/nrf52840_xxaa/nrf_sdh_ble.c.o
 .text.nrf_sdh_ble_evts_poll
                0x0002b2f8       0x60 _build/nrf52840_xxaa/nrf_sdh_ble.c.o
 .text.nrf_sdh_ble_default_cfg_set
                0x0002b358      0x178 _build/nrf52840_xxaa/nrf_sdh_ble.c.o
                0x0002b358                nrf_sdh_ble_default_cfg_set
 .text.nrf_sdh_ble_enable
                0x0002b4d0       0xa0 _build/nrf52840_xxaa/nrf_sdh_ble.c.o
                0x0002b4d0                nrf_sdh_ble_enable
 .text.sd_evt_get
                0x0002b570        0x4 _build/nrf52840_xxaa/nrf_sdh_soc.c.o
 .text.nrf_sdh_soc_evts_poll
                0x0002b574       0x50 _build/nrf52840_xxaa/nrf_sdh_soc.c.o
 .text.exit     0x0002b5c4       0x28 c:/program files (x86)/gnu arm embedded toolchain/10 2021.10/bin/../lib/gcc/arm-none-eabi/10.3.1/../../../../arm-none-eabi/lib/thumb/v7e-m+fp/hard\libc_nano.a(lib_a-exit.o)
                0x0002b5c4                exit
 .text.__libc_init_array
                0x0002b5ec       0x48 c:/program files (x86)/gnu arm embedded toolchain/10 2021.10/bin/../lib/gcc/arm-none-eabi/10.3.1/../../../../arm-none-eabi/lib/thumb/v7e-m+fp/hard\libc_nano.a(lib_a-init.o)
                0x0002b5ec                __libc_init_array
 .text.memcpy   0x0002b634       0x1c c:/program files (x86)/gnu arm embedded toolchain/10 2021.10/bin/../lib/gcc/arm-none-eabi/10.3.1/../../../../arm-none-eabi/lib/thumb/v7e-m+fp/hard\libc_nano.a(lib_a-memcpy-stub.o)
                0x0002b634                memcpy
 .text.memset   0x0002b650       0x10 c:/program files (x86)/gnu arm embedded toolchain/10 2021.10/bin/../lib/gcc/arm-none-eabi/10.3.1/../../../../arm-none-eabi/lib/thumb/v7e-m+fp/hard\libc_nano.a(lib_a-memset.o)
                0x0002b650                memset
 .text          0x0002b660       0x10 c:/program files (x86)/gnu arm embedded toolchain/10 2021.10/bin/../lib/gcc/arm-none-eabi/10.3.1/../../../../arm-none-eabi/lib/thumb/v7e-m+fp/hard\libc_nano.a(lib_a-strlen.o)
                0x0002b660                strlen
 .text._exit    0x0002b670        0x4 c:/program files (x86)/gnu arm embedded toolchain/10 2021.10/bin/../lib/gcc/arm-none-eabi/10.3.1/../../../../arm-none-eabi/lib/thumb/v7e-m+fp/hard\libnosys.a(_exit.o)
                0x0002b670                _exit
 .text          0x0002b674       0x30 c:/program files (x86)/gnu arm embedded toolchain/10 2021.10/bin/../lib/gcc/arm-none-eabi/10.3.1/thumb/v7e-m+fp/hard\libgcc.a(_aeabi_uldivmod.o)
                0x0002b674                __aeabi_uldivmod
 .text          0x0002b6a4      0x2d0 c:/program files (x86)/gnu arm embedded toolchain/10 2021.10/bin/../lib/gcc/arm-none-eabi/10.3.1/thumb/v7e-m+fp/hard\libgcc.a(_udivmoddi4.o)
                0x0002b6a4                __udivmoddi4
 .text          0x0002b974        0x4 c:/program files (x86)/gnu arm embedded toolchain/10 2021.10/bin/../lib/gcc/arm-none-eabi/10.3.1/thumb/v7e-m+fp/hard\libgcc.a(_dvmd_tls.o)
                0x0002b974                __aeabi_idiv0
                0x0002b974                __aeabi_ldiv0
 *(.init)
 .init          0x0002b978        0x4 c:/program files (x86)/gnu arm embedded toolchain/10 2021.10/bin/../lib/gcc/arm-none-eabi/10.3.1/thumb/v7e-m+fp/hard/crti.o
                0x0002b978                _init
 .init          0x0002b97c        0x8 c:/program files (x86)/gnu arm embedded toolchain/10 2021.10/bin/../lib/gcc/arm-none-eabi/10.3.1/thumb/v7e-m+fp/hard/crtn.o
 *(.fini)
 .fini          0x0002b984        0x4 c:/program files (x86)/gnu arm embedded toolchain/10 2021.10/bin/../lib/gcc/arm-none-eabi/10.3.1/thumb/v7e-m+fp/hard/crti.o
                0x0002b984                _fini
 .fini          0x0002b988        0x8 c:/program files (x86)/gnu arm embedded toolchain/10 2021.10/bin/../lib/gcc/arm-none-eabi/10.3.1/thumb/v7e-m+fp/hard/crtn.o
 *crtbegin.o(.ctors)
 *crtbegin?.o(.ctors)
 *(EXCLUDE_FILE(*crtend.o *crtend?.o) .ctors)
 *(SORT_BY_NAME(.ctors.*))
 *(.ctors)
 *crtbegin.o(.dtors)
 *crtbegin?.o(.dtors)
 *(EXCLUDE_FILE(*crtend.o *crtend?.o) .dtors)
 *(SORT_BY_NAME(.dtors.*))
 *(.dtors)
 *(.rodata*)
 .rodata        0x0002b990       0x20 _build/nrf52840_xxaa/nrf_log_backend_uart.c.o
 .rodata.nrf_log_backend_uart_api
                0x0002b9b0        0xc _build/nrf52840_xxaa/nrf_log_backend_uart.c.o
                0x0002b9b0                nrf_log_backend_uart_api
 .rodata.str1.4
                0x0002b9bc       0x11 _build/nrf52840_xxaa/nrf_log_default_backends.c.o
 *fill*         0x0002b9cd        0x3 
 .rodata.nrf_log_frontend_dequeue.str1.4
                0x0002b9d0       0x11 _build/nrf52840_xxaa/nrf_log_frontend.c.o
 *fill*         0x0002b9e1        0x3 
 .rodata.str1.4
                0x0002b9e4        0x4 _build/nrf52840_xxaa/nrf_log_frontend.c.o
 .rodata.m_log_push_ringbuf
                0x0002b9e8        0xc _build/nrf52840_xxaa/nrf_log_frontend.c.o
 .rodata.prefix_process.str1.4
                0x0002b9f4       0x36 _build/nrf52840_xxaa/nrf_log_str_formatter.c.o
 *fill*         0x0002ba2a        0x2 
 .rodata.nrf_log_std_entry_process.str1.4
                0x0002ba2c        0x3 _build/nrf52840_xxaa/nrf_log_str_formatter.c.o
 *fill*         0x0002ba2f        0x1 
 .rodata.nrf_log_hexdump_entry_process.str1.4
                0x0002ba30       0x13 _build/nrf52840_xxaa/nrf_log_str_formatter.c.o
                                 0x16 (size before relaxing)
 *fill*         0x0002ba43        0x1 
 .rodata.str1.4
                0x0002ba44       0x56 _build/nrf52840_xxaa/nrf_log_str_formatter.c.o
 *fill*         0x0002ba9a        0x2 
 .rodata.m_colors
                0x0002ba9c       0x24 _build/nrf52840_xxaa/nrf_log_str_formatter.c.o
 .rodata.severity_names
                0x0002bac0       0x14 _build/nrf52840_xxaa/nrf_log_str_formatter.c.o
 .rodata.str1.4
                0x0002bad4        0xb _build/nrf52840_xxaa/app_button.c.o
 *fill*         0x0002badf        0x1 
 .rodata.m_detection_delay_timer_id
                0x0002bae0        0x4 _build/nrf52840_xxaa/app_button.c.o
 .rodata.app_error_fault_handler.str1.4
                0x0002bae4       0x19 _build/nrf52840_xxaa/app_error_weak.c.o
 *fill*         0x0002bafd        0x3 
 .rodata.str1.4
                0x0002bb00        0xa _build/nrf52840_xxaa/app_timer2.c.o
 *fill*         0x0002bb0a        0x2 
 .rodata        0x0002bb0c        0x4 _build/nrf52840_xxaa/app_timer2.c.o
 .rodata.m_app_timer_sortlist
                0x0002bb10        0xc _build/nrf52840_xxaa/app_timer2.c.o
 .rodata.drv_rtc_init.str1.4
                0x0002bb1c       0x36 _build/nrf52840_xxaa/drv_rtc.c.o
 *fill*         0x0002bb52        0xe 
 .rodata.delay_machine_code.0
                0x0002bb60        0x6 _build/nrf52840_xxaa/drv_rtc.c.o
 *fill*         0x0002bb66        0x2 
 .rodata._aV2C.0
                0x0002bb68       0x10 _build/nrf52840_xxaa/nrf_fprintf_format.c.o
 .rodata.str1.4
                0x0002bb78        0x9 _build/nrf52840_xxaa/nrf_pwr_mgmt.c.o
 *fill*         0x0002bb81        0x3 
 .rodata.pwr_mgmt_data
                0x0002bb84        0xc _build/nrf52840_xxaa/nrf_pwr_mgmt.c.o
 .rodata.str1.4
                0x0002bb90        0x9 _build/nrf52840_xxaa/nrf_sortlist.c.o
 *fill*         0x0002bb99        0x3 
 .rodata.str1.4
                0x0002bb9c      0x3e9 _build/nrf52840_xxaa/nrf_strerror.c.o
 *fill*         0x0002bf85        0x3 
 .rodata.m_unknown_str
                0x0002bf88       0x13 _build/nrf52840_xxaa/nrf_strerror.c.o
 *fill*         0x0002bf9b        0x1 
 .rodata.nrf_strerror_array
                0x0002bf9c      0x128 _build/nrf52840_xxaa/nrf_strerror.c.o
 .rodata.CSWTCH.15
                0x0002c0c4        0x6 _build/nrf52840_xxaa/system_nrf52840.c.o
 *fill*         0x0002c0ca        0x2 
 .rodata.CSWTCH.6
                0x0002c0cc        0x6 _build/nrf52840_xxaa/system_nrf52840.c.o
 *fill*         0x0002c0d2        0x2 
 .rodata.m_board_led_list
                0x0002c0d4        0x2 _build/nrf52840_xxaa/boards.c.o
 *fill*         0x0002c0d6        0x2 
 .rodata.str1.4
                0x0002c0d8        0x6 _build/nrf52840_xxaa/nrf_drv_clock.c.o
 *fill*         0x0002c0de        0x2 
 .rodata.str1.4
                0x0002c0e0        0x6 _build/nrf52840_xxaa/nrfx_clock.c.o
 *fill*         0x0002c0e6        0x2 
 .rodata.str1.4
                0x0002c0e8        0x4 _build/nrf52840_xxaa/nrfx_rtc.c.o
 .rodata.str1.4
                0x0002c0ec        0x7 _build/nrf52840_xxaa/nrfx_gpiote.c.o
 *fill*         0x0002c0f3        0x1 
 .rodata.str1.4
                0x0002c0f4        0x4 _build/nrf52840_xxaa/nrfx_prs.c.o
 .rodata.str1.4
                0x0002c0f8        0x5 _build/nrf52840_xxaa/nrfx_uart.c.o
 *fill*         0x0002c0fd        0x3 
 .rodata.str1.4
                0x0002c100        0x6 _build/nrf52840_xxaa/nrfx_uarte.c.o
 *fill*         0x0002c106        0x2 
 .rodata.app_buttons
                0x0002c108        0x8 _build/nrf52840_xxaa/bsp.c.o
 .rodata.m_bsp_alert_tmr
                0x0002c110        0x4 _build/nrf52840_xxaa/bsp.c.o
 .rodata.m_bsp_button_tmr
                0x0002c114        0x4 _build/nrf52840_xxaa/bsp.c.o
 .rodata.m_bsp_leds_tmr
                0x0002c118        0x4 _build/nrf52840_xxaa/bsp.c.o
 .rodata.adv_update_timeout_handler.str1.4
                0x0002c11c       0x52 _build/nrf52840_xxaa/main.c.o
 *fill*         0x0002c16e        0x2 
 .rodata.main.str1.4
                0x0002c170       0x11 _build/nrf52840_xxaa/main.c.o
 *fill*         0x0002c181        0x3 
 .rodata.m_adv_update_timer_id
                0x0002c184        0x4 _build/nrf52840_xxaa/main.c.o
 .rodata.str1.4
                0x0002c188        0x8 _build/nrf52840_xxaa/nrf_sdh.c.o
 .rodata        0x0002c190        0x4 _build/nrf52840_xxaa/nrf_sdh.c.o
 .rodata.sdh_req_observers
                0x0002c194        0xc _build/nrf52840_xxaa/nrf_sdh.c.o
 .rodata.sdh_stack_observers
                0x0002c1a0        0xc _build/nrf52840_xxaa/nrf_sdh.c.o
 .rodata.sdh_state_observers
                0x0002c1ac        0xc _build/nrf52840_xxaa/nrf_sdh.c.o
 .rodata.nrf_sdh_ble_default_cfg_set.str1.4
                0x0002c1b8      0x187 _build/nrf52840_xxaa/nrf_sdh_ble.c.o
 *fill*         0x0002c33f        0x1 
 .rodata.nrf_sdh_ble_enable.str1.4
                0x0002c340       0xad _build/nrf52840_xxaa/nrf_sdh_ble.c.o
 *fill*         0x0002c3ed        0x3 
 .rodata.str1.4
                0x0002c3f0        0xc _build/nrf52840_xxaa/nrf_sdh_ble.c.o
 .rodata.sdh_ble_observers
                0x0002c3fc        0xc _build/nrf52840_xxaa/nrf_sdh_ble.c.o
 .rodata.str1.4
                0x0002c408        0xc _build/nrf52840_xxaa/nrf_sdh_soc.c.o
 .rodata.sdh_soc_observers
                0x0002c414        0xc _build/nrf52840_xxaa/nrf_sdh_soc.c.o
 .rodata._ctype_
                0x0002c420      0x101 c:/program files (x86)/gnu arm embedded toolchain/10 2021.10/bin/../lib/gcc/arm-none-eabi/10.3.1/../../../../arm-none-eabi/lib/thumb/v7e-m+fp/hard\libc_nano.a(lib_a-ctype_.o)
                0x0002c420                _ctype_
 *fill*         0x0002c521        0x3 
 .rodata._global_impure_ptr
                0x0002c524        0x4 c:/program files (x86)/gnu arm embedded toolchain/10 2021.10/bin/../lib/gcc/arm-none-eabi/10.3.1/../../../../arm-none-eabi/lib/thumb/v7e-m+fp/hard\libc_nano.a(lib_a-impure.o)
                0x0002c524                _global_impure_ptr
 *(.eh_frame*)
 .eh_frame      0x0002c528        0x0 c:/program files (x86)/gnu arm embedded toolchain/10 2021.10/bin/../lib/gcc/arm-none-eabi/10.3.1/thumb/v7e-m+fp/hard/crtbegin.o
 .eh_frame      0x0002c528        0x4 c:/program files (x86)/gnu arm embedded toolchain/10 2021.10/bin/../lib/gcc/arm-none-eabi/10.3.1/thumb/v7e-m+fp/hard/crtend.o

.glue_7         0x0002c52c        0x0
 .glue_7        0x0002c52c        0x0 linker stubs

.glue_7t        0x0002c52c        0x0
 .glue_7t       0x0002c52c        0x0 linker stubs

.vfp11_veneer   0x0002c52c        0x0
 .vfp11_veneer  0x0002c52c        0x0 linker stubs

.v4_bx          0x0002c52c        0x0
 .v4_bx         0x0002c52c        0x0 linker stubs

.iplt           0x0002c52c        0x0
 .iplt          0x0002c52c        0x0 c:/program files (x86)/gnu arm embedded toolchain/10 2021.10/bin/../lib/gcc/arm-none-eabi/10.3.1/thumb/v7e-m+fp/hard/crtbegin.o

.mem_section_dummy_rom

.sdh_soc_observers
                0x0002c52c        0x8
                0x0002c52c                PROVIDE (__start_sdh_soc_observers = .)
 *(SORT_BY_NAME(.sdh_soc_observers*))
 .sdh_soc_observers0
                0x0002c52c        0x8 _build/nrf52840_xxaa/nrf_drv_clock.c.o
                0x0002c534                PROVIDE (__stop_sdh_soc_observers = .)

.sdh_ble_observers
                0x0002c534        0x0
                0x0002c534                PROVIDE (__start_sdh_ble_observers = .)
 *(SORT_BY_NAME(.sdh_ble_observers*))
                0x0002c534                PROVIDE (__stop_sdh_ble_observers = .)

.pwr_mgmt_data  0x0002c534        0x0
                0x0002c534                PROVIDE (__start_pwr_mgmt_data = .)
 *(SORT_BY_NAME(.pwr_mgmt_data*))
                0x0002c534                PROVIDE (__stop_pwr_mgmt_data = .)

.sdh_req_observers
                0x0002c534        0x0
                0x0002c534                PROVIDE (__start_sdh_req_observers = .)
 *(SORT_BY_NAME(.sdh_req_observers*))
                0x0002c534                PROVIDE (__stop_sdh_req_observers = .)

.sdh_state_observers
                0x0002c534        0x8
                0x0002c534                PROVIDE (__start_sdh_state_observers = .)
 *(SORT_BY_NAME(.sdh_state_observers*))
 .sdh_state_observers0
                0x0002c534        0x8 _build/nrf52840_xxaa/nrf_drv_clock.c.o
                0x0002c53c                PROVIDE (__stop_sdh_state_observers = .)

.sdh_stack_observers
                0x0002c53c       0x10
                0x0002c53c                PROVIDE (__start_sdh_stack_observers = .)
 *(SORT_BY_NAME(.sdh_stack_observers*))
 .sdh_stack_observers0
                0x0002c53c        0x8 _build/nrf52840_xxaa/nrf_sdh_ble.c.o
 .sdh_stack_observers0
                0x0002c544        0x8 _build/nrf52840_xxaa/nrf_sdh_soc.c.o
                0x0002c54c                PROVIDE (__stop_sdh_stack_observers = .)

.nrf_queue      0x0002c54c        0x0
                [!provide]                PROVIDE (__start_nrf_queue = .)
 *(.nrf_queue)
                [!provide]                PROVIDE (__stop_nrf_queue = .)

.nrf_balloc     0x0002c54c       0x14
                [!provide]                PROVIDE (__start_nrf_balloc = .)
 *(.nrf_balloc)
 .nrf_balloc    0x0002c54c       0x14 _build/nrf52840_xxaa/nrf_log_frontend.c.o
                0x0002c54c                log_mempool
                [!provide]                PROVIDE (__stop_nrf_balloc = .)

.cli_command    0x0002c560        0x0
                [!provide]                PROVIDE (__start_cli_command = .)
 *(.cli_command)
                [!provide]                PROVIDE (__stop_cli_command = .)

.crypto_data    0x0002c560        0x0
                [!provide]                PROVIDE (__start_crypto_data = .)
 *(SORT_BY_NAME(.crypto_data*))
                [!provide]                PROVIDE (__stop_crypto_data = .)

.log_const_data
                0x0002c560       0x78
                0x0002c560                PROVIDE (__start_log_const_data = .)
 *(SORT_BY_NAME(.log_const_data*))
 .log_const_data_CLOCK
                0x0002c560        0x8 _build/nrf52840_xxaa/nrfx_clock.c.o
                0x0002c560                m_nrf_log_CLOCK_logs_data_const
 .log_const_data_GPIOTE
                0x0002c568        0x8 _build/nrf52840_xxaa/nrfx_gpiote.c.o
                0x0002c568                m_nrf_log_GPIOTE_logs_data_const
 .log_const_data_PRS
                0x0002c570        0x8 _build/nrf52840_xxaa/nrfx_prs.c.o
                0x0002c570                m_nrf_log_PRS_logs_data_const
 .log_const_data_RTC
                0x0002c578        0x8 _build/nrf52840_xxaa/nrfx_rtc.c.o
                0x0002c578                m_nrf_log_RTC_logs_data_const
 .log_const_data_UART
                0x0002c580        0x8 _build/nrf52840_xxaa/nrfx_uart.c.o
                0x0002c580                m_nrf_log_UART_logs_data_const
 .log_const_data_UARTE
                0x0002c588        0x8 _build/nrf52840_xxaa/nrfx_uarte.c.o
                0x0002c588                m_nrf_log_UARTE_logs_data_const
 .log_const_data_app
                0x0002c590        0x8 _build/nrf52840_xxaa/nrf_log_frontend.c.o
                0x0002c590                m_nrf_log_app_logs_data_const
 .log_const_data_app_button
                0x0002c598        0x8 _build/nrf52840_xxaa/app_button.c.o
                0x0002c598                m_nrf_log_app_button_logs_data_const
 .log_const_data_app_timer
                0x0002c5a0        0x8 _build/nrf52840_xxaa/app_timer2.c.o
                0x0002c5a0                m_nrf_log_app_timer_logs_data_const
 .log_const_data_clock
                0x0002c5a8        0x8 _build/nrf52840_xxaa/nrf_drv_clock.c.o
                0x0002c5a8                m_nrf_log_clock_logs_data_const
 .log_const_data_nrf_sdh
                0x0002c5b0        0x8 _build/nrf52840_xxaa/nrf_sdh.c.o
                0x0002c5b0                m_nrf_log_nrf_sdh_logs_data_const
 .log_const_data_nrf_sdh_ble
                0x0002c5b8        0x8 _build/nrf52840_xxaa/nrf_sdh_ble.c.o
                0x0002c5b8                m_nrf_log_nrf_sdh_ble_logs_data_const
 .log_const_data_nrf_sdh_soc
                0x0002c5c0        0x8 _build/nrf52840_xxaa/nrf_sdh_soc.c.o
                0x0002c5c0                m_nrf_log_nrf_sdh_soc_logs_data_const
 .log_const_data_pwr_mgmt
                0x0002c5c8        0x8 _build/nrf52840_xxaa/nrf_pwr_mgmt.c.o
                0x0002c5c8                m_nrf_log_pwr_mgmt_logs_data_const
 .log_const_data_sortlist
                0x0002c5d0        0x8 _build/nrf52840_xxaa/nrf_sortlist.c.o
                0x0002c5d0                m_nrf_log_sortlist_logs_data_const
                0x0002c5d8                PROVIDE (__stop_log_const_data = .)

.log_backends   0x0002c5d8       0x10
                [!provide]                PROVIDE (__start_log_backends = .)
 *(SORT_BY_NAME(.log_backends*))
 .log_backends  0x0002c5d8       0x10 _build/nrf52840_xxaa/nrf_log_default_backends.c.o
                [!provide]                PROVIDE (__stop_log_backends = .)

.ARM.extab
 *(.ARM.extab* .gnu.linkonce.armextab.*)
                0x0002c5e8                __exidx_start = .

.ARM.exidx      0x0002c5e8        0x8
 *(.ARM.exidx* .gnu.linkonce.armexidx.*)
 .ARM.exidx     0x0002c5e8        0x8 c:/program files (x86)/gnu arm embedded toolchain/10 2021.10/bin/../lib/gcc/arm-none-eabi/10.3.1/../../../../arm-none-eabi/lib/thumb/v7e-m+fp/hard/crt0.o
                                 0x10 (size before relaxing)
 .ARM.exidx     0x0002c5f0        0x0 c:/program files (x86)/gnu arm embedded toolchain/10 2021.10/bin/../lib/gcc/arm-none-eabi/10.3.1/thumb/v7e-m+fp/hard\libgcc.a(_udivmoddi4.o)
                                  0x8 (size before relaxing)
                0x0002c5f0                __exidx_end = .

.rel.dyn        0x0002c5f0        0x0
 .rel.iplt      0x0002c5f0        0x0 c:/program files (x86)/gnu arm embedded toolchain/10 2021.10/bin/../lib/gcc/arm-none-eabi/10.3.1/thumb/v7e-m+fp/hard/crtbegin.o
                0x0002c5f0                . = ALIGN (0x4)
                0x0002c5f0                __etext = .

.data           0x20002300      0x15c load address 0x0002c5f0
                0x20002300                __data_start__ = .
 *(vtable)
 *(.data*)
 .data.m_uart   0x20002300       0x14 _build/nrf52840_xxaa/nrf_log_backend_uart.c.o
                0x20002300                m_uart
 .data.log_backend_cb_uart_log_backend
                0x20002314        0x8 _build/nrf52840_xxaa/nrf_log_default_backends.c.o
 *fill*         0x2000231c        0x4 
 .data.m_detection_delay_timer_id_data
                0x20002320       0x20 _build/nrf52840_xxaa/app_button.c.o
 .data.m_rtc_inst
                0x20002340        0x8 _build/nrf52840_xxaa/app_timer2.c.o
 .data.SystemCoreClock
                0x20002348        0x4 _build/nrf52840_xxaa/system_nrf52840.c.o
                0x20002348                SystemCoreClock
 *fill*         0x2000234c        0x4 
 .data.m_bsp_alert_tmr_data
                0x20002350       0x20 _build/nrf52840_xxaa/bsp.c.o
 .data.m_bsp_button_tmr_data
                0x20002370       0x20 _build/nrf52840_xxaa/bsp.c.o
 .data.m_bsp_leds_tmr_data
                0x20002390       0x20 _build/nrf52840_xxaa/bsp.c.o
 .data.m_adv_data
                0x200023b0       0x10 _build/nrf52840_xxaa/main.c.o
 .data.m_adv_handle
                0x200023c0        0x1 _build/nrf52840_xxaa/main.c.o
 *fill*         0x200023c1        0x7 
 .data.m_adv_update_timer_id_data
                0x200023c8       0x20 _build/nrf52840_xxaa/main.c.o
 .data.m_beacon_info
                0x200023e8        0xc _build/nrf52840_xxaa/main.c.o
 .data.impure_data
                0x200023f4       0x60 c:/program files (x86)/gnu arm embedded toolchain/10 2021.10/bin/../lib/gcc/arm-none-eabi/10.3.1/../../../../arm-none-eabi/lib/thumb/v7e-m+fp/hard\libc_nano.a(lib_a-impure.o)
                0x20002454                . = ALIGN (0x4)
                0x20002454                PROVIDE (__preinit_array_start = .)
 *(.preinit_array)
                0x20002454                PROVIDE (__preinit_array_end = .)
                0x20002454                . = ALIGN (0x4)
                0x20002454                PROVIDE (__init_array_start = .)
 *(SORT_BY_NAME(.init_array.*))
 *(.init_array)
 .init_array    0x20002454        0x4 c:/program files (x86)/gnu arm embedded toolchain/10 2021.10/bin/../lib/gcc/arm-none-eabi/10.3.1/thumb/v7e-m+fp/hard/crtbegin.o
                0x20002458                PROVIDE (__init_array_end = .)
                0x20002458                . = ALIGN (0x4)
                [!provide]                PROVIDE (__fini_array_start = .)
 *(SORT_BY_NAME(.fini_array.*))
 *(.fini_array)
 .fini_array    0x20002458        0x4 c:/program files (x86)/gnu arm embedded toolchain/10 2021.10/bin/../lib/gcc/arm-none-eabi/10.3.1/thumb/v7e-m+fp/hard/crtbegin.o
                [!provide]                PROVIDE (__fini_array_end = .)
 *(.jcr*)
                0x2000245c                . = ALIGN (0x4)
                0x2000245c                __data_end__ = .
LOAD c:/program files (x86)/gnu arm embedded toolchain/10 2021.10/bin/../lib/gcc/arm-none-eabi/10.3.1/thumb/v7e-m+fp/hard/crti.o
LOAD c:/program files (x86)/gnu arm embedded toolchain/10 2021.10/bin/../lib/gcc/arm-none-eabi/10.3.1/thumb/v7e-m+fp/hard/crtbegin.o
LOAD c:/program files (x86)/gnu arm embedded toolchain/10 2021.10/bin/../lib/gcc/arm-none-eabi/10.3.1/../../../../arm-none-eabi/lib/thumb/v7e-m+fp/hard/crt0.o
LOAD _build/nrf52840_xxaa/gcc_startup_nrf52840.S.o
LOAD _build/nrf52840_xxaa/nrf_log_backend_rtt.c.o
LOAD _build/nrf52840_xxaa/nrf_log_backend_serial.c.o
LOAD _build/nrf52840_xxaa/nrf_log_backend_uart.c.o
LOAD _build/nrf52840_xxaa/nrf_log_default_backends.c.o
LOAD _build/nrf52840_xxaa/nrf_log_frontend.c.o
LOAD _build/nrf52840_xxaa/nrf_log_str_formatter.c.o
LOAD _build/nrf52840_xxaa/app_button.c.o
LOAD _build/nrf52840_xxaa/app_error.c.o
LOAD _build/nrf52840_xxaa/app_error_handler_gcc.c.o
LOAD _build/nrf52840_xxaa/app_error_weak.c.o
LOAD _build/nrf52840_xxaa/app_scheduler.c.o
LOAD _build/nrf52840_xxaa/app_timer2.c.o
LOAD _build/nrf52840_xxaa/app_util_platform.c.o
LOAD _build/nrf52840_xxaa/drv_rtc.c.o
LOAD _build/nrf52840_xxaa/hardfault_implementation.c.o
LOAD _build/nrf52840_xxaa/nrf_assert.c.o
LOAD _build/nrf52840_xxaa/nrf_atfifo.c.o
LOAD _build/nrf52840_xxaa/nrf_atomic.c.o
LOAD _build/nrf52840_xxaa/nrf_balloc.c.o
LOAD _build/nrf52840_xxaa/nrf_fprintf.c.o
LOAD _build/nrf52840_xxaa/nrf_fprintf_format.c.o
LOAD _build/nrf52840_xxaa/nrf_memobj.c.o
LOAD _build/nrf52840_xxaa/nrf_pwr_mgmt.c.o
LOAD _build/nrf52840_xxaa/nrf_ringbuf.c.o
LOAD _build/nrf52840_xxaa/nrf_section_iter.c.o
LOAD _build/nrf52840_xxaa/nrf_sortlist.c.o
LOAD _build/nrf52840_xxaa/nrf_strerror.c.o
LOAD _build/nrf52840_xxaa/system_nrf52840.c.o
LOAD _build/nrf52840_xxaa/boards.c.o
LOAD _build/nrf52840_xxaa/nrf_drv_clock.c.o
LOAD _build/nrf52840_xxaa/nrf_drv_uart.c.o
LOAD _build/nrf52840_xxaa/nrfx_atomic.c.o
LOAD _build/nrf52840_xxaa/nrfx_clock.c.o
LOAD _build/nrf52840_xxaa/nrfx_rtc.c.o
LOAD _build/nrf52840_xxaa/nrfx_gpiote.c.o
LOAD _build/nrf52840_xxaa/nrfx_prs.c.o
LOAD _build/nrf52840_xxaa/nrfx_uart.c.o
LOAD _build/nrf52840_xxaa/nrfx_uarte.c.o
LOAD _build/nrf52840_xxaa/bsp.c.o
LOAD _build/nrf52840_xxaa/main.c.o
LOAD _build/nrf52840_xxaa/SEGGER_RTT.c.o
LOAD _build/nrf52840_xxaa/SEGGER_RTT_Syscalls_GCC.c.o
LOAD _build/nrf52840_xxaa/SEGGER_RTT_printf.c.o
LOAD _build/nrf52840_xxaa/ble_advdata.c.o
LOAD _build/nrf52840_xxaa/ble_srv_common.c.o
LOAD _build/nrf52840_xxaa/utf.c.o
LOAD _build/nrf52840_xxaa/nrf_sdh.c.o
LOAD _build/nrf52840_xxaa/nrf_sdh_ble.c.o
LOAD _build/nrf52840_xxaa/nrf_sdh_soc.c.o
LOAD c:/program files (x86)/gnu arm embedded toolchain/10 2021.10/bin/../lib/gcc/arm-none-eabi/10.3.1/../../../../arm-none-eabi/lib/thumb/v7e-m+fp/hard\libc_nano.a
LOAD c:/program files (x86)/gnu arm embedded toolchain/10 2021.10/bin/../lib/gcc/arm-none-eabi/10.3.1/../../../../arm-none-eabi/lib/thumb/v7e-m+fp/hard\libnosys.a
LOAD c:/program files (x86)/gnu arm embedded toolchain/10 2021.10/bin/../lib/gcc/arm-none-eabi/10.3.1/../../../../arm-none-eabi/lib/thumb/v7e-m+fp/hard\libm.a
START GROUP
LOAD c:/program files (x86)/gnu arm embedded toolchain/10 2021.10/bin/../lib/gcc/arm-none-eabi/10.3.1/thumb/v7e-m+fp/hard\libgcc.a
LOAD c:/program files (x86)/gnu arm embedded toolchain/10 2021.10/bin/../lib/gcc/arm-none-eabi/10.3.1/../../../../arm-none-eabi/lib/thumb/v7e-m+fp/hard\libg_nano.a
LOAD c:/program files (x86)/gnu arm embedded toolchain/10 2021.10/bin/../lib/gcc/arm-none-eabi/10.3.1/../../../../arm-none-eabi/lib/thumb/v7e-m+fp/hard\libc_nano.a
END GROUP
START GROUP
LOAD c:/program files (x86)/gnu arm embedded toolchain/10 2021.10/bin/../lib/gcc/arm-none-eabi/10.3.1/thumb/v7e-m+fp/hard\libgcc.a
LOAD c:/program files (x86)/gnu arm embedded toolchain/10 2021.10/bin/../lib/gcc/arm-none-eabi/10.3.1/../../../../arm-none-eabi/lib/thumb/v7e-m+fp/hard\libc_nano.a
END GROUP
LOAD c:/program files (x86)/gnu arm embedded toolchain/10 2021.10/bin/../lib/gcc/arm-none-eabi/10.3.1/thumb/v7e-m+fp/hard/crtend.o
LOAD c:/program files (x86)/gnu arm embedded toolchain/10 2021.10/bin/../lib/gcc/arm-none-eabi/10.3.1/thumb/v7e-m+fp/hard/crtn.o
START GROUP
LOAD c:/program files (x86)/gnu arm embedded toolchain/10 2021.10/bin/../lib/gcc/arm-none-eabi/10.3.1/thumb/v7e-m+fp/hard\libgcc.a
LOAD c:/program files (x86)/gnu arm embedded toolchain/10 2021.10/bin/../lib/gcc/arm-none-eabi/10.3.1/../../../../arm-none-eabi/lib/thumb/v7e-m+fp/hard\libc.a
LOAD c:/program files (x86)/gnu arm embedded toolchain/10 2021.10/bin/../lib/gcc/arm-none-eabi/10.3.1/../../../../arm-none-eabi/lib/thumb/v7e-m+fp/hard\libnosys.a
END GROUP

.igot.plt       0x2000245c        0x0 load address 0x0002c74c
 .igot.plt      0x2000245c        0x0 c:/program files (x86)/gnu arm embedded toolchain/10 2021.10/bin/../lib/gcc/arm-none-eabi/10.3.1/thumb/v7e-m+fp/hard/crtbegin.o
                0x2000245c                . = ALIGN (0x4)

.mem_section_dummy_ram

.cli_sorted_cmd_ptrs
                0x2000245c        0x0
                [!provide]                PROVIDE (__start_cli_sorted_cmd_ptrs = .)
 *(.cli_sorted_cmd_ptrs)
                [!provide]                PROVIDE (__stop_cli_sorted_cmd_ptrs = .)

.fs_data        0x2000245c        0x0
                [!provide]                PROVIDE (__start_fs_data = .)
 *(.fs_data)
                [!provide]                PROVIDE (__stop_fs_data = .)

.log_dynamic_data
                0x2000245c        0x0
                0x2000245c                PROVIDE (__start_log_dynamic_data = .)
 *(SORT_BY_NAME(.log_dynamic_data*))
                [!provide]                PROVIDE (__stop_log_dynamic_data = .)

.log_filter_data
                0x2000245c        0x0
                [!provide]                PROVIDE (__start_log_filter_data = .)
 *(SORT_BY_NAME(.log_filter_data*))
                [!provide]                PROVIDE (__stop_log_filter_data = .)

.bss            0x20002460      0x8cc load address 0x0002c750
                0x20002460                . = ALIGN (0x4)
                0x20002460                __bss_start__ = .
 *(.bss*)
 .bss           0x20002460       0x1c c:/program files (x86)/gnu arm embedded toolchain/10 2021.10/bin/../lib/gcc/arm-none-eabi/10.3.1/thumb/v7e-m+fp/hard/crtbegin.o
 .bss.m_async_mode
                0x2000247c        0x1 _build/nrf52840_xxaa/nrf_log_backend_uart.c.o
 *fill*         0x2000247d        0x3 
 .bss.m_string_buff
                0x20002480       0x40 _build/nrf52840_xxaa/nrf_log_backend_uart.c.o
 .bss.m_xfer_done
                0x200024c0        0x1 _build/nrf52840_xxaa/nrf_log_backend_uart.c.o
 *fill*         0x200024c1        0x3 
 .bss.log_mempool_nrf_balloc_cb
                0x200024c4        0x8 _build/nrf52840_xxaa/nrf_log_frontend.c.o
 .bss.log_mempool_nrf_balloc_pool_mem
                0x200024cc       0xc0 _build/nrf52840_xxaa/nrf_log_frontend.c.o
 .bss.log_mempool_nrf_balloc_pool_stack
                0x2000258c        0x8 _build/nrf52840_xxaa/nrf_log_frontend.c.o
 .bss.m_log_data
                0x20002594      0x420 _build/nrf52840_xxaa/nrf_log_frontend.c.o
 .bss.m_log_push_ringbuf_buf
                0x200029b4       0x80 _build/nrf52840_xxaa/nrf_log_frontend.c.o
 .bss.m_log_push_ringbuf_cb
                0x20002a34       0x18 _build/nrf52840_xxaa/nrf_log_frontend.c.o
 .bss.m_button_count
                0x20002a4c        0x1 _build/nrf52840_xxaa/app_button.c.o
 *fill*         0x20002a4d        0x3 
 .bss.m_detection_delay
                0x20002a50        0x4 _build/nrf52840_xxaa/app_button.c.o
 *fill*         0x20002a54        0x4 
 .bss.m_pin_active
                0x20002a58        0x8 _build/nrf52840_xxaa/app_button.c.o
 .bss.m_pin_states
                0x20002a60       0x20 _build/nrf52840_xxaa/app_button.c.o
 .bss.mp_buttons
                0x20002a80        0x4 _build/nrf52840_xxaa/app_button.c.o
 .bss.m_app_timer_sortlist_sortlist_cb
                0x20002a84        0x4 _build/nrf52840_xxaa/app_timer2.c.o
 .bss.m_base_counter
                0x20002a88        0x8 _build/nrf52840_xxaa/app_timer2.c.o
 .bss.m_global_active
                0x20002a90        0x1 _build/nrf52840_xxaa/app_timer2.c.o
 *fill*         0x20002a91        0x3 
 .bss.m_req_fifo_data
                0x20002a94       0x80 _build/nrf52840_xxaa/app_timer2.c.o
 .bss.m_req_fifo_inst
                0x20002b14       0x10 _build/nrf52840_xxaa/app_timer2.c.o
 *fill*         0x20002b24        0x4 
 .bss.m_stamp64
                0x20002b28        0x8 _build/nrf52840_xxaa/app_timer2.c.o
 .bss.mp_active_timer
                0x20002b30        0x4 _build/nrf52840_xxaa/app_timer2.c.o
 .bss.nrf_nvic_state
                0x20002b34        0xc _build/nrf52840_xxaa/app_util_platform.c.o
                0x20002b34                nrf_nvic_state
 .bss.m_cb      0x20002b40        0x8 _build/nrf52840_xxaa/drv_rtc.c.o
 .bss.m_handlers
                0x20002b48        0x4 _build/nrf52840_xxaa/drv_rtc.c.o
 .bss.m_handlers_iter
                0x20002b4c        0x8 _build/nrf52840_xxaa/nrf_pwr_mgmt.c.o
 .bss.m_shutdown_started
                0x20002b54        0x1 _build/nrf52840_xxaa/nrf_pwr_mgmt.c.o
 *fill*         0x20002b55        0x3 
 .bss.m_sysoff_mtx
                0x20002b58        0x4 _build/nrf52840_xxaa/nrf_pwr_mgmt.c.o
 .bss.m_clock_cb
                0x20002b5c       0x14 _build/nrf52840_xxaa/nrf_drv_clock.c.o
 .bss.m_contexts
                0x20002b70        0x8 _build/nrf52840_xxaa/nrf_drv_uart.c.o
 .bss.m_handlers
                0x20002b78        0x8 _build/nrf52840_xxaa/nrf_drv_uart.c.o
 .bss.nrf_drv_uart_use_easy_dma
                0x20002b80        0x2 _build/nrf52840_xxaa/nrf_drv_uart.c.o
                0x20002b80                nrf_drv_uart_use_easy_dma
 *fill*         0x20002b82        0x2 
 .bss.m_clock_cb
                0x20002b84        0x8 _build/nrf52840_xxaa/nrfx_clock.c.o
 .bss.m_handlers
                0x20002b8c        0x4 _build/nrf52840_xxaa/nrfx_rtc.c.o
 .bss.m_cb      0x20002b90       0x6c _build/nrf52840_xxaa/nrfx_gpiote.c.o
 .bss.m_prs_box_4
                0x20002bfc        0x8 _build/nrf52840_xxaa/nrfx_prs.c.o
 *fill*         0x20002c04        0x4 
 .bss.m_cb      0x20002c08       0x2c _build/nrf52840_xxaa/nrfx_uart.c.o
 *fill*         0x20002c34        0x4 
 .bss.m_cb      0x20002c38       0x24 _build/nrf52840_xxaa/nrfx_uarte.c.o
 .bss.current_long_push_pin_no.1
                0x20002c5c        0x1 _build/nrf52840_xxaa/bsp.c.o
 .bss.m_alert_on
                0x20002c5d        0x1 _build/nrf52840_xxaa/bsp.c.o
 *fill*         0x20002c5e        0x2 
 .bss.m_events_list
                0x20002c60        0x3 _build/nrf52840_xxaa/bsp.c.o
 *fill*         0x20002c63        0x1 
 .bss.m_indication_type
                0x20002c64        0x4 _build/nrf52840_xxaa/bsp.c.o
 .bss.m_leds_clear
                0x20002c68        0x1 _build/nrf52840_xxaa/bsp.c.o
 *fill*         0x20002c69        0x3 
 .bss.m_registered_callback
                0x20002c6c        0x4 _build/nrf52840_xxaa/bsp.c.o
 .bss.m_stable_state
                0x20002c70        0x1 _build/nrf52840_xxaa/bsp.c.o
 *fill*         0x20002c71        0x3 
 .bss.release_event_at_push.0
                0x20002c74        0x1 _build/nrf52840_xxaa/bsp.c.o
 *fill*         0x20002c75        0x3 
 .bss.advdata   0x20002c78       0x3c _build/nrf52840_xxaa/main.c.o
                0x20002c78                advdata
 .bss.err_code  0x20002cb4        0x4 _build/nrf52840_xxaa/main.c.o
                0x20002cb4                err_code
 .bss.m_adv_params
                0x20002cb8       0x18 _build/nrf52840_xxaa/main.c.o
 .bss.m_enc_advdata
                0x20002cd0       0x3e _build/nrf52840_xxaa/main.c.o
 *fill*         0x20002d0e        0x2 
 .bss.manuf_specific_data
                0x20002d10        0xc _build/nrf52840_xxaa/main.c.o
                0x20002d10                manuf_specific_data
 .bss.packet_count
                0x20002d1c        0x2 _build/nrf52840_xxaa/main.c.o
 *fill*         0x20002d1e        0x2 
 .bss.tx_time_stamp
                0x20002d20        0x8 _build/nrf52840_xxaa/main.c.o
 .bss.m_nrf_sdh_continue
                0x20002d28        0x1 _build/nrf52840_xxaa/nrf_sdh.c.o
 .bss.m_nrf_sdh_enabled
                0x20002d29        0x1 _build/nrf52840_xxaa/nrf_sdh.c.o
 .bss.m_nrf_sdh_suspended
                0x20002d2a        0x1 _build/nrf52840_xxaa/nrf_sdh.c.o
 .bss.m_stack_is_enabled
                0x20002d2b        0x1 _build/nrf52840_xxaa/nrf_sdh_ble.c.o
 *(COMMON)
                0x20002d2c                . = ALIGN (0x4)
                0x20002d2c                __bss_end__ = .

.heap           0x20002d30     0x2000
                0x20002d30                __HeapBase = .
                0x20002d30                __end__ = .
                [!provide]                PROVIDE (end = .)
 *(.heap*)
 .heap          0x20002d30     0x2000 _build/nrf52840_xxaa/gcc_startup_nrf52840.S.o
                0x20004d30                __HeapLimit = .

.stack_dummy    0x20002d30     0x2000
 *(.stack*)
 .stack         0x20002d30     0x2000 _build/nrf52840_xxaa/gcc_startup_nrf52840.S.o
                0x20040000                __StackTop = (ORIGIN (RAM) + LENGTH (RAM))
                0x2003e000                __StackLimit = (__StackTop - SIZEOF (.stack_dummy))
                0x20040000                PROVIDE (__stack = __StackTop)
                0x00000001                ASSERT ((__StackLimit >= __HeapLimit), region RAM overflowed with stack)
                0x00000160                DataInitFlashUsed = (__bss_start__ - __data_start__)
                0x000065f0                CodeFlashUsed = (__etext - ORIGIN (FLASH))
                0x00006750                TotalFlashUsed = (CodeFlashUsed + DataInitFlashUsed)
                0x00000001                ASSERT ((TotalFlashUsed <= LENGTH (FLASH)), region FLASH overflowed with .data and user data)
OUTPUT(_build/nrf52840_xxaa.out elf32-littlearm)
LOAD linker stubs

.ARM.attributes
                0x00000000       0x30
 .ARM.attributes
                0x00000000       0x1e c:/program files (x86)/gnu arm embedded toolchain/10 2021.10/bin/../lib/gcc/arm-none-eabi/10.3.1/thumb/v7e-m+fp/hard/crti.o
 .ARM.attributes
                0x0000001e       0x34 c:/program files (x86)/gnu arm embedded toolchain/10 2021.10/bin/../lib/gcc/arm-none-eabi/10.3.1/thumb/v7e-m+fp/hard/crtbegin.o
 .ARM.attributes
                0x00000052       0x1c c:/program files (x86)/gnu arm embedded toolchain/10 2021.10/bin/../lib/gcc/arm-none-eabi/10.3.1/../../../../arm-none-eabi/lib/thumb/v7e-m+fp/hard/crt0.o
 .ARM.attributes
                0x0000006e       0x20 _build/nrf52840_xxaa/gcc_startup_nrf52840.S.o
 .ARM.attributes
                0x0000008e       0x34 _build/nrf52840_xxaa/nrf_log_backend_serial.c.o
 .ARM.attributes
                0x000000c2       0x34 _build/nrf52840_xxaa/nrf_log_backend_uart.c.o
 .ARM.attributes
                0x000000f6       0x34 _build/nrf52840_xxaa/nrf_log_default_backends.c.o
 .ARM.attributes
                0x0000012a       0x34 _build/nrf52840_xxaa/nrf_log_frontend.c.o
 .ARM.attributes
                0x0000015e       0x34 _build/nrf52840_xxaa/nrf_log_str_formatter.c.o
 .ARM.attributes
                0x00000192       0x34 _build/nrf52840_xxaa/app_button.c.o
 .ARM.attributes
                0x000001c6       0x34 _build/nrf52840_xxaa/app_error.c.o
 .ARM.attributes
                0x000001fa       0x34 _build/nrf52840_xxaa/app_error_weak.c.o
 .ARM.attributes
                0x0000022e       0x34 _build/nrf52840_xxaa/app_timer2.c.o
 .ARM.attributes
                0x00000262       0x34 _build/nrf52840_xxaa/app_util_platform.c.o
 .ARM.attributes
                0x00000296       0x34 _build/nrf52840_xxaa/drv_rtc.c.o
 .ARM.attributes
                0x000002ca       0x34 _build/nrf52840_xxaa/nrf_atfifo.c.o
 .ARM.attributes
                0x000002fe       0x34 _build/nrf52840_xxaa/nrf_atomic.c.o
 .ARM.attributes
                0x00000332       0x34 _build/nrf52840_xxaa/nrf_balloc.c.o
 .ARM.attributes
                0x00000366       0x34 _build/nrf52840_xxaa/nrf_fprintf.c.o
 .ARM.attributes
                0x0000039a       0x34 _build/nrf52840_xxaa/nrf_fprintf_format.c.o
 .ARM.attributes
                0x000003ce       0x34 _build/nrf52840_xxaa/nrf_memobj.c.o
 .ARM.attributes
                0x00000402       0x34 _build/nrf52840_xxaa/nrf_pwr_mgmt.c.o
 .ARM.attributes
                0x00000436       0x34 _build/nrf52840_xxaa/nrf_ringbuf.c.o
 .ARM.attributes
                0x0000046a       0x34 _build/nrf52840_xxaa/nrf_section_iter.c.o
 .ARM.attributes
                0x0000049e       0x34 _build/nrf52840_xxaa/nrf_sortlist.c.o
 .ARM.attributes
                0x000004d2       0x34 _build/nrf52840_xxaa/nrf_strerror.c.o
 .ARM.attributes
                0x00000506       0x34 _build/nrf52840_xxaa/system_nrf52840.c.o
 .ARM.attributes
                0x0000053a       0x34 _build/nrf52840_xxaa/boards.c.o
 .ARM.attributes
                0x0000056e       0x34 _build/nrf52840_xxaa/nrf_drv_clock.c.o
 .ARM.attributes
                0x000005a2       0x34 _build/nrf52840_xxaa/nrf_drv_uart.c.o
 .ARM.attributes
                0x000005d6       0x34 _build/nrf52840_xxaa/nrfx_clock.c.o
 .ARM.attributes
                0x0000060a       0x34 _build/nrf52840_xxaa/nrfx_rtc.c.o
 .ARM.attributes
                0x0000063e       0x34 _build/nrf52840_xxaa/nrfx_gpiote.c.o
 .ARM.attributes
                0x00000672       0x34 _build/nrf52840_xxaa/nrfx_prs.c.o
 .ARM.attributes
                0x000006a6       0x34 _build/nrf52840_xxaa/nrfx_uart.c.o
 .ARM.attributes
                0x000006da       0x34 _build/nrf52840_xxaa/nrfx_uarte.c.o
 .ARM.attributes
                0x0000070e       0x34 _build/nrf52840_xxaa/bsp.c.o
 .ARM.attributes
                0x00000742       0x34 _build/nrf52840_xxaa/main.c.o
 .ARM.attributes
                0x00000776       0x34 _build/nrf52840_xxaa/ble_advdata.c.o
 .ARM.attributes
                0x000007aa       0x34 _build/nrf52840_xxaa/nrf_sdh.c.o
 .ARM.attributes
                0x000007de       0x34 _build/nrf52840_xxaa/nrf_sdh_ble.c.o
 .ARM.attributes
                0x00000812       0x34 _build/nrf52840_xxaa/nrf_sdh_soc.c.o
 .ARM.attributes
                0x00000846       0x34 c:/program files (x86)/gnu arm embedded toolchain/10 2021.10/bin/../lib/gcc/arm-none-eabi/10.3.1/../../../../arm-none-eabi/lib/thumb/v7e-m+fp/hard\libc_nano.a(lib_a-ctype_.o)
 .ARM.attributes
                0x0000087a       0x34 c:/program files (x86)/gnu arm embedded toolchain/10 2021.10/bin/../lib/gcc/arm-none-eabi/10.3.1/../../../../arm-none-eabi/lib/thumb/v7e-m+fp/hard\libc_nano.a(lib_a-exit.o)
 .ARM.attributes
                0x000008ae       0x34 c:/program files (x86)/gnu arm embedded toolchain/10 2021.10/bin/../lib/gcc/arm-none-eabi/10.3.1/../../../../arm-none-eabi/lib/thumb/v7e-m+fp/hard\libc_nano.a(lib_a-impure.o)
 .ARM.attributes
                0x000008e2       0x34 c:/program files (x86)/gnu arm embedded toolchain/10 2021.10/bin/../lib/gcc/arm-none-eabi/10.3.1/../../../../arm-none-eabi/lib/thumb/v7e-m+fp/hard\libc_nano.a(lib_a-init.o)
 .ARM.attributes
                0x00000916       0x34 c:/program files (x86)/gnu arm embedded toolchain/10 2021.10/bin/../lib/gcc/arm-none-eabi/10.3.1/../../../../arm-none-eabi/lib/thumb/v7e-m+fp/hard\libc_nano.a(lib_a-memcpy-stub.o)
 .ARM.attributes
                0x0000094a       0x34 c:/program files (x86)/gnu arm embedded toolchain/10 2021.10/bin/../lib/gcc/arm-none-eabi/10.3.1/../../../../arm-none-eabi/lib/thumb/v7e-m+fp/hard\libc_nano.a(lib_a-memset.o)
 .ARM.attributes
                0x0000097e       0x17 c:/program files (x86)/gnu arm embedded toolchain/10 2021.10/bin/../lib/gcc/arm-none-eabi/10.3.1/../../../../arm-none-eabi/lib/thumb/v7e-m+fp/hard\libc_nano.a(lib_a-strlen.o)
 .ARM.attributes
                0x00000995       0x34 c:/program files (x86)/gnu arm embedded toolchain/10 2021.10/bin/../lib/gcc/arm-none-eabi/10.3.1/../../../../arm-none-eabi/lib/thumb/v7e-m+fp/hard\libnosys.a(_exit.o)
 .ARM.attributes
                0x000009c9       0x1e c:/program files (x86)/gnu arm embedded toolchain/10 2021.10/bin/../lib/gcc/arm-none-eabi/10.3.1/thumb/v7e-m+fp/hard\libgcc.a(_aeabi_uldivmod.o)
 .ARM.attributes
                0x000009e7       0x34 c:/program files (x86)/gnu arm embedded toolchain/10 2021.10/bin/../lib/gcc/arm-none-eabi/10.3.1/thumb/v7e-m+fp/hard\libgcc.a(_udivmoddi4.o)
 .ARM.attributes
                0x00000a1b       0x1e c:/program files (x86)/gnu arm embedded toolchain/10 2021.10/bin/../lib/gcc/arm-none-eabi/10.3.1/thumb/v7e-m+fp/hard\libgcc.a(_dvmd_tls.o)
 .ARM.attributes
                0x00000a39       0x34 c:/program files (x86)/gnu arm embedded toolchain/10 2021.10/bin/../lib/gcc/arm-none-eabi/10.3.1/thumb/v7e-m+fp/hard/crtend.o
 .ARM.attributes
                0x00000a6d       0x1e c:/program files (x86)/gnu arm embedded toolchain/10 2021.10/bin/../lib/gcc/arm-none-eabi/10.3.1/thumb/v7e-m+fp/hard/crtn.o

.comment        0x00000000       0x49
 .comment       0x00000000       0x49 _build/nrf52840_xxaa/nrf_log_backend_serial.c.o
                                 0x4a (size before relaxing)
 .comment       0x00000049       0x4a _build/nrf52840_xxaa/nrf_log_backend_uart.c.o
 .comment       0x00000049       0x4a _build/nrf52840_xxaa/nrf_log_default_backends.c.o
 .comment       0x00000049       0x4a _build/nrf52840_xxaa/nrf_log_frontend.c.o
 .comment       0x00000049       0x4a _build/nrf52840_xxaa/nrf_log_str_formatter.c.o
 .comment       0x00000049       0x4a _build/nrf52840_xxaa/app_button.c.o
 .comment       0x00000049       0x4a _build/nrf52840_xxaa/app_error.c.o
 .comment       0x00000049       0x4a _build/nrf52840_xxaa/app_error_weak.c.o
 .comment       0x00000049       0x4a _build/nrf52840_xxaa/app_timer2.c.o
 .comment       0x00000049       0x4a _build/nrf52840_xxaa/app_util_platform.c.o
 .comment       0x00000049       0x4a _build/nrf52840_xxaa/drv_rtc.c.o
 .comment       0x00000049       0x4a _build/nrf52840_xxaa/nrf_atfifo.c.o
 .comment       0x00000049       0x4a _build/nrf52840_xxaa/nrf_atomic.c.o
 .comment       0x00000049       0x4a _build/nrf52840_xxaa/nrf_balloc.c.o
 .comment       0x00000049       0x4a _build/nrf52840_xxaa/nrf_fprintf.c.o
 .comment       0x00000049       0x4a _build/nrf52840_xxaa/nrf_fprintf_format.c.o
 .comment       0x00000049       0x4a _build/nrf52840_xxaa/nrf_memobj.c.o
 .comment       0x00000049       0x4a _build/nrf52840_xxaa/nrf_pwr_mgmt.c.o
 .comment       0x00000049       0x4a _build/nrf52840_xxaa/nrf_ringbuf.c.o
 .comment       0x00000049       0x4a _build/nrf52840_xxaa/nrf_section_iter.c.o
 .comment       0x00000049       0x4a _build/nrf52840_xxaa/nrf_sortlist.c.o
 .comment       0x00000049       0x4a _build/nrf52840_xxaa/nrf_strerror.c.o
 .comment       0x00000049       0x4a _build/nrf52840_xxaa/system_nrf52840.c.o
 .comment       0x00000049       0x4a _build/nrf52840_xxaa/boards.c.o
 .comment       0x00000049       0x4a _build/nrf52840_xxaa/nrf_drv_clock.c.o
 .comment       0x00000049       0x4a _build/nrf52840_xxaa/nrf_drv_uart.c.o
 .comment       0x00000049       0x4a _build/nrf52840_xxaa/nrfx_clock.c.o
 .comment       0x00000049       0x4a _build/nrf52840_xxaa/nrfx_rtc.c.o
 .comment       0x00000049       0x4a _build/nrf52840_xxaa/nrfx_gpiote.c.o
 .comment       0x00000049       0x4a _build/nrf52840_xxaa/nrfx_prs.c.o
 .comment       0x00000049       0x4a _build/nrf52840_xxaa/nrfx_uart.c.o
 .comment       0x00000049       0x4a _build/nrf52840_xxaa/nrfx_uarte.c.o
 .comment       0x00000049       0x4a _build/nrf52840_xxaa/bsp.c.o
 .comment       0x00000049       0x4a _build/nrf52840_xxaa/main.c.o
 .comment       0x00000049       0x4a _build/nrf52840_xxaa/ble_advdata.c.o
 .comment       0x00000049       0x4a _build/nrf52840_xxaa/nrf_sdh.c.o
 .comment       0x00000049       0x4a _build/nrf52840_xxaa/nrf_sdh_ble.c.o
 .comment       0x00000049       0x4a _build/nrf52840_xxaa/nrf_sdh_soc.c.o

.debug_line     0x00000000    0x2451d
 .debug_line    0x00000000       0x89 _build/nrf52840_xxaa/gcc_startup_nrf52840.S.o
 .debug_line    0x00000089      0x936 _build/nrf52840_xxaa/nrf_log_backend_serial.c.o
 .debug_line    0x000009bf      0xc69 _build/nrf52840_xxaa/nrf_log_backend_uart.c.o
 .debug_line    0x00001628      0x827 _build/nrf52840_xxaa/nrf_log_default_backends.c.o
 .debug_line    0x00001e4f     0x2bbe _build/nrf52840_xxaa/nrf_log_frontend.c.o
 .debug_line    0x00004a0d      0xa8c _build/nrf52840_xxaa/nrf_log_str_formatter.c.o
 .debug_line    0x00005499     0x1376 _build/nrf52840_xxaa/app_button.c.o
 .debug_line    0x0000680f      0x5d8 _build/nrf52840_xxaa/app_error.c.o
 .debug_line    0x00006de7      0x92b _build/nrf52840_xxaa/app_error_weak.c.o
 .debug_line    0x00007712     0x1329 _build/nrf52840_xxaa/app_timer2.c.o
 .debug_line    0x00008a3b      0x81c _build/nrf52840_xxaa/app_util_platform.c.o
 .debug_line    0x00009257     0x1587 _build/nrf52840_xxaa/drv_rtc.c.o
 .debug_line    0x0000a7de      0xaf4 _build/nrf52840_xxaa/nrf_atfifo.c.o
 .debug_line    0x0000b2d2      0x930 _build/nrf52840_xxaa/nrf_atomic.c.o
 .debug_line    0x0000bc02      0x970 _build/nrf52840_xxaa/nrf_balloc.c.o
 .debug_line    0x0000c572      0x5fe _build/nrf52840_xxaa/nrf_fprintf.c.o
 .debug_line    0x0000cb70     0x105a _build/nrf52840_xxaa/nrf_fprintf_format.c.o
 .debug_line    0x0000dbca      0xc23 _build/nrf52840_xxaa/nrf_memobj.c.o
 .debug_line    0x0000e7ed      0xf21 _build/nrf52840_xxaa/nrf_pwr_mgmt.c.o
 .debug_line    0x0000f70e      0xa86 _build/nrf52840_xxaa/nrf_ringbuf.c.o
 .debug_line    0x00010194      0x614 _build/nrf52840_xxaa/nrf_section_iter.c.o
 .debug_line    0x000107a8      0x802 _build/nrf52840_xxaa/nrf_sortlist.c.o
 .debug_line    0x00010faa      0x650 _build/nrf52840_xxaa/nrf_strerror.c.o
 .debug_line    0x000115fa      0x92e _build/nrf52840_xxaa/system_nrf52840.c.o
 .debug_line    0x00011f28      0xe2f _build/nrf52840_xxaa/boards.c.o
 .debug_line    0x00012d57     0x12d7 _build/nrf52840_xxaa/nrf_drv_clock.c.o
 .debug_line    0x0001402e      0x8ee _build/nrf52840_xxaa/nrf_drv_uart.c.o
 .debug_line    0x0001491c     0x10f4 _build/nrf52840_xxaa/nrfx_clock.c.o
 .debug_line    0x00015a10     0x131c _build/nrf52840_xxaa/nrfx_rtc.c.o
 .debug_line    0x00016d2c     0x3208 _build/nrf52840_xxaa/nrfx_gpiote.c.o
 .debug_line    0x00019f34      0x9fd _build/nrf52840_xxaa/nrfx_prs.c.o
 .debug_line    0x0001a931     0x1fc3 _build/nrf52840_xxaa/nrfx_uart.c.o
 .debug_line    0x0001c8f4     0x1f1e _build/nrf52840_xxaa/nrfx_uarte.c.o
 .debug_line    0x0001e812     0x1257 _build/nrf52840_xxaa/bsp.c.o
 .debug_line    0x0001fa69     0x1058 _build/nrf52840_xxaa/main.c.o
 .debug_line    0x00020ac1     0x14d6 _build/nrf52840_xxaa/ble_advdata.c.o
 .debug_line    0x00021f97     0x111e _build/nrf52840_xxaa/nrf_sdh.c.o
 .debug_line    0x000230b5      0xbf8 _build/nrf52840_xxaa/nrf_sdh_ble.c.o
 .debug_line    0x00023cad      0x870 _build/nrf52840_xxaa/nrf_sdh_soc.c.o

.debug_info     0x00000000    0x2e696
 .debug_info    0x00000000       0x26 _build/nrf52840_xxaa/gcc_startup_nrf52840.S.o
 .debug_info    0x00000026      0x7cf _build/nrf52840_xxaa/nrf_log_backend_serial.c.o
 .debug_info    0x000007f5     0x11ee _build/nrf52840_xxaa/nrf_log_backend_uart.c.o
 .debug_info    0x000019e3      0x303 _build/nrf52840_xxaa/nrf_log_default_backends.c.o
 .debug_info    0x00001ce6     0x3b50 _build/nrf52840_xxaa/nrf_log_frontend.c.o
 .debug_info    0x00005836      0x865 _build/nrf52840_xxaa/nrf_log_str_formatter.c.o
 .debug_info    0x0000609b     0x1354 _build/nrf52840_xxaa/app_button.c.o
 .debug_info    0x000073ef      0x2c3 _build/nrf52840_xxaa/app_error.c.o
 .debug_info    0x000076b2      0x4b9 _build/nrf52840_xxaa/app_error_weak.c.o
 .debug_info    0x00007b6b     0x19d6 _build/nrf52840_xxaa/app_timer2.c.o
 .debug_info    0x00009541      0xa68 _build/nrf52840_xxaa/app_util_platform.c.o
 .debug_info    0x00009fa9     0x21ca _build/nrf52840_xxaa/drv_rtc.c.o
 .debug_info    0x0000c173      0xb5d _build/nrf52840_xxaa/nrf_atfifo.c.o
 .debug_info    0x0000ccd0      0xae3 _build/nrf52840_xxaa/nrf_atomic.c.o
 .debug_info    0x0000d7b3      0x3e8 _build/nrf52840_xxaa/nrf_balloc.c.o
 .debug_info    0x0000db9b      0x24b _build/nrf52840_xxaa/nrf_fprintf.c.o
 .debug_info    0x0000dde6      0xc73 _build/nrf52840_xxaa/nrf_fprintf_format.c.o
 .debug_info    0x0000ea59      0xb78 _build/nrf52840_xxaa/nrf_memobj.c.o
 .debug_info    0x0000f5d1     0x1325 _build/nrf52840_xxaa/nrf_pwr_mgmt.c.o
 .debug_info    0x000108f6      0x638 _build/nrf52840_xxaa/nrf_ringbuf.c.o
 .debug_info    0x00010f2e      0x1aa _build/nrf52840_xxaa/nrf_section_iter.c.o
 .debug_info    0x000110d8      0x3c3 _build/nrf52840_xxaa/nrf_sortlist.c.o
 .debug_info    0x0001149b      0x280 _build/nrf52840_xxaa/nrf_strerror.c.o
 .debug_info    0x0001171b     0x18dc _build/nrf52840_xxaa/system_nrf52840.c.o
 .debug_info    0x00012ff7      0xf22 _build/nrf52840_xxaa/boards.c.o
 .debug_info    0x00013f19     0x192d _build/nrf52840_xxaa/nrf_drv_clock.c.o
 .debug_info    0x00015846     0x11eb _build/nrf52840_xxaa/nrf_drv_uart.c.o
 .debug_info    0x00016a31     0x14a9 _build/nrf52840_xxaa/nrfx_clock.c.o
 .debug_info    0x00017eda     0x1b36 _build/nrf52840_xxaa/nrfx_rtc.c.o
 .debug_info    0x00019a10     0x3d19 _build/nrf52840_xxaa/nrfx_gpiote.c.o
 .debug_info    0x0001d729      0x806 _build/nrf52840_xxaa/nrfx_prs.c.o
 .debug_info    0x0001df2f     0x394c _build/nrf52840_xxaa/nrfx_uart.c.o
 .debug_info    0x0002187b     0x38b7 _build/nrf52840_xxaa/nrfx_uarte.c.o
 .debug_info    0x00025132     0x15eb _build/nrf52840_xxaa/bsp.c.o
 .debug_info    0x0002671d     0x1417 _build/nrf52840_xxaa/main.c.o
 .debug_info    0x00027b34     0x206e _build/nrf52840_xxaa/ble_advdata.c.o
 .debug_info    0x00029ba2     0x1867 _build/nrf52840_xxaa/nrf_sdh.c.o
 .debug_info    0x0002b409     0x2c92 _build/nrf52840_xxaa/nrf_sdh_ble.c.o
 .debug_info    0x0002e09b      0x5fb _build/nrf52840_xxaa/nrf_sdh_soc.c.o

.debug_abbrev   0x00000000     0x7866
 .debug_abbrev  0x00000000       0x14 _build/nrf52840_xxaa/gcc_startup_nrf52840.S.o
 .debug_abbrev  0x00000014      0x202 _build/nrf52840_xxaa/nrf_log_backend_serial.c.o
 .debug_abbrev  0x00000216      0x38d _build/nrf52840_xxaa/nrf_log_backend_uart.c.o
 .debug_abbrev  0x000005a3      0x190 _build/nrf52840_xxaa/nrf_log_default_backends.c.o
 .debug_abbrev  0x00000733      0x5d2 _build/nrf52840_xxaa/nrf_log_frontend.c.o
 .debug_abbrev  0x00000d05      0x21a _build/nrf52840_xxaa/nrf_log_str_formatter.c.o
 .debug_abbrev  0x00000f1f      0x35d _build/nrf52840_xxaa/app_button.c.o
 .debug_abbrev  0x0000127c      0x13b _build/nrf52840_xxaa/app_error.c.o
 .debug_abbrev  0x000013b7      0x218 _build/nrf52840_xxaa/app_error_weak.c.o
 .debug_abbrev  0x000015cf      0x504 _build/nrf52840_xxaa/app_timer2.c.o
 .debug_abbrev  0x00001ad3      0x2f8 _build/nrf52840_xxaa/app_util_platform.c.o
 .debug_abbrev  0x00001dcb      0x524 _build/nrf52840_xxaa/drv_rtc.c.o
 .debug_abbrev  0x000022ef      0x287 _build/nrf52840_xxaa/nrf_atfifo.c.o
 .debug_abbrev  0x00002576      0x205 _build/nrf52840_xxaa/nrf_atomic.c.o
 .debug_abbrev  0x0000277b      0x201 _build/nrf52840_xxaa/nrf_balloc.c.o
 .debug_abbrev  0x0000297c      0x143 _build/nrf52840_xxaa/nrf_fprintf.c.o
 .debug_abbrev  0x00002abf      0x2d2 _build/nrf52840_xxaa/nrf_fprintf_format.c.o
 .debug_abbrev  0x00002d91      0x285 _build/nrf52840_xxaa/nrf_memobj.c.o
 .debug_abbrev  0x00003016      0x462 _build/nrf52840_xxaa/nrf_pwr_mgmt.c.o
 .debug_abbrev  0x00003478      0x166 _build/nrf52840_xxaa/nrf_ringbuf.c.o
 .debug_abbrev  0x000035de       0xba _build/nrf52840_xxaa/nrf_section_iter.c.o
 .debug_abbrev  0x00003698      0x167 _build/nrf52840_xxaa/nrf_sortlist.c.o
 .debug_abbrev  0x000037ff      0x15b _build/nrf52840_xxaa/nrf_strerror.c.o
 .debug_abbrev  0x0000395a      0x321 _build/nrf52840_xxaa/system_nrf52840.c.o
 .debug_abbrev  0x00003c7b      0x345 _build/nrf52840_xxaa/boards.c.o
 .debug_abbrev  0x00003fc0      0x521 _build/nrf52840_xxaa/nrf_drv_clock.c.o
 .debug_abbrev  0x000044e1      0x22a _build/nrf52840_xxaa/nrf_drv_uart.c.o
 .debug_abbrev  0x0000470b      0x489 _build/nrf52840_xxaa/nrfx_clock.c.o
 .debug_abbrev  0x00004b94      0x4b5 _build/nrf52840_xxaa/nrfx_rtc.c.o
 .debug_abbrev  0x00005049      0x4f4 _build/nrf52840_xxaa/nrfx_gpiote.c.o
 .debug_abbrev  0x0000553d      0x282 _build/nrf52840_xxaa/nrfx_prs.c.o
 .debug_abbrev  0x000057bf      0x4f2 _build/nrf52840_xxaa/nrfx_uart.c.o
 .debug_abbrev  0x00005cb1      0x4b5 _build/nrf52840_xxaa/nrfx_uarte.c.o
 .debug_abbrev  0x00006166      0x48c _build/nrf52840_xxaa/bsp.c.o
 .debug_abbrev  0x000065f2      0x371 _build/nrf52840_xxaa/main.c.o
 .debug_abbrev  0x00006963      0x3cd _build/nrf52840_xxaa/ble_advdata.c.o
 .debug_abbrev  0x00006d30      0x4d1 _build/nrf52840_xxaa/nrf_sdh.c.o
 .debug_abbrev  0x00007201      0x465 _build/nrf52840_xxaa/nrf_sdh_ble.c.o
 .debug_abbrev  0x00007666      0x200 _build/nrf52840_xxaa/nrf_sdh_soc.c.o

.debug_aranges  0x00000000      0xd48
 .debug_aranges
                0x00000000       0x20 _build/nrf52840_xxaa/gcc_startup_nrf52840.S.o
 .debug_aranges
                0x00000020       0x20 _build/nrf52840_xxaa/nrf_log_backend_serial.c.o
 .debug_aranges
                0x00000040       0x48 _build/nrf52840_xxaa/nrf_log_backend_uart.c.o
 .debug_aranges
                0x00000088       0x20 _build/nrf52840_xxaa/nrf_log_default_backends.c.o
 .debug_aranges
                0x000000a8       0xc0 _build/nrf52840_xxaa/nrf_log_frontend.c.o
 .debug_aranges
                0x00000168       0x38 _build/nrf52840_xxaa/nrf_log_str_formatter.c.o
 .debug_aranges
                0x000001a0       0x50 _build/nrf52840_xxaa/app_button.c.o
 .debug_aranges
                0x000001f0       0x28 _build/nrf52840_xxaa/app_error.c.o
 .debug_aranges
                0x00000218       0x20 _build/nrf52840_xxaa/app_error_weak.c.o
 .debug_aranges
                0x00000238       0x78 _build/nrf52840_xxaa/app_timer2.c.o
 .debug_aranges
                0x000002b0       0x48 _build/nrf52840_xxaa/app_util_platform.c.o
 .debug_aranges
                0x000002f8       0xb0 _build/nrf52840_xxaa/drv_rtc.c.o
 .debug_aranges
                0x000003a8       0x58 _build/nrf52840_xxaa/nrf_atfifo.c.o
 .debug_aranges
                0x00000400       0xb0 _build/nrf52840_xxaa/nrf_atomic.c.o
 .debug_aranges
                0x000004b0       0x30 _build/nrf52840_xxaa/nrf_balloc.c.o
 .debug_aranges
                0x000004e0       0x28 _build/nrf52840_xxaa/nrf_fprintf.c.o
 .debug_aranges
                0x00000508       0x28 _build/nrf52840_xxaa/nrf_fprintf_format.c.o
 .debug_aranges
                0x00000530       0x50 _build/nrf52840_xxaa/nrf_memobj.c.o
 .debug_aranges
                0x00000580       0x48 _build/nrf52840_xxaa/nrf_pwr_mgmt.c.o
 .debug_aranges
                0x000005c8       0x50 _build/nrf52840_xxaa/nrf_ringbuf.c.o
 .debug_aranges
                0x00000618       0x28 _build/nrf52840_xxaa/nrf_section_iter.c.o
 .debug_aranges
                0x00000640       0x40 _build/nrf52840_xxaa/nrf_sortlist.c.o
 .debug_aranges
                0x00000680       0x28 _build/nrf52840_xxaa/nrf_strerror.c.o
 .debug_aranges
                0x000006a8       0x38 _build/nrf52840_xxaa/system_nrf52840.c.o
 .debug_aranges
                0x000006e0       0x78 _build/nrf52840_xxaa/boards.c.o
 .debug_aranges
                0x00000758       0xa8 _build/nrf52840_xxaa/nrf_drv_clock.c.o
 .debug_aranges
                0x00000800       0x30 _build/nrf52840_xxaa/nrf_drv_uart.c.o
 .debug_aranges
                0x00000830       0x78 _build/nrf52840_xxaa/nrfx_clock.c.o
 .debug_aranges
                0x000008a8       0x78 _build/nrf52840_xxaa/nrfx_rtc.c.o
 .debug_aranges
                0x00000920       0xf8 _build/nrf52840_xxaa/nrfx_gpiote.c.o
 .debug_aranges
                0x00000a18       0x30 _build/nrf52840_xxaa/nrfx_prs.c.o
 .debug_aranges
                0x00000a48       0x78 _build/nrf52840_xxaa/nrfx_uart.c.o
 .debug_aranges
                0x00000ac0       0x68 _build/nrf52840_xxaa/nrfx_uarte.c.o
 .debug_aranges
                0x00000b28       0x80 _build/nrf52840_xxaa/bsp.c.o
 .debug_aranges
                0x00000ba8       0x40 _build/nrf52840_xxaa/main.c.o
 .debug_aranges
                0x00000be8       0x78 _build/nrf52840_xxaa/ble_advdata.c.o
 .debug_aranges
                0x00000c60       0x70 _build/nrf52840_xxaa/nrf_sdh.c.o
 .debug_aranges
                0x00000cd0       0x50 _build/nrf52840_xxaa/nrf_sdh_ble.c.o
 .debug_aranges
                0x00000d20       0x28 _build/nrf52840_xxaa/nrf_sdh_soc.c.o

.debug_str      0x00000000    0xb5d9c
 .debug_str     0x00000000       0xa8 _build/nrf52840_xxaa/gcc_startup_nrf52840.S.o
 .debug_str     0x000000a8    0x8c94c _build/nrf52840_xxaa/nrf_log_backend_serial.c.o
                              0x8f06a (size before relaxing)
 .debug_str     0x0008c9f4     0x86ae _build/nrf52840_xxaa/nrf_log_backend_uart.c.o
                              0x9714d (size before relaxing)
 .debug_str     0x000950a2      0x126 _build/nrf52840_xxaa/nrf_log_default_backends.c.o
                              0x8ee0c (size before relaxing)
 .debug_str     0x000951c8     0x14ab _build/nrf52840_xxaa/nrf_log_frontend.c.o
                              0x90429 (size before relaxing)
 .debug_str     0x00096673      0x6a6 _build/nrf52840_xxaa/nrf_log_str_formatter.c.o
                              0x8f4ef (size before relaxing)
 .debug_str     0x00096d19     0x1ab3 _build/nrf52840_xxaa/app_button.c.o
                              0x97074 (size before relaxing)
 .debug_str     0x000987cc      0x121 _build/nrf52840_xxaa/app_error.c.o
                              0x79eec (size before relaxing)
 .debug_str     0x000988ed      0xa3b _build/nrf52840_xxaa/app_error_weak.c.o
                              0x8fe4d (size before relaxing)
 .debug_str     0x00099328     0x115a _build/nrf52840_xxaa/app_timer2.c.o
                              0x96de8 (size before relaxing)
 .debug_str     0x0009a482      0x2b4 _build/nrf52840_xxaa/app_util_platform.c.o
                              0x7b339 (size before relaxing)
 .debug_str     0x0009a736      0x784 _build/nrf52840_xxaa/drv_rtc.c.o
                              0x966d1 (size before relaxing)
 .debug_str     0x0009aeba      0x15c _build/nrf52840_xxaa/nrf_atfifo.c.o
                              0x8ce06 (size before relaxing)
 .debug_str     0x0009b016      0x6b9 _build/nrf52840_xxaa/nrf_atomic.c.o
                              0x8a6b9 (size before relaxing)
 .debug_str     0x0009b6cf      0x12f _build/nrf52840_xxaa/nrf_balloc.c.o
                              0x8ee10 (size before relaxing)
 .debug_str     0x0009b7fe      0x144 _build/nrf52840_xxaa/nrf_fprintf.c.o
                              0x8a2fe (size before relaxing)
 .debug_str     0x0009b942      0x511 _build/nrf52840_xxaa/nrf_fprintf_format.c.o
                              0x8a80d (size before relaxing)
 .debug_str     0x0009be53      0x1a5 _build/nrf52840_xxaa/nrf_memobj.c.o
                              0x8d19a (size before relaxing)
 .debug_str     0x0009bff8     0x1782 _build/nrf52840_xxaa/nrf_pwr_mgmt.c.o
                              0x984e1 (size before relaxing)
 .debug_str     0x0009d77a       0xdc _build/nrf52840_xxaa/nrf_ringbuf.c.o
                              0x8ba71 (size before relaxing)
 .debug_str     0x0009d856       0x54 _build/nrf52840_xxaa/nrf_section_iter.c.o
                              0x8a4cd (size before relaxing)
 .debug_str     0x0009d8aa       0xa0 _build/nrf52840_xxaa/nrf_sortlist.c.o
                              0x8cae1 (size before relaxing)
 .debug_str     0x0009d94a       0xed _build/nrf52840_xxaa/nrf_strerror.c.o
                              0x8a07e (size before relaxing)
 .debug_str     0x0009da37     0x839d _build/nrf52840_xxaa/system_nrf52840.c.o
                              0x7ea8f (size before relaxing)
 .debug_str     0x000a5dd4     0x1596 _build/nrf52840_xxaa/boards.c.o
                              0x93dea (size before relaxing)
 .debug_str     0x000a736a      0xf10 _build/nrf52840_xxaa/nrf_drv_clock.c.o
                              0x97339 (size before relaxing)
 .debug_str     0x000a827a      0x45c _build/nrf52840_xxaa/nrf_drv_uart.c.o
                              0x93b96 (size before relaxing)
 .debug_str     0x000a86d6      0x77d _build/nrf52840_xxaa/nrfx_clock.c.o
                              0x965dd (size before relaxing)
 .debug_str     0x000a8e53      0x4b3 _build/nrf52840_xxaa/nrfx_rtc.c.o
                              0x967c7 (size before relaxing)
 .debug_str     0x000a9306      0xdaf _build/nrf52840_xxaa/nrfx_gpiote.c.o
                              0x979a4 (size before relaxing)
 .debug_str     0x000aa0b5      0x31d _build/nrf52840_xxaa/nrfx_prs.c.o
                              0x95d0b (size before relaxing)
 .debug_str     0x000aa3d2      0x686 _build/nrf52840_xxaa/nrfx_uart.c.o
                              0x96f15 (size before relaxing)
 .debug_str     0x000aaa58      0x948 _build/nrf52840_xxaa/nrfx_uarte.c.o
                              0x973a8 (size before relaxing)
 .debug_str     0x000ab3a0      0xff0 _build/nrf52840_xxaa/bsp.c.o
                              0x95aaf (size before relaxing)
 .debug_str     0x000ac390     0x64ec _build/nrf52840_xxaa/main.c.o
                              0x9f473 (size before relaxing)
 .debug_str     0x000b287c     0x1842 _build/nrf52840_xxaa/ble_advdata.c.o
                              0x9158d (size before relaxing)
 .debug_str     0x000b40be      0x4d0 _build/nrf52840_xxaa/nrf_sdh.c.o
                              0x8f993 (size before relaxing)
 .debug_str     0x000b458e     0x16b2 _build/nrf52840_xxaa/nrf_sdh_ble.c.o
                              0x949f6 (size before relaxing)
 .debug_str     0x000b5c40      0x15c _build/nrf52840_xxaa/nrf_sdh_soc.c.o
                              0x8e96d (size before relaxing)

.debug_loc      0x00000000    0x1951d
 .debug_loc     0x00000000      0x1b3 _build/nrf52840_xxaa/nrf_log_backend_serial.c.o
 .debug_loc     0x000001b3      0x334 _build/nrf52840_xxaa/nrf_log_backend_uart.c.o
 .debug_loc     0x000004e7       0x31 _build/nrf52840_xxaa/nrf_log_default_backends.c.o
 .debug_loc     0x00000518     0x4910 _build/nrf52840_xxaa/nrf_log_frontend.c.o
 .debug_loc     0x00004e28      0x45d _build/nrf52840_xxaa/nrf_log_str_formatter.c.o
 .debug_loc     0x00005285      0xe6f _build/nrf52840_xxaa/app_button.c.o
 .debug_loc     0x000060f4       0xc8 _build/nrf52840_xxaa/app_error.c.o
 .debug_loc     0x000061bc       0x6f _build/nrf52840_xxaa/app_error_weak.c.o
 .debug_loc     0x0000622b      0xa33 _build/nrf52840_xxaa/app_timer2.c.o
 .debug_loc     0x00006c5e      0x1e9 _build/nrf52840_xxaa/app_util_platform.c.o
 .debug_loc     0x00006e47     0x1406 _build/nrf52840_xxaa/drv_rtc.c.o
 .debug_loc     0x0000824d      0x716 _build/nrf52840_xxaa/nrf_atfifo.c.o
 .debug_loc     0x00008963      0x587 _build/nrf52840_xxaa/nrf_atomic.c.o
 .debug_loc     0x00008eea      0x1c3 _build/nrf52840_xxaa/nrf_balloc.c.o
 .debug_loc     0x000090ad       0x54 _build/nrf52840_xxaa/nrf_fprintf.c.o
 .debug_loc     0x00009101     0x100f _build/nrf52840_xxaa/nrf_fprintf_format.c.o
 .debug_loc     0x0000a110      0xfa8 _build/nrf52840_xxaa/nrf_memobj.c.o
 .debug_loc     0x0000b0b8      0x137 _build/nrf52840_xxaa/nrf_pwr_mgmt.c.o
 .debug_loc     0x0000b1ef      0x6c0 _build/nrf52840_xxaa/nrf_ringbuf.c.o
 .debug_loc     0x0000b8af      0x173 _build/nrf52840_xxaa/nrf_sortlist.c.o
 .debug_loc     0x0000ba22      0x221 _build/nrf52840_xxaa/nrf_strerror.c.o
 .debug_loc     0x0000bc43      0x212 _build/nrf52840_xxaa/system_nrf52840.c.o
 .debug_loc     0x0000be55      0xa5e _build/nrf52840_xxaa/boards.c.o
 .debug_loc     0x0000c8b3      0x5a8 _build/nrf52840_xxaa/nrf_drv_clock.c.o
 .debug_loc     0x0000ce5b      0x1d6 _build/nrf52840_xxaa/nrf_drv_uart.c.o
 .debug_loc     0x0000d031      0x3ba _build/nrf52840_xxaa/nrfx_clock.c.o
 .debug_loc     0x0000d3eb      0xf08 _build/nrf52840_xxaa/nrfx_rtc.c.o
 .debug_loc     0x0000e2f3     0x3a1d _build/nrf52840_xxaa/nrfx_gpiote.c.o
 .debug_loc     0x00011d10      0x100 _build/nrf52840_xxaa/nrfx_prs.c.o
 .debug_loc     0x00011e10     0x1f97 _build/nrf52840_xxaa/nrfx_uart.c.o
 .debug_loc     0x00013da7     0x2058 _build/nrf52840_xxaa/nrfx_uarte.c.o
 .debug_loc     0x00015dff      0xbc5 _build/nrf52840_xxaa/bsp.c.o
 .debug_loc     0x000169c4      0x456 _build/nrf52840_xxaa/main.c.o
 .debug_loc     0x00016e1a     0x1ca7 _build/nrf52840_xxaa/ble_advdata.c.o
 .debug_loc     0x00018ac1      0x631 _build/nrf52840_xxaa/nrf_sdh.c.o
 .debug_loc     0x000190f2      0x361 _build/nrf52840_xxaa/nrf_sdh_ble.c.o
 .debug_loc     0x00019453       0xca _build/nrf52840_xxaa/nrf_sdh_soc.c.o

.debug_ranges   0x00000000     0x6398
 .debug_ranges  0x00000000       0x28 _build/nrf52840_xxaa/nrf_log_backend_serial.c.o
 .debug_ranges  0x00000028      0x110 _build/nrf52840_xxaa/nrf_log_backend_uart.c.o
 .debug_ranges  0x00000138       0x10 _build/nrf52840_xxaa/nrf_log_default_backends.c.o
 .debug_ranges  0x00000148      0x990 _build/nrf52840_xxaa/nrf_log_frontend.c.o
 .debug_ranges  0x00000ad8       0xa0 _build/nrf52840_xxaa/nrf_log_str_formatter.c.o
 .debug_ranges  0x00000b78      0x5b8 _build/nrf52840_xxaa/app_button.c.o
 .debug_ranges  0x00001130       0x18 _build/nrf52840_xxaa/app_error.c.o
 .debug_ranges  0x00001148       0x28 _build/nrf52840_xxaa/app_error_weak.c.o
 .debug_ranges  0x00001170      0x330 _build/nrf52840_xxaa/app_timer2.c.o
 .debug_ranges  0x000014a0       0xe8 _build/nrf52840_xxaa/app_util_platform.c.o
 .debug_ranges  0x00001588      0x3b0 _build/nrf52840_xxaa/drv_rtc.c.o
 .debug_ranges  0x00001938      0x1a8 _build/nrf52840_xxaa/nrf_atfifo.c.o
 .debug_ranges  0x00001ae0      0x228 _build/nrf52840_xxaa/nrf_atomic.c.o
 .debug_ranges  0x00001d08       0x70 _build/nrf52840_xxaa/nrf_balloc.c.o
 .debug_ranges  0x00001d78       0x18 _build/nrf52840_xxaa/nrf_fprintf.c.o
 .debug_ranges  0x00001d90      0x3b8 _build/nrf52840_xxaa/nrf_fprintf_format.c.o
 .debug_ranges  0x00002148       0xb8 _build/nrf52840_xxaa/nrf_memobj.c.o
 .debug_ranges  0x00002200      0x138 _build/nrf52840_xxaa/nrf_pwr_mgmt.c.o
 .debug_ranges  0x00002338       0x40 _build/nrf52840_xxaa/nrf_ringbuf.c.o
 .debug_ranges  0x00002378       0x18 _build/nrf52840_xxaa/nrf_section_iter.c.o
 .debug_ranges  0x00002390       0x30 _build/nrf52840_xxaa/nrf_sortlist.c.o
 .debug_ranges  0x000023c0       0xa0 _build/nrf52840_xxaa/nrf_strerror.c.o
 .debug_ranges  0x00002460      0x140 _build/nrf52840_xxaa/system_nrf52840.c.o
 .debug_ranges  0x000025a0      0x638 _build/nrf52840_xxaa/boards.c.o
 .debug_ranges  0x00002bd8      0x3b0 _build/nrf52840_xxaa/nrf_drv_clock.c.o
 .debug_ranges  0x00002f88       0x20 _build/nrf52840_xxaa/nrf_drv_uart.c.o
 .debug_ranges  0x00002fa8      0x2e8 _build/nrf52840_xxaa/nrfx_clock.c.o
 .debug_ranges  0x00003290      0x2f8 _build/nrf52840_xxaa/nrfx_rtc.c.o
 .debug_ranges  0x00003588     0x1300 _build/nrf52840_xxaa/nrfx_gpiote.c.o
 .debug_ranges  0x00004888       0x60 _build/nrf52840_xxaa/nrfx_prs.c.o
 .debug_ranges  0x000048e8      0x618 _build/nrf52840_xxaa/nrfx_uart.c.o
 .debug_ranges  0x00004f00      0x580 _build/nrf52840_xxaa/nrfx_uarte.c.o
 .debug_ranges  0x00005480      0x250 _build/nrf52840_xxaa/bsp.c.o
 .debug_ranges  0x000056d0      0x268 _build/nrf52840_xxaa/main.c.o